124.65.128.90 - - [06/Sep/2015:07:22:54 +0000] "GET / HTTP/1.1" 200 2993 "-" "Mozilla/5.0 (Macintosh; Intel Mac OS X 10_10_2) AppleWebKit/537.36 (KHTML, like Gecko) Chrome/44.0.2403.157 Safari/537.36" "-"
124.193.134.250 - - [06/Sep/2015:07:22:58 +0000] "GET /themes/pmahomme/jquery/jquery-ui-1.11.2.css HTTP/1.1" 304 0 "http://123.57.144.6:81/" "Mozilla/5.0 (Macintosh; Intel Mac OS X 10_10_2) AppleWebKit/537.36 (KHTML, like Gecko) Chrome/44.0.2403.157 Safari/537.36" "-"
124.65.128.90 - - [06/Sep/2015:07:22:58 +0000] "GET /js/whitelist.php?lang=zh_CN&db=&token=19862910388ff870e23aa992d70d8933 HTTP/1.1" 200 510 "http://123.57.144.6:81/" "Mozilla/5.0 (Macintosh; Intel Mac OS X 10_10_2) AppleWebKit/537.36 (KHTML, like Gecko) Chrome/44.0.2403.157 Safari/537.36" "-"
124.65.128.90 - - [06/Sep/2015:07:22:58 +0000] "GET /themes/pmahomme/img/logo_right.png HTTP/1.1" 304 0 "http://123.57.144.6:81/" "Mozilla/5.0 (Macintosh; Intel Mac OS X 10_10_2) AppleWebKit/537.36 (KHTML, like Gecko) Chrome/44.0.2403.157 Safari/537.36" "-"
124.65.128.90 - - [06/Sep/2015:07:22:58 +0000] "GET /themes/dot.gif HTTP/1.1" 304 0 "http://123.57.144.6:81/" "Mozilla/5.0 (Macintosh; Intel Mac OS X 10_10_2) AppleWebKit/537.36 (KHTML, like Gecko) Chrome/44.0.2403.157 Safari/537.36" "-"
124.65.128.90 - - [06/Sep/2015:07:22:58 +0000] "GET /js/messages.php?lang=zh_CN&db=&token=19862910388ff870e23aa992d70d8933 HTTP/1.1" 200 8231 "http://123.57.144.6:81/" "Mozilla/5.0 (Macintosh; Intel Mac OS X 10_10_2) AppleWebKit/537.36 (KHTML, like Gecko) Chrome/44.0.2403.157 Safari/537.36" "-"
124.193.134.250 - - [06/Sep/2015:07:22:59 +0000] "GET /js/get_image.js.php?theme=pmahomme HTTP/1.1" 200 1824 "http://123.57.144.6:81/" "Mozilla/5.0 (Macintosh; Intel Mac OS X 10_10_2) AppleWebKit/537.36 (KHTML, like Gecko) Chrome/44.0.2403.157 Safari/537.36" "-"
124.65.128.90 - - [06/Sep/2015:07:22:59 +0000] "GET /phpmyadmin.css.php?nocache=2878888009ltr HTTP/1.1" 200 21416 "http://123.57.144.6:81/" "Mozilla/5.0 (Macintosh; Intel Mac OS X 10_10_2) AppleWebKit/537.36 (KHTML, like Gecko) Chrome/44.0.2403.157 Safari/537.36" "-"
124.193.134.250 - - [06/Sep/2015:07:23:01 +0000] "GET /js/get_scripts.js.php?scripts%5B%5D=jquery/jquery-1.11.1.min.js&scripts%5B%5D=sprintf.js&scripts%5B%5D=ajax.js&scripts%5B%5D=keyhandler.js&scripts%5B%5D=jquery/jquery-ui-1.11.2.min.js&scripts%5B%5D=jquery/jquery.cookie.js&scripts%5B%5D=jquery/jquery.mousewheel.js&scripts%5B%5D=jquery/jquery.event.drag-2.2.js&scripts%5B%5D=jquery/jquery-ui-timepicker-addon.js&scripts%5B%5D=jquery/jquery.ba-hashchange-1.3.js&scripts%5B%5D=jquery/jquery.debounce-1.0.5.js&scripts%5B%5D=menu-resizer.js&scripts%5B%5D=cross_framing_protection.js&scripts%5B%5D=rte.js&scripts%5B%5D=tracekit/tracekit.js&scripts%5B%5D=error_report.js&scripts%5B%5D=doclinks.js&scripts%5B%5D=functions.js&scripts%5B%5D=navigation.js&scripts%5B%5D=indexes.js&scripts%5B%5D=common.js&scripts%5B%5D=codemirror/lib/codemirror.js&scripts%5B%5D=codemirror/mode/sql/sql.js&scripts%5B%5D=codemirror/addon/runmode/runmode.js&scripts%5B%5D=codemirror/addon/hint/show-hint.js&scripts%5B%5D=codemirror/addon/hint/sql-hint.js&scripts%5B%5D=console.js HTTP/1.1" 200 331779 "http://123.57.144.6:81/" "Mozilla/5.0 (Macintosh; Intel Mac OS X 10_10_2) AppleWebKit/537.36 (KHTML, like Gecko) Chrome/44.0.2403.157 Safari/537.36" "-"
124.193.134.250 - - [06/Sep/2015:07:23:02 +0000] "GET /themes/pmahomme/img/sprites.png HTTP/1.1" 304 0 "http://123.57.144.6:81/phpmyadmin.css.php?nocache=2878888009ltr" "Mozilla/5.0 (Macintosh; Intel Mac OS X 10_10_2) AppleWebKit/537.36 (KHTML, like Gecko) Chrome/44.0.2403.157 Safari/537.36" "-"
124.193.134.250 - - [06/Sep/2015:07:23:02 +0000] "GET /favicon.ico HTTP/1.1" 200 18902 "http://123.57.144.6:81/" "Mozilla/5.0 (Macintosh; Intel Mac OS X 10_10_2) AppleWebKit/537.36 (KHTML, like Gecko) Chrome/44.0.2403.157 Safari/537.36" "-"
222.186.31.145 - - [06/Sep/2015:07:27:44 +0000] "POST http://123.249.24.233/POST_ip_port.php HTTP/1.0" 404 570 "http://123.249.24.233/POST_ip_port.phpAccept: */*" "Mozilla/4.0 (compatible; MSIE 9.0; Windows NT 6.1; 125LA; .NET CLR 2.0.50727; .NET CLR 3.0.04506.648; .NET CLR 3.5.21022)" "-"
222.186.129.5 - - [06/Sep/2015:07:37:58 +0000] "POST http://123.249.24.233/POST_ip_port.php HTTP/1.1" 404 570 "http://123.249.24.233/POST_ip_port.phpAccept: */*" "Mozilla/4.0 (compatible; MSIE 9.0; Windows NT 6.1; 125LA; .NET CLR 2.0.50727; .NET CLR 3.0.04506.648; .NET CLR 3.5.21022)" "-"
222.186.129.5 - - [06/Sep/2015:07:47:59 +0000] "POST http://123.249.24.233/POST_ip_port.php HTTP/1.1" 404 570 "http://123.249.24.233/POST_ip_port.phpAccept: */*" "Mozilla/4.0 (compatible; MSIE 9.0; Windows NT 6.1; 125LA; .NET CLR 2.0.50727; .NET CLR 3.0.04506.648; .NET CLR 3.5.21022)" "-"
222.186.129.5 - - [06/Sep/2015:07:54:03 +0000] "POST http://123.249.24.233/POST_ip_port.php HTTP/1.1" 404 570 "http://123.249.24.233/POST_ip_port.phpAccept: */*" "Mozilla/4.0 (compatible; MSIE 9.0; Windows NT 6.1; 125LA; .NET CLR 2.0.50727; .NET CLR 3.0.04506.648; .NET CLR 3.5.21022)" "-"
222.186.31.145 - - [06/Sep/2015:08:05:08 +0000] "POST http://123.249.24.233/POST_ip_port.php HTTP/1.0" 404 570 "http://123.249.24.233/POST_ip_port.phpAccept: */*" "Mozilla/4.0 (compatible; MSIE 9.0; Windows NT 6.1; 125LA; .NET CLR 2.0.50727; .NET CLR 3.0.04506.648; .NET CLR 3.5.21022)" "-"
222.186.31.145 - - [06/Sep/2015:08:05:47 +0000] "POST http://123.249.24.233/POST_ip_port.php HTTP/1.0" 404 570 "http://123.249.24.233/POST_ip_port.phpAccept: */*" "Mozilla/4.0 (compatible; MSIE 9.0; Windows NT 6.1; 125LA; .NET CLR 2.0.50727; .NET CLR 3.0.04506.648; .NET CLR 3.5.21022)" "-"
222.186.129.5 - - [06/Sep/2015:08:50:02 +0000] "POST http://123.249.24.233/POST_ip_port.php HTTP/1.1" 404 570 "http://123.249.24.233/POST_ip_port.phpAccept: */*" "Mozilla/4.0 (compatible; MSIE 9.0; Windows NT 6.1; 125LA; .NET CLR 2.0.50727; .NET CLR 3.0.04506.648; .NET CLR 3.5.21022)" "-"
123.125.1.167 - - [06/Sep/2015:08:55:12 +0000] "GET /api/release/save?id=73&pay=%E2%88%9A%E5%B7%B2%E6%94%B6%E8%B4%A7&token=hehedaxq123 HTTP/1.1" 200 11 "-" "Mozilla/4.0 (compatible; MSIE 6.0; Windows NT 5.0)" "-"
123.125.1.167 - - [06/Sep/2015:08:55:12 +0000] "GET /api/release/select?token=hehedaxq123 HTTP/1.1" 200 25911 "-" "Mozilla/4.0 (compatible; MSIE 6.0; Windows NT 5.0)" "-"
123.125.1.167 - - [06/Sep/2015:08:55:28 +0000] "GET /api/release/save?id=73&pay=%E2%88%9A%E5%B7%B2%E6%94%B6%E8%B4%A7&token=hehedaxq123 HTTP/1.1" 200 11 "-" "Mozilla/4.0 (compatible; MSIE 6.0; Windows NT 5.0)" "-"
123.125.1.167 - - [06/Sep/2015:08:55:28 +0000] "GET /api/release/select?token=hehedaxq123 HTTP/1.1" 200 25911 "-" "Mozilla/4.0 (compatible; MSIE 6.0; Windows NT 5.0)" "-"
123.125.1.167 - - [06/Sep/2015:08:55:38 +0000] "GET /api/release/save?id=74&pay=%E2%88%9A%E5%B7%B2%E6%94%B6%E8%B4%A7&token=hehedaxq123 HTTP/1.1" 200 11 "-" "Mozilla/4.0 (compatible; MSIE 6.0; Windows NT 5.0)" "-"
123.125.1.167 - - [06/Sep/2015:08:55:38 +0000] "GET /api/release/select?token=hehedaxq123 HTTP/1.1" 200 25911 "-" "Mozilla/4.0 (compatible; MSIE 6.0; Windows NT 5.0)" "-"
42.184.19.109 - - [06/Sep/2015:09:00:35 +0000] "GET http://www.iciba.com/ HTTP/1.1" 403 570 "http://www.iciba.com/" "Mozilla/5.0 (compatible; MSIE 9.0; Windows NT 6.1; Trident/5.0)" "-"
222.186.129.5 - - [06/Sep/2015:09:02:12 +0000] "POST http://123.249.24.233/POST_ip_port.php HTTP/1.1" 404 570 "http://123.249.24.233/POST_ip_port.phpAccept: */*" "Mozilla/4.0 (compatible; MSIE 9.0; Windows NT 6.1; 125LA; .NET CLR 2.0.50727; .NET CLR 3.0.04506.648; .NET CLR 3.5.21022)" "-"
222.186.129.5 - - [06/Sep/2015:09:13:40 +0000] "POST http://123.249.24.233/POST_ip_port.php HTTP/1.1" 404 570 "http://123.249.24.233/POST_ip_port.phpAccept: */*" "Mozilla/4.0 (compatible; MSIE 9.0; Windows NT 6.1; 125LA; .NET CLR 2.0.50727; .NET CLR 3.0.04506.648; .NET CLR 3.5.21022)" "-"
222.186.31.145 - - [06/Sep/2015:09:13:59 +0000] "POST http://123.249.24.233/POST_ip_port.php HTTP/1.0" 404 570 "http://123.249.24.233/POST_ip_port.phpAccept: */*" "Mozilla/4.0 (compatible; MSIE 9.0; Windows NT 6.1; 125LA; .NET CLR 2.0.50727; .NET CLR 3.0.04506.648; .NET CLR 3.5.21022)" "-"
222.186.129.5 - - [06/Sep/2015:09:46:35 +0000] "POST http://123.249.24.233/POST_ip_port.php HTTP/1.1" 404 570 "http://123.249.24.233/POST_ip_port.phpAccept: */*" "Mozilla/4.0 (compatible; MSIE 9.0; Windows NT 6.1; 125LA; .NET CLR 2.0.50727; .NET CLR 3.0.04506.648; .NET CLR 3.5.21022)" "-"
222.186.31.145 - - [06/Sep/2015:10:05:00 +0000] "POST http://123.249.24.233/POST_ip_port.php HTTP/1.0" 404 570 "http://123.249.24.233/POST_ip_port.phpAccept: */*" "Mozilla/4.0 (compatible; MSIE 9.0; Windows NT 6.1; 125LA; .NET CLR 2.0.50727; .NET CLR 3.0.04506.648; .NET CLR 3.5.21022)" "-"
178.154.243.102 - - [06/Sep/2015:10:12:24 +0000] "GET /robots.txt HTTP/1.1" 404 0 "-" "Mozilla/5.0 (compatible; YandexBot/3.0; +http://yandex.com/bots)" "-"
220.134.106.253 - - [06/Sep/2015:10:16:18 +0000] "GET /phpMyAdmin/scripts/setup.php HTTP/1.1" 404 27 "-" "-" "-"
220.134.106.253 - - [06/Sep/2015:10:16:23 +0000] "GET /pma/scripts/setup.php HTTP/1.1" 404 27 "-" "-" "-"
220.134.106.253 - - [06/Sep/2015:10:16:28 +0000] "GET /myadmin/scripts/setup.php HTTP/1.1" 404 27 "-" "-" "-"
59.56.69.195 - - [06/Sep/2015:10:24:36 +0000] "GET / HTTP/1.1" 403 0 "http://www.baidu.com" "Mozilla/5.0 (Windows NT 6.1; WOW64) AppleWebKit/537.36 (KHTML, like Gecko) Chrome/41.0.2272.101 Safari/537.36" "-"
222.186.129.5 - - [06/Sep/2015:10:53:12 +0000] "POST http://123.249.24.233/POST_ip_port.php HTTP/1.1" 404 570 "http://123.249.24.233/POST_ip_port.phpAccept: */*" "Mozilla/4.0 (compatible; MSIE 9.0; Windows NT 6.1; 125LA; .NET CLR 2.0.50727; .NET CLR 3.0.04506.648; .NET CLR 3.5.21022)" "-"
222.186.31.145 - - [06/Sep/2015:10:53:28 +0000] "POST http://123.249.24.233/POST_ip_port.php HTTP/1.0" 404 570 "http://123.249.24.233/POST_ip_port.phpAccept: */*" "Mozilla/4.0 (compatible; MSIE 9.0; Windows NT 6.1; 125LA; .NET CLR 2.0.50727; .NET CLR 3.0.04506.648; .NET CLR 3.5.21022)" "-"
222.186.129.5 - - [06/Sep/2015:11:05:34 +0000] "POST http://123.249.24.233/POST_ip_port.php HTTP/1.1" 404 570 "http://123.249.24.233/POST_ip_port.phpAccept: */*" "Mozilla/4.0 (compatible; MSIE 9.0; Windows NT 6.1; 125LA; .NET CLR 2.0.50727; .NET CLR 3.0.04506.648; .NET CLR 3.5.21022)" "-"
222.186.129.5 - - [06/Sep/2015:11:15:54 +0000] "POST http://123.249.24.233/POST_ip_port.php HTTP/1.1" 404 570 "http://123.249.24.233/POST_ip_port.phpAccept: */*" "Mozilla/4.0 (compatible; MSIE 9.0; Windows NT 6.1; 125LA; .NET CLR 2.0.50727; .NET CLR 3.0.04506.648; .NET CLR 3.5.21022)" "-"
222.186.129.5 - - [06/Sep/2015:11:16:05 +0000] "POST http://123.249.24.233/POST_ip_port.php HTTP/1.1" 404 570 "http://123.249.24.233/POST_ip_port.phpAccept: */*" "Mozilla/4.0 (compatible; MSIE 9.0; Windows NT 6.1; 125LA; .NET CLR 2.0.50727; .NET CLR 3.0.04506.648; .NET CLR 3.5.21022)" "-"
195.154.165.177 - - [06/Sep/2015:11:21:25 +0000] "GET / HTTP/1.1" 403 168 "-" "Mozilla/5.0 (Windows NT 5.1)" "-"
222.186.129.5 - - [06/Sep/2015:11:32:36 +0000] "POST http://123.249.24.233/POST_ip_port.php HTTP/1.1" 404 570 "http://123.249.24.233/POST_ip_port.phpAccept: */*" "Mozilla/4.0 (compatible; MSIE 9.0; Windows NT 6.1; 125LA; .NET CLR 2.0.50727; .NET CLR 3.0.04506.648; .NET CLR 3.5.21022)" "-"
222.186.129.5 - - [06/Sep/2015:11:39:06 +0000] "POST http://123.249.24.233/POST_ip_port.php HTTP/1.1" 404 570 "http://123.249.24.233/POST_ip_port.phpAccept: */*" "Mozilla/4.0 (compatible; MSIE 9.0; Windows NT 6.1; 125LA; .NET CLR 2.0.50727; .NET CLR 3.0.04506.648; .NET CLR 3.5.21022)" "-"
222.186.129.5 - - [06/Sep/2015:12:01:14 +0000] "POST http://123.249.24.233/POST_ip_port.php HTTP/1.1" 404 570 "http://123.249.24.233/POST_ip_port.phpAccept: */*" "Mozilla/4.0 (compatible; MSIE 9.0; Windows NT 6.1; 125LA; .NET CLR 2.0.50727; .NET CLR 3.0.04506.648; .NET CLR 3.5.21022)" "-"
222.186.129.5 - - [06/Sep/2015:12:01:26 +0000] "POST http://123.249.24.233/POST_ip_port.php HTTP/1.1" 404 570 "http://123.249.24.233/POST_ip_port.phpAccept: */*" "Mozilla/4.0 (compatible; MSIE 9.0; Windows NT 6.1; 125LA; .NET CLR 2.0.50727; .NET CLR 3.0.04506.648; .NET CLR 3.5.21022)" "-"
222.45.51.236 - - [06/Sep/2015:12:14:20 +0000] "GET / HTTP/1.1" 200 5362 "-" "Mozilla/4.0 (compatible; MSIE 6.0; Windows NT 5.1" "-"
222.186.129.5 - - [06/Sep/2015:12:34:02 +0000] "POST http://123.249.24.233/POST_ip_port.php HTTP/1.1" 404 570 "http://123.249.24.233/POST_ip_port.phpAccept: */*" "Mozilla/4.0 (compatible; MSIE 9.0; Windows NT 6.1; 125LA; .NET CLR 2.0.50727; .NET CLR 3.0.04506.648; .NET CLR 3.5.21022)" "-"
222.186.129.5 - - [06/Sep/2015:12:34:13 +0000] "POST http://123.249.24.233/POST_ip_port.php HTTP/1.1" 404 570 "http://123.249.24.233/POST_ip_port.phpAccept: */*" "Mozilla/4.0 (compatible; MSIE 9.0; Windows NT 6.1; 125LA; .NET CLR 2.0.50727; .NET CLR 3.0.04506.648; .NET CLR 3.5.21022)" "-"
222.186.31.145 - - [06/Sep/2015:12:45:40 +0000] "POST http://123.249.24.233/POST_ip_port.php HTTP/1.0" 404 570 "http://123.249.24.233/POST_ip_port.phpAccept: */*" "Mozilla/4.0 (compatible; MSIE 9.0; Windows NT 6.1; 125LA; .NET CLR 2.0.50727; .NET CLR 3.0.04506.648; .NET CLR 3.5.21022)" "-"
222.186.31.145 - - [06/Sep/2015:13:23:32 +0000] "POST http://123.249.24.233/POST_ip_port.php HTTP/1.0" 404 570 "http://123.249.24.233/POST_ip_port.phpAccept: */*" "Mozilla/4.0 (compatible; MSIE 9.0; Windows NT 6.1; 125LA; .NET CLR 2.0.50727; .NET CLR 3.0.04506.648; .NET CLR 3.5.21022)" "-"
123.125.1.167 - - [06/Sep/2015:13:52:45 +0000] "GET /api/release/save?id=75&pay=%E2%88%9A%E5%B7%B2%E6%94%B6%E8%B4%A7&token=hehedaxq123 HTTP/1.1" 200 11 "-" "Mozilla/4.0 (compatible; MSIE 6.0; Windows NT 5.0)" "-"
123.125.1.167 - - [06/Sep/2015:13:52:45 +0000] "GET /api/release/select?token=hehedaxq123 HTTP/1.1" 200 25911 "-" "Mozilla/4.0 (compatible; MSIE 6.0; Windows NT 5.0)" "-"
222.186.30.211 - - [06/Sep/2015:13:58:20 +0000] "POST http://123.249.24.233/POST_ip_port.php HTTP/1.0" 404 570 "http://123.249.24.233/POST_ip_port.phpAccept: */*" "Mozilla/4.0 (compatible; MSIE 9.0; Windows NT 6.1; 125LA; .NET CLR 2.0.50727; .NET CLR 3.0.04506.648; .NET CLR 3.5.21022)" "-"
123.125.1.167 - - [06/Sep/2015:14:04:15 +0000] "GET /api/release/select?token=hehedaxq123 HTTP/1.1" 200 25911 "-" "Mozilla/4.0 (compatible; MSIE 6.0; Windows NT 5.0)" "-"
123.125.1.167 - - [06/Sep/2015:14:05:11 +0000] "GET /api/release/add?token=hehedaxq123&lian=%32%36&qq=%31%36%38%35%34%33%38&qtnc=%E5%85%94%E5%AD%90&tbnc=%E7%88%B1%E5%B9%B3%E5%B9%B3%E5%90%96%20&ip=%E5%B9%BF%E4%B8%9C&benjin=%33%36%30%30&yongjin=%31%30&bianhao=%31%31%38%32%33%34%31%30%32%36%38%39%31%39%38%31&pay=%C3%97%E6%9C%AA%E5%8F%91%E8%B4%A7&free=%E8%BF%9C%E7%A8%8B&ordertime=%32%30%31%35%E5%B9%B4%39%E6%9C%88%36%E6%97%A5 HTTP/1.1" 200 11 "-" "Mozilla/4.0 (compatible; MSIE 6.0; Windows NT 5.0)" "-"
123.125.1.167 - - [06/Sep/2015:14:05:11 +0000] "GET /api/release/select?token=hehedaxq123 HTTP/1.1" 200 26216 "-" "Mozilla/4.0 (compatible; MSIE 6.0; Windows NT 5.0)" "-"
222.186.129.5 - - [06/Sep/2015:14:22:05 +0000] "POST http://123.249.24.233/POST_ip_port.php HTTP/1.1" 404 570 "http://123.249.24.233/POST_ip_port.phpAccept: */*" "Mozilla/4.0 (compatible; MSIE 9.0; Windows NT 6.1; 125LA; .NET CLR 2.0.50727; .NET CLR 3.0.04506.648; .NET CLR 3.5.21022)" "-"
222.186.129.5 - - [06/Sep/2015:14:41:35 +0000] "POST http://123.249.24.233/POST_ip_port.php HTTP/1.1" 404 570 "http://123.249.24.233/POST_ip_port.phpAccept: */*" "Mozilla/4.0 (compatible; MSIE 9.0; Windows NT 6.1; 125LA; .NET CLR 2.0.50727; .NET CLR 3.0.04506.648; .NET CLR 3.5.21022)" "-"
122.235.191.132 - - [06/Sep/2015:15:01:27 +0000] "GET / HTTP/1.0" 403 168 "-" "-" "-"
115.205.7.70 - - [06/Sep/2015:15:01:28 +0000] "GET / HTTP/1.1" 200 5362 "-" "-" "-"
115.200.237.135 - - [06/Sep/2015:15:01:28 +0000] "GET / HTTP/1.1" 200 5362 "-" "Mozilla/5.0 (compatible; Nmap Scripting Engine; http://nmap.org/book/nse.html)" "-"
115.205.0.173 - - [06/Sep/2015:15:01:28 +0000] "GET / HTTP/1.0" 403 168 "-" "-" "-"
222.186.30.211 - - [06/Sep/2015:15:01:30 +0000] "POST http://123.249.24.233/POST_ip_port.php HTTP/1.0" 404 570 "http://123.249.24.233/POST_ip_port.phpAccept: */*" "Mozilla/4.0 (compatible; MSIE 9.0; Windows NT 6.1; 125LA; .NET CLR 2.0.50727; .NET CLR 3.0.04506.648; .NET CLR 3.5.21022)" "-"
220.181.108.106 - - [06/Sep/2015:15:01:50 +0000] "GET / HTTP/1.1" 403 168 "-" "Mozilla/5.0 (compatible; Baiduspider/2.0; +http://www.baidu.com/search/spider.html)" "-"
222.186.129.5 - - [06/Sep/2015:15:13:09 +0000] "POST http://123.249.24.233/POST_ip_port.php HTTP/1.1" 404 570 "http://123.249.24.233/POST_ip_port.phpAccept: */*" "Mozilla/4.0 (compatible; MSIE 9.0; Windows NT 6.1; 125LA; .NET CLR 2.0.50727; .NET CLR 3.0.04506.648; .NET CLR 3.5.21022)" "-"
222.186.129.5 - - [06/Sep/2015:15:32:48 +0000] "POST http://123.249.24.233/POST_ip_port.php HTTP/1.1" 404 570 "http://123.249.24.233/POST_ip_port.phpAccept: */*" "Mozilla/4.0 (compatible; MSIE 9.0; Windows NT 6.1; 125LA; .NET CLR 2.0.50727; .NET CLR 3.0.04506.648; .NET CLR 3.5.21022)" "-"
222.186.30.211 - - [06/Sep/2015:15:40:14 +0000] "POST http://123.249.24.233/POST_ip_port.php HTTP/1.0" 404 570 "http://123.249.24.233/POST_ip_port.phpAccept: */*" "Mozilla/4.0 (compatible; MSIE 9.0; Windows NT 6.1; 125LA; .NET CLR 2.0.50727; .NET CLR 3.0.04506.648; .NET CLR 3.5.21022)" "-"
111.20.248.74 - - [06/Sep/2015:15:45:13 +0000] "GET / HTTP/1.1" 403 0 "http://www.baidu.com" "Mozilla/5.0 (Windows NT 6.1; WOW64) AppleWebKit/537.36 (KHTML, like Gecko) Chrome/41.0.2272.101 Safari/537.36" "-"
111.20.248.74 - - [06/Sep/2015:15:45:13 +0000] "GET / HTTP/1.1" 403 570 "http://www.baidu.com" "Mozilla/5.0 (Windows NT 6.1; WOW64) AppleWebKit/537.36 (KHTML, like Gecko) Chrome/41.0.2272.101 Safari/537.36" "-"
111.20.248.74 - - [06/Sep/2015:15:45:13 +0000] "GET / HTTP/1.1" 403 570 "http://www.baidu.com" "Mozilla/5.0 (Windows NT 6.1; WOW64) AppleWebKit/537.36 (KHTML, like Gecko) Chrome/41.0.2272.101 Safari/537.36" "-"
222.186.129.5 - - [06/Sep/2015:15:49:26 +0000] "POST http://123.249.24.233/POST_ip_port.php HTTP/1.1" 404 570 "http://123.249.24.233/POST_ip_port.phpAccept: */*" "Mozilla/4.0 (compatible; MSIE 9.0; Windows NT 6.1; 125LA; .NET CLR 2.0.50727; .NET CLR 3.0.04506.648; .NET CLR 3.5.21022)" "-"
222.186.31.145 - - [06/Sep/2015:15:54:55 +0000] "POST http://123.249.24.233/POST_ip_port.php HTTP/1.0" 404 570 "http://123.249.24.233/POST_ip_port.phpAccept: */*" "Mozilla/4.0 (compatible; MSIE 9.0; Windows NT 6.1; 125LA; .NET CLR 2.0.50727; .NET CLR 3.0.04506.648; .NET CLR 3.5.21022)" "-"
222.186.30.211 - - [06/Sep/2015:16:01:39 +0000] "POST http://123.249.24.233/POST_ip_port.php HTTP/1.0" 404 570 "http://123.249.24.233/POST_ip_port.phpAccept: */*" "Mozilla/4.0 (compatible; MSIE 9.0; Windows NT 6.1; 125LA; .NET CLR 2.0.50727; .NET CLR 3.0.04506.648; .NET CLR 3.5.21022)" "-"
222.186.31.145 - - [06/Sep/2015:16:01:47 +0000] "POST http://123.249.24.233/POST_ip_port.php HTTP/1.0" 404 570 "http://123.249.24.233/POST_ip_port.phpAccept: */*" "Mozilla/4.0 (compatible; MSIE 9.0; Windows NT 6.1; 125LA; .NET CLR 2.0.50727; .NET CLR 3.0.04506.648; .NET CLR 3.5.21022)" "-"
222.186.31.145 - - [06/Sep/2015:16:01:47 +0000] "POST http://123.249.24.233/POST_ip_port.php HTTP/1.0" 404 570 "http://123.249.24.233/POST_ip_port.phpAccept: */*" "Mozilla/4.0 (compatible; MSIE 9.0; Windows NT 6.1; 125LA; .NET CLR 2.0.50727; .NET CLR 3.0.04506.648; .NET CLR 3.5.21022)" "-"
222.186.129.5 - - [06/Sep/2015:16:30:29 +0000] "POST http://123.249.24.233/POST_ip_port.php HTTP/1.1" 404 570 "http://123.249.24.233/POST_ip_port.phpAccept: */*" "Mozilla/4.0 (compatible; MSIE 9.0; Windows NT 6.1; 125LA; .NET CLR 2.0.50727; .NET CLR 3.0.04506.648; .NET CLR 3.5.21022)" "-"
222.186.129.5 - - [06/Sep/2015:16:42:16 +0000] "POST http://123.249.24.233/POST_ip_port.php HTTP/1.1" 404 570 "http://123.249.24.233/POST_ip_port.phpAccept: */*" "Mozilla/4.0 (compatible; MSIE 9.0; Windows NT 6.1; 125LA; .NET CLR 2.0.50727; .NET CLR 3.0.04506.648; .NET CLR 3.5.21022)" "-"
114.35.72.141 - - [06/Sep/2015:16:48:30 +0000] "GET /phpMyAdmin/scripts/setup.php HTTP/1.1" 404 27 "-" "-" "-"
114.35.72.141 - - [06/Sep/2015:16:48:36 +0000] "GET /pma/scripts/setup.php HTTP/1.1" 404 27 "-" "-" "-"
114.35.72.141 - - [06/Sep/2015:16:48:41 +0000] "GET /myadmin/scripts/setup.php HTTP/1.1" 404 27 "-" "-" "-"
222.186.129.5 - - [06/Sep/2015:16:58:42 +0000] "POST http://123.249.24.233/POST_ip_port.php HTTP/1.1" 404 570 "http://123.249.24.233/POST_ip_port.phpAccept: */*" "Mozilla/4.0 (compatible; MSIE 9.0; Windows NT 6.1; 125LA; .NET CLR 2.0.50727; .NET CLR 3.0.04506.648; .NET CLR 3.5.21022)" "-"
222.186.31.145 - - [06/Sep/2015:17:15:34 +0000] "POST http://123.249.24.233/POST_ip_port.php HTTP/1.0" 404 570 "http://123.249.24.233/POST_ip_port.phpAccept: */*" "Mozilla/4.0 (compatible; MSIE 9.0; Windows NT 6.1; 125LA; .NET CLR 2.0.50727; .NET CLR 3.0.04506.648; .NET CLR 3.5.21022)" "-"
222.186.30.211 - - [06/Sep/2015:17:21:58 +0000] "POST http://123.249.24.233/POST_ip_port.php HTTP/1.0" 404 570 "http://123.249.24.233/POST_ip_port.phpAccept: */*" "Mozilla/4.0 (compatible; MSIE 9.0; Windows NT 6.1; 125LA; .NET CLR 2.0.50727; .NET CLR 3.0.04506.648; .NET CLR 3.5.21022)" "-"
222.186.30.211 - - [06/Sep/2015:17:50:32 +0000] "POST http://123.249.24.233/POST_ip_port.php HTTP/1.0" 404 570 "http://123.249.24.233/POST_ip_port.phpAccept: */*" "Mozilla/4.0 (compatible; MSIE 9.0; Windows NT 6.1; 125LA; .NET CLR 2.0.50727; .NET CLR 3.0.04506.648; .NET CLR 3.5.21022)" "-"
222.186.30.211 - - [06/Sep/2015:18:10:50 +0000] "POST http://123.249.24.233/POST_ip_port.php HTTP/1.0" 404 570 "http://123.249.24.233/POST_ip_port.phpAccept: */*" "Mozilla/4.0 (compatible; MSIE 9.0; Windows NT 6.1; 125LA; .NET CLR 2.0.50727; .NET CLR 3.0.04506.648; .NET CLR 3.5.21022)" "-"
222.186.31.145 - - [06/Sep/2015:18:16:39 +0000] "POST http://123.249.24.233/POST_ip_port.php HTTP/1.0" 404 570 "http://123.249.24.233/POST_ip_port.phpAccept: */*" "Mozilla/4.0 (compatible; MSIE 9.0; Windows NT 6.1; 125LA; .NET CLR 2.0.50727; .NET CLR 3.0.04506.648; .NET CLR 3.5.21022)" "-"
182.118.55.156 - - [06/Sep/2015:18:20:49 +0000] "GET / HTTP/1.1" 200 5362 "-" "Mozilla/5.0 (Macintosh; Intel Mac OS X 10_10_1) AppleWebKit/537.36 (KHTML, like Gecko) Chrome/41.0.2251.0 Safari/537.36" "-"
66.249.79.212 - - [06/Sep/2015:18:23:27 +0000] "GET /robots.txt HTTP/1.1" 404 0 "-" "Mozilla/5.0 (compatible; Googlebot/2.1; +http://www.google.com/bot.html)" "-"
66.249.79.205 - - [06/Sep/2015:18:23:28 +0000] "GET /?paged=2 HTTP/1.1" 403 0 "-" "Mozilla/5.0 (compatible; Googlebot/2.1; +http://www.google.com/bot.html)" "-"
121.42.0.31 - - [06/Sep/2015:18:25:48 +0000] "GET / HTTP/1.1" 403 0 "-" "Mozilla/4.0 (compatible; MSIE 6.0; Windows NT 5.1;Alibaba.Security.Heimdall.950384.p)" "-"
222.186.129.5 - - [06/Sep/2015:18:29:41 +0000] "POST http://123.249.24.233/POST_ip_port.php HTTP/1.1" 404 570 "http://123.249.24.233/POST_ip_port.phpAccept: */*" "Mozilla/4.0 (compatible; MSIE 9.0; Windows NT 6.1; 125LA; .NET CLR 2.0.50727; .NET CLR 3.0.04506.648; .NET CLR 3.5.21022)" "-"
222.186.30.211 - - [06/Sep/2015:18:41:25 +0000] "POST http://123.249.24.233/POST_ip_port.php HTTP/1.0" 404 570 "http://123.249.24.233/POST_ip_port.phpAccept: */*" "Mozilla/4.0 (compatible; MSIE 9.0; Windows NT 6.1; 125LA; .NET CLR 2.0.50727; .NET CLR 3.0.04506.648; .NET CLR 3.5.21022)" "-"
222.186.129.5 - - [06/Sep/2015:18:45:56 +0000] "POST http://123.249.24.233/POST_ip_port.php HTTP/1.1" 404 570 "http://123.249.24.233/POST_ip_port.phpAccept: */*" "Mozilla/4.0 (compatible; MSIE 9.0; Windows NT 6.1; 125LA; .NET CLR 2.0.50727; .NET CLR 3.0.04506.648; .NET CLR 3.5.21022)" "-"
42.184.19.109 - - [06/Sep/2015:18:46:33 +0000] "GET http://yixin.im/ HTTP/1.1" 403 570 "http://yixin.im/" "Mozilla/5.0 (compatible; MSIE 9.0; Windows NT 6.1; Trident/5.0)" "-"
222.186.129.5 - - [06/Sep/2015:18:52:28 +0000] "POST http://123.249.24.233/POST_ip_port.php HTTP/1.1" 404 570 "http://123.249.24.233/POST_ip_port.phpAccept: */*" "Mozilla/4.0 (compatible; MSIE 9.0; Windows NT 6.1; 125LA; .NET CLR 2.0.50727; .NET CLR 3.0.04506.648; .NET CLR 3.5.21022)" "-"
222.186.129.5 - - [06/Sep/2015:18:52:42 +0000] "POST http://123.249.24.233/POST_ip_port.php HTTP/1.1" 404 570 "http://123.249.24.233/POST_ip_port.phpAccept: */*" "Mozilla/4.0 (compatible; MSIE 9.0; Windows NT 6.1; 125LA; .NET CLR 2.0.50727; .NET CLR 3.0.04506.648; .NET CLR 3.5.21022)" "-"
222.186.31.145 - - [06/Sep/2015:19:01:32 +0000] "POST http://123.249.24.233/POST_ip_port.php HTTP/1.0" 404 570 "http://123.249.24.233/POST_ip_port.phpAccept: */*" "Mozilla/4.0 (compatible; MSIE 9.0; Windows NT 6.1; 125LA; .NET CLR 2.0.50727; .NET CLR 3.0.04506.648; .NET CLR 3.5.21022)" "-"
222.186.129.5 - - [06/Sep/2015:19:02:37 +0000] "POST http://123.249.24.233/POST_ip_port.php HTTP/1.1" 404 570 "http://123.249.24.233/POST_ip_port.phpAccept: */*" "Mozilla/4.0 (compatible; MSIE 9.0; Windows NT 6.1; 125LA; .NET CLR 2.0.50727; .NET CLR 3.0.04506.648; .NET CLR 3.5.21022)" "-"
222.186.30.211 - - [06/Sep/2015:19:03:09 +0000] "POST http://123.249.24.233/POST_ip_port.php HTTP/1.0" 404 570 "http://123.249.24.233/POST_ip_port.phpAccept: */*" "Mozilla/4.0 (compatible; MSIE 9.0; Windows NT 6.1; 125LA; .NET CLR 2.0.50727; .NET CLR 3.0.04506.648; .NET CLR 3.5.21022)" "-"
222.186.129.5 - - [06/Sep/2015:19:08:23 +0000] "POST http://123.249.24.233/POST_ip_port.php HTTP/1.1" 404 570 "http://123.249.24.233/POST_ip_port.phpAccept: */*" "Mozilla/4.0 (compatible; MSIE 9.0; Windows NT 6.1; 125LA; .NET CLR 2.0.50727; .NET CLR 3.0.04506.648; .NET CLR 3.5.21022)" "-"
222.186.30.211 - - [06/Sep/2015:19:46:03 +0000] "POST http://123.249.24.233/POST_ip_port.php HTTP/1.0" 404 570 "http://123.249.24.233/POST_ip_port.phpAccept: */*" "Mozilla/4.0 (compatible; MSIE 9.0; Windows NT 6.1; 125LA; .NET CLR 2.0.50727; .NET CLR 3.0.04506.648; .NET CLR 3.5.21022)" "-"
222.186.129.5 - - [06/Sep/2015:20:03:21 +0000] "POST http://123.249.24.233/POST_ip_port.php HTTP/1.1" 404 570 "http://123.249.24.233/POST_ip_port.phpAccept: */*" "Mozilla/4.0 (compatible; MSIE 9.0; Windows NT 6.1; 125LA; .NET CLR 2.0.50727; .NET CLR 3.0.04506.648; .NET CLR 3.5.21022)" "-"
182.118.55.234 - - [06/Sep/2015:20:22:13 +0000] "GET / HTTP/1.1" 200 5362 "-" "Mozilla/5.0 (Macintosh; Intel Mac OS X 10_10_1) AppleWebKit/537.36 (KHTML, like Gecko) Chrome/41.0.2251.0 Safari/537.36" "-"
222.186.129.5 - - [06/Sep/2015:20:25:26 +0000] "POST http://123.249.24.233/POST_ip_port.php HTTP/1.1" 404 570 "http://123.249.24.233/POST_ip_port.phpAccept: */*" "Mozilla/4.0 (compatible; MSIE 9.0; Windows NT 6.1; 125LA; .NET CLR 2.0.50727; .NET CLR 3.0.04506.648; .NET CLR 3.5.21022)" "-"
222.186.129.5 - - [06/Sep/2015:21:04:16 +0000] "POST http://123.249.24.233/POST_ip_port.php HTTP/1.1" 404 570 "http://123.249.24.233/POST_ip_port.phpAccept: */*" "Mozilla/4.0 (compatible; MSIE 9.0; Windows NT 6.1; 125LA; .NET CLR 2.0.50727; .NET CLR 3.0.04506.648; .NET CLR 3.5.21022)" "-"
220.180.172.124 - - [06/Sep/2015:21:12:37 +0000] "GET http://www.miui.com/ HTTP/1.1" 403 570 "http://www.miui.com/" "Mozilla/5.0 (compatible; MSIE 9.0; Windows NT 6.1; Trident/5.0)" "-"
222.186.129.5 - - [06/Sep/2015:21:32:06 +0000] "POST http://123.249.24.233/POST_ip_port.php HTTP/1.1" 404 570 "http://123.249.24.233/POST_ip_port.phpAccept: */*" "Mozilla/4.0 (compatible; MSIE 9.0; Windows NT 6.1; 125LA; .NET CLR 2.0.50727; .NET CLR 3.0.04506.648; .NET CLR 3.5.21022)" "-"
183.136.190.62 - - [06/Sep/2015:21:36:18 +0000] "GET / HTTP/1.1" 403 0 "-" "Mozilla/5.0 (Windows NT 6.1) AppleWebKit/537.36 (KHTML, like Gecko) Chrome/35.0.1916.153 Safari/537.36" "-"
104.192.0.226 - - [06/Sep/2015:21:53:20 +0000] "GET /admin/bootstrap.inc.php?mgp=danc3Uf@t&c=whoami HTTP/1.0" 404 168 "-" "-" "-"
222.186.129.5 - - [06/Sep/2015:22:16:17 +0000] "POST http://123.249.24.233/POST_ip_port.php HTTP/1.1" 404 570 "http://123.249.24.233/POST_ip_port.phpAccept: */*" "Mozilla/4.0 (compatible; MSIE 9.0; Windows NT 6.1; 125LA; .NET CLR 2.0.50727; .NET CLR 3.0.04506.648; .NET CLR 3.5.21022)" "-"
111.20.248.74 - - [06/Sep/2015:22:23:00 +0000] "GET / HTTP/1.1" 403 0 "http://www.baidu.com" "Mozilla/5.0 (Windows NT 6.1; WOW64) AppleWebKit/537.36 (KHTML, like Gecko) Chrome/41.0.2272.101 Safari/537.36" "-"
111.20.248.74 - - [06/Sep/2015:22:23:00 +0000] "GET / HTTP/1.1" 403 570 "http://www.baidu.com" "Mozilla/5.0 (Windows NT 6.1; WOW64) AppleWebKit/537.36 (KHTML, like Gecko) Chrome/41.0.2272.101 Safari/537.36" "-"
111.20.248.74 - - [06/Sep/2015:22:23:00 +0000] "GET / HTTP/1.1" 403 570 "http://www.baidu.com" "Mozilla/5.0 (Windows NT 6.1; WOW64) AppleWebKit/537.36 (KHTML, like Gecko) Chrome/41.0.2272.101 Safari/537.36" "-"
123.125.1.167 - - [06/Sep/2015:22:25:27 +0000] "GET /api/release/select?token=hehedaxq123 HTTP/1.1" 200 26216 "-" "Mozilla/4.0 (compatible; MSIE 6.0; Windows NT 5.0)" "-"
123.125.1.167 - - [06/Sep/2015:22:25:33 +0000] "GET /api/release/save?id=76&pay=%E2%88%9A%E5%B7%B2%E5%8F%91%E8%B4%A7&token=hehedaxq123 HTTP/1.1" 200 11 "-" "Mozilla/4.0 (compatible; MSIE 6.0; Windows NT 5.0)" "-"
123.125.1.167 - - [06/Sep/2015:22:25:33 +0000] "GET /api/release/select?token=hehedaxq123 HTTP/1.1" 200 26216 "-" "Mozilla/4.0 (compatible; MSIE 6.0; Windows NT 5.0)" "-"
123.125.1.167 - - [06/Sep/2015:22:25:38 +0000] "GET /api/release/save?id=77&pay=%E2%88%9A%E5%B7%B2%E5%8F%91%E8%B4%A7&token=hehedaxq123 HTTP/1.1" 200 11 "-" "Mozilla/4.0 (compatible; MSIE 6.0; Windows NT 5.0)" "-"
123.125.1.167 - - [06/Sep/2015:22:25:38 +0000] "GET /api/release/select?token=hehedaxq123 HTTP/1.1" 200 26216 "-" "Mozilla/4.0 (compatible; MSIE 6.0; Windows NT 5.0)" "-"
123.125.1.167 - - [06/Sep/2015:22:25:45 +0000] "GET /api/release/save?id=79&pay=%E2%88%9A%E5%B7%B2%E5%8F%91%E8%B4%A7&token=hehedaxq123 HTTP/1.1" 200 11 "-" "Mozilla/4.0 (compatible; MSIE 6.0; Windows NT 5.0)" "-"
123.125.1.167 - - [06/Sep/2015:22:25:45 +0000] "GET /api/release/select?token=hehedaxq123 HTTP/1.1" 200 26216 "-" "Mozilla/4.0 (compatible; MSIE 6.0; Windows NT 5.0)" "-"
123.125.1.167 - - [06/Sep/2015:22:25:52 +0000] "GET /api/release/select?token=hehedaxq123 HTTP/1.1" 200 26216 "-" "Mozilla/4.0 (compatible; MSIE 6.0; Windows NT 5.0)" "-"
222.186.129.5 - - [06/Sep/2015:22:28:37 +0000] "POST http://123.249.24.233/POST_ip_port.php HTTP/1.1" 404 570 "http://123.249.24.233/POST_ip_port.phpAccept: */*" "Mozilla/4.0 (compatible; MSIE 9.0; Windows NT 6.1; 125LA; .NET CLR 2.0.50727; .NET CLR 3.0.04506.648; .NET CLR 3.5.21022)" "-"
222.186.129.5 - - [06/Sep/2015:22:34:09 +0000] "POST http://123.249.24.233/POST_ip_port.php HTTP/1.1" 404 570 "http://123.249.24.233/POST_ip_port.phpAccept: */*" "Mozilla/4.0 (compatible; MSIE 9.0; Windows NT 6.1; 125LA; .NET CLR 2.0.50727; .NET CLR 3.0.04506.648; .NET CLR 3.5.21022)" "-"
222.186.30.211 - - [06/Sep/2015:22:34:33 +0000] "POST http://123.249.24.233/POST_ip_port.php HTTP/1.0" 404 570 "http://123.249.24.233/POST_ip_port.phpAccept: */*" "Mozilla/4.0 (compatible; MSIE 9.0; Windows NT 6.1; 125LA; .NET CLR 2.0.50727; .NET CLR 3.0.04506.648; .NET CLR 3.5.21022)" "-"
222.186.129.5 - - [06/Sep/2015:22:39:48 +0000] "POST http://123.249.24.233/POST_ip_port.php HTTP/1.1" 404 570 "http://123.249.24.233/POST_ip_port.phpAccept: */*" "Mozilla/4.0 (compatible; MSIE 9.0; Windows NT 6.1; 125LA; .NET CLR 2.0.50727; .NET CLR 3.0.04506.648; .NET CLR 3.5.21022)" "-"
222.186.129.5 - - [06/Sep/2015:22:46:36 +0000] "POST http://123.249.24.233/POST_ip_port.php HTTP/1.1" 404 570 "http://123.249.24.233/POST_ip_port.phpAccept: */*" "Mozilla/4.0 (compatible; MSIE 9.0; Windows NT 6.1; 125LA; .NET CLR 2.0.50727; .NET CLR 3.0.04506.648; .NET CLR 3.5.21022)" "-"
222.186.129.5 - - [06/Sep/2015:22:50:10 +0000] "POST http://123.249.24.233/POST_ip_port.php HTTP/1.1" 404 570 "http://123.249.24.233/POST_ip_port.phpAccept: */*" "Mozilla/4.0 (compatible; MSIE 9.0; Windows NT 6.1; 125LA; .NET CLR 2.0.50727; .NET CLR 3.0.04506.648; .NET CLR 3.5.21022)" "-"
61.49.45.189 - - [06/Sep/2015:23:34:19 +0000] "GET / HTTP/1.1" 403 0 "http://www.baidu.com" "Mozilla/5.0 (Windows NT 6.1; WOW64) AppleWebKit/537.36 (KHTML, like Gecko) Chrome/41.0.2272.101 Safari/537.36" "-"
222.186.30.211 - - [06/Sep/2015:23:41:14 +0000] "POST http://123.249.24.233/POST_ip_port.php HTTP/1.0" 404 570 "http://123.249.24.233/POST_ip_port.phpAccept: */*" "Mozilla/4.0 (compatible; MSIE 9.0; Windows NT 6.1; 125LA; .NET CLR 2.0.50727; .NET CLR 3.0.04506.648; .NET CLR 3.5.21022)" "-"
123.125.1.167 - - [06/Sep/2015:23:48:02 +0000] "GET /api/release/save?id=79&pay=%E2%88%9A%E5%B7%B2%E6%94%B6%E8%B4%A7&token=hehedaxq123 HTTP/1.1" 200 11 "-" "Mozilla/4.0 (compatible; MSIE 6.0; Windows NT 5.0)" "-"
123.125.1.167 - - [06/Sep/2015:23:48:02 +0000] "GET /api/release/select?token=hehedaxq123 HTTP/1.1" 200 26216 "-" "Mozilla/4.0 (compatible; MSIE 6.0; Windows NT 5.0)" "-"
123.125.1.167 - - [06/Sep/2015:23:48:16 +0000] "GET /api/release/save?id=77&pay=%E2%88%9A%E5%B7%B2%E6%94%B6%E8%B4%A7&token=hehedaxq123 HTTP/1.1" 200 11 "-" "Mozilla/4.0 (compatible; MSIE 6.0; Windows NT 5.0)" "-"
123.125.1.167 - - [06/Sep/2015:23:48:16 +0000] "GET /api/release/select?token=hehedaxq123 HTTP/1.1" 200 26216 "-" "Mozilla/4.0 (compatible; MSIE 6.0; Windows NT 5.0)" "-"
222.186.129.5 - - [06/Sep/2015:23:57:14 +0000] "POST http://123.249.24.233/POST_ip_port.php HTTP/1.1" 404 570 "http://123.249.24.233/POST_ip_port.phpAccept: */*" "Mozilla/4.0 (compatible; MSIE 9.0; Windows NT 6.1; 125LA; .NET CLR 2.0.50727; .NET CLR 3.0.04506.648; .NET CLR 3.5.21022)" "-"
222.186.129.5 - - [07/Sep/2015:00:09:08 +0000] "POST http://123.249.24.233/POST_ip_port.php HTTP/1.1" 404 570 "http://123.249.24.233/POST_ip_port.phpAccept: */*" "Mozilla/4.0 (compatible; MSIE 9.0; Windows NT 6.1; 125LA; .NET CLR 2.0.50727; .NET CLR 3.0.04506.648; .NET CLR 3.5.21022)" "-"
118.126.8.210 - - [07/Sep/2015:00:16:39 +0000] "GET / HTTP/1.1" 200 5362 "-" "Mozilla/4.0 (compatible; MSIE 6.0; Windows NT 5.1" "-"
123.125.1.167 - - [07/Sep/2015:00:27:19 +0000] "GET /api/release/save?id=76&pay=%E2%88%9A%E5%B7%B2%E6%94%B6%E8%B4%A7&token=hehedaxq123 HTTP/1.1" 200 11 "-" "Mozilla/4.0 (compatible; MSIE 6.0; Windows NT 5.0)" "-"
123.125.1.167 - - [07/Sep/2015:00:27:19 +0000] "GET /api/release/select?token=hehedaxq123 HTTP/1.1" 200 26216 "-" "Mozilla/4.0 (compatible; MSIE 6.0; Windows NT 5.0)" "-"
222.186.30.211 - - [07/Sep/2015:00:30:38 +0000] "POST http://123.249.24.233/POST_ip_port.php HTTP/1.0" 404 570 "http://123.249.24.233/POST_ip_port.phpAccept: */*" "Mozilla/4.0 (compatible; MSIE 9.0; Windows NT 6.1; 125LA; .NET CLR 2.0.50727; .NET CLR 3.0.04506.648; .NET CLR 3.5.21022)" "-"
222.186.30.211 - - [07/Sep/2015:00:30:52 +0000] "POST http://123.249.24.233/POST_ip_port.php HTTP/1.0" 404 570 "http://123.249.24.233/POST_ip_port.phpAccept: */*" "Mozilla/4.0 (compatible; MSIE 9.0; Windows NT 6.1; 125LA; .NET CLR 2.0.50727; .NET CLR 3.0.04506.648; .NET CLR 3.5.21022)" "-"
222.186.129.5 - - [07/Sep/2015:00:38:32 +0000] "POST http://123.249.24.233/POST_ip_port.php HTTP/1.1" 404 570 "http://123.249.24.233/POST_ip_port.phpAccept: */*" "Mozilla/4.0 (compatible; MSIE 9.0; Windows NT 6.1; 125LA; .NET CLR 2.0.50727; .NET CLR 3.0.04506.648; .NET CLR 3.5.21022)" "-"
222.186.30.211 - - [07/Sep/2015:00:51:52 +0000] "POST http://123.249.24.233/POST_ip_port.php HTTP/1.0" 404 570 "http://123.249.24.233/POST_ip_port.phpAccept: */*" "Mozilla/4.0 (compatible; MSIE 9.0; Windows NT 6.1; 125LA; .NET CLR 2.0.50727; .NET CLR 3.0.04506.648; .NET CLR 3.5.21022)" "-"
222.186.31.145 - - [07/Sep/2015:00:51:59 +0000] "POST http://123.249.24.233/POST_ip_port.php HTTP/1.0" 404 570 "http://123.249.24.233/POST_ip_port.phpAccept: */*" "Mozilla/4.0 (compatible; MSIE 9.0; Windows NT 6.1; 125LA; .NET CLR 2.0.50727; .NET CLR 3.0.04506.648; .NET CLR 3.5.21022)" "-"
222.186.30.211 - - [07/Sep/2015:01:20:03 +0000] "POST http://123.249.24.233/POST_ip_port.php HTTP/1.0" 404 570 "http://123.249.24.233/POST_ip_port.phpAccept: */*" "Mozilla/4.0 (compatible; MSIE 9.0; Windows NT 6.1; 125LA; .NET CLR 2.0.50727; .NET CLR 3.0.04506.648; .NET CLR 3.5.21022)" "-"
222.186.31.145 - - [07/Sep/2015:01:37:16 +0000] "POST http://123.249.24.233/POST_ip_port.php HTTP/1.0" 404 570 "http://123.249.24.233/POST_ip_port.phpAccept: */*" "Mozilla/4.0 (compatible; MSIE 9.0; Windows NT 6.1; 125LA; .NET CLR 2.0.50727; .NET CLR 3.0.04506.648; .NET CLR 3.5.21022)" "-"
222.186.30.211 - - [07/Sep/2015:01:42:41 +0000] "POST http://123.249.24.233/POST_ip_port.php HTTP/1.0" 404 570 "http://123.249.24.233/POST_ip_port.phpAccept: */*" "Mozilla/4.0 (compatible; MSIE 9.0; Windows NT 6.1; 125LA; .NET CLR 2.0.50727; .NET CLR 3.0.04506.648; .NET CLR 3.5.21022)" "-"
222.186.31.145 - - [07/Sep/2015:01:53:35 +0000] "POST http://123.249.24.233/POST_ip_port.php HTTP/1.0" 404 570 "http://123.249.24.233/POST_ip_port.phpAccept: */*" "Mozilla/4.0 (compatible; MSIE 9.0; Windows NT 6.1; 125LA; .NET CLR 2.0.50727; .NET CLR 3.0.04506.648; .NET CLR 3.5.21022)" "-"
222.186.30.211 - - [07/Sep/2015:02:17:29 +0000] "POST http://123.249.24.233/POST_ip_port.php HTTP/1.0" 404 570 "http://123.249.24.233/POST_ip_port.phpAccept: */*" "Mozilla/4.0 (compatible; MSIE 9.0; Windows NT 6.1; 125LA; .NET CLR 2.0.50727; .NET CLR 3.0.04506.648; .NET CLR 3.5.21022)" "-"
222.186.129.5 - - [07/Sep/2015:02:33:08 +0000] "POST http://123.249.24.233/POST_ip_port.php HTTP/1.1" 404 570 "http://123.249.24.233/POST_ip_port.phpAccept: */*" "Mozilla/4.0 (compatible; MSIE 9.0; Windows NT 6.1; 125LA; .NET CLR 2.0.50727; .NET CLR 3.0.04506.648; .NET CLR 3.5.21022)" "-"
123.125.1.167 - - [07/Sep/2015:02:42:33 +0000] "GET /api/release/save?id=35&pay=%E2%88%9A%E5%B7%B2%E6%94%B6%E8%B4%A7&token=hehedaxq123 HTTP/1.1" 200 11 "-" "Mozilla/4.0 (compatible; MSIE 6.0; Windows NT 5.0)" "-"
123.125.1.167 - - [07/Sep/2015:02:42:33 +0000] "GET /api/release/select?token=hehedaxq123 HTTP/1.1" 200 26216 "-" "Mozilla/4.0 (compatible; MSIE 6.0; Windows NT 5.0)" "-"
42.156.250.114 - - [07/Sep/2015:02:47:28 +0000] "GET / HTTP/1.0" 200 9272 "-" "-" "-"
222.186.30.211 - - [07/Sep/2015:02:51:57 +0000] "POST http://123.249.24.233/POST_ip_port.php HTTP/1.0" 404 570 "http://123.249.24.233/POST_ip_port.phpAccept: */*" "Mozilla/4.0 (compatible; MSIE 9.0; Windows NT 6.1; 125LA; .NET CLR 2.0.50727; .NET CLR 3.0.04506.648; .NET CLR 3.5.21022)" "-"
222.186.30.211 - - [07/Sep/2015:02:52:01 +0000] "POST http://123.249.24.233/POST_ip_port.php HTTP/1.0" 404 570 "http://123.249.24.233/POST_ip_port.phpAccept: */*" "Mozilla/4.0 (compatible; MSIE 9.0; Windows NT 6.1; 125LA; .NET CLR 2.0.50727; .NET CLR 3.0.04506.648; .NET CLR 3.5.21022)" "-"
121.42.0.36 - - [07/Sep/2015:02:52:21 +0000] "GET / HTTP/1.1" 403 0 "-" "Mozilla/4.0 (compatible; MSIE 6.0; Windows NT 5.1;Alibaba.Security.Heimdall.938576.p)" "-"
222.186.129.5 - - [07/Sep/2015:03:04:54 +0000] "POST http://123.249.24.233/POST_ip_port.php HTTP/1.1" 404 570 "http://123.249.24.233/POST_ip_port.phpAccept: */*" "Mozilla/4.0 (compatible; MSIE 9.0; Windows NT 6.1; 125LA; .NET CLR 2.0.50727; .NET CLR 3.0.04506.648; .NET CLR 3.5.21022)" "-"
121.42.0.18 - - [07/Sep/2015:03:22:15 +0000] "PUT /webscan38502863.txt HTTP/1.1" 404 2341 "http://123.57.144.6/" "Mozilla/4.0 (compatible; MSIE 6.0; Windows NT 5.1;Alibaba.Security.Heimdall.938954)" "-"
121.42.0.18 - - [07/Sep/2015:03:22:23 +0000] "PUT /webscan38502863.txt HTTP/1.1" 404 2341 "http://123.57.144.6/" "Mozilla/4.0 (compatible; MSIE 6.0; Windows NT 5.1;Alibaba.Security.Heimdall.938954)" "-"
121.42.0.18 - - [07/Sep/2015:03:22:25 +0000] "GET /jmx-console/ HTTP/1.1" 404 2341 "http://123.57.144.6/" "Mozilla/4.0 (compatible; MSIE 6.0; Windows NT 5.1;Alibaba.Security.Heimdall.938954)" "-"
121.42.0.18 - - [07/Sep/2015:03:22:28 +0000] "GET /web-console/ HTTP/1.1" 404 2341 "http://123.57.144.6/" "Mozilla/4.0 (compatible; MSIE 6.0; Windows NT 5.1;Alibaba.Security.Heimdall.938954)" "-"
121.42.0.18 - - [07/Sep/2015:03:22:30 +0000] "GET /invoker/JMXInvokerServlet HTTP/1.1" 404 2341 "http://123.57.144.6/" "Mozilla/4.0 (compatible; MSIE 6.0; Windows NT 5.1;Alibaba.Security.Heimdall.938954)" "-"
121.42.0.18 - - [07/Sep/2015:03:22:31 +0000] "GET /invoker/EJBInvokerServlet HTTP/1.1" 404 2341 "http://123.57.144.6/" "Mozilla/4.0 (compatible; MSIE 6.0; Windows NT 5.1;Alibaba.Security.Heimdall.938954)" "-"
121.42.0.18 - - [07/Sep/2015:03:22:33 +0000] "GET /status/ HTTP/1.1" 404 2341 "http://123.57.144.6/" "Mozilla/4.0 (compatible; MSIE 6.0; Windows NT 5.1;Alibaba.Security.Heimdall.938954)" "-"
121.42.0.18 - - [07/Sep/2015:03:22:36 +0000] "GET /server-status/ HTTP/1.1" 404 2341 "http://123.57.144.6/" "Mozilla/4.0 (compatible; MSIE 6.0; Windows NT 5.1;Alibaba.Security.Heimdall.938954)" "-"
121.42.0.18 - - [07/Sep/2015:03:22:47 +0000] "GET /web-console/ HTTP/1.1" 404 2341 "http://123.57.144.6/" "Mozilla/4.0 (compatible; MSIE 6.0; Windows NT 5.1;Alibaba.Security.Heimdall.938954)" "-"
121.42.0.18 - - [07/Sep/2015:03:22:48 +0000] "GET /jmx-console/ HTTP/1.1" 404 2341 "http://123.57.144.6/" "Mozilla/4.0 (compatible; MSIE 6.0; Windows NT 5.1;Alibaba.Security.Heimdall.938954)" "-"
121.42.0.18 - - [07/Sep/2015:03:22:50 +0000] "GET /invoker/JMXInvokerServlet HTTP/1.1" 404 2341 "http://123.57.144.6/" "Mozilla/4.0 (compatible; MSIE 6.0; Windows NT 5.1;Alibaba.Security.Heimdall.938954)" "-"
121.42.0.18 - - [07/Sep/2015:03:22:52 +0000] "GET /invoker/EJBInvokerServlet HTTP/1.1" 404 2341 "http://123.57.144.6/" "Mozilla/4.0 (compatible; MSIE 6.0; Windows NT 5.1;Alibaba.Security.Heimdall.938954)" "-"
121.42.0.18 - - [07/Sep/2015:03:22:54 +0000] "GET /status HTTP/1.1" 404 2341 "http://123.57.144.6/" "Mozilla/4.0 (compatible; MSIE 6.0; Windows NT 5.1;Alibaba.Security.Heimdall.938954)" "-"
121.42.0.18 - - [07/Sep/2015:03:22:56 +0000] "GET /server-status HTTP/1.1" 404 2341 "http://123.57.144.6/" "Mozilla/4.0 (compatible; MSIE 6.0; Windows NT 5.1;Alibaba.Security.Heimdall.938954)" "-"
121.42.0.18 - 1 [07/Sep/2015:03:22:58 +0000] "GET /manager/html HTTP/1.1" 404 2341 "http://123.57.144.6/" "Mozilla/4.0 (compatible; MSIE 6.0; Windows NT 5.1;Alibaba.Security.Heimdall.938954)" "-"
222.186.31.145 - - [07/Sep/2015:03:23:41 +0000] "POST http://123.249.24.233/POST_ip_port.php HTTP/1.0" 404 570 "http://123.249.24.233/POST_ip_port.phpAccept: */*" "Mozilla/4.0 (compatible; MSIE 9.0; Windows NT 6.1; 125LA; .NET CLR 2.0.50727; .NET CLR 3.0.04506.648; .NET CLR 3.5.21022)" "-"
222.186.129.5 - - [07/Sep/2015:03:39:00 +0000] "POST http://123.249.24.233/POST_ip_port.php HTTP/1.1" 404 570 "http://123.249.24.233/POST_ip_port.phpAccept: */*" "Mozilla/4.0 (compatible; MSIE 9.0; Windows NT 6.1; 125LA; .NET CLR 2.0.50727; .NET CLR 3.0.04506.648; .NET CLR 3.5.21022)" "-"
222.186.129.5 - - [07/Sep/2015:03:44:03 +0000] "POST http://123.249.24.233/POST_ip_port.php HTTP/1.1" 404 570 "http://123.249.24.233/POST_ip_port.phpAccept: */*" "Mozilla/4.0 (compatible; MSIE 9.0; Windows NT 6.1; 125LA; .NET CLR 2.0.50727; .NET CLR 3.0.04506.648; .NET CLR 3.5.21022)" "-"
222.186.129.5 - - [07/Sep/2015:03:55:05 +0000] "POST http://123.249.24.233/POST_ip_port.php HTTP/1.1" 404 570 "http://123.249.24.233/POST_ip_port.phpAccept: */*" "Mozilla/4.0 (compatible; MSIE 9.0; Windows NT 6.1; 125LA; .NET CLR 2.0.50727; .NET CLR 3.0.04506.648; .NET CLR 3.5.21022)" "-"
222.186.30.211 - - [07/Sep/2015:04:00:52 +0000] "POST http://123.249.24.233/POST_ip_port.php HTTP/1.0" 404 570 "http://123.249.24.233/POST_ip_port.phpAccept: */*" "Mozilla/4.0 (compatible; MSIE 9.0; Windows NT 6.1; 125LA; .NET CLR 2.0.50727; .NET CLR 3.0.04506.648; .NET CLR 3.5.21022)" "-"
124.65.128.90 - - [07/Sep/2015:06:25:02 +0000] "GET / HTTP/1.1" 404 570 "-" "Mozilla/5.0 (Macintosh; Intel Mac OS X 10_10_2) AppleWebKit/537.36 (KHTML, like Gecko) Chrome/44.0.2403.157 Safari/537.36" "-"
124.65.128.90 - - [07/Sep/2015:06:25:04 +0000] "GET / HTTP/1.1" 404 570 "-" "Mozilla/5.0 (Macintosh; Intel Mac OS X 10_10_2) AppleWebKit/537.36 (KHTML, like Gecko) Chrome/44.0.2403.157 Safari/537.36" "-"
124.65.128.90 - - [07/Sep/2015:06:25:05 +0000] "GET / HTTP/1.1" 404 570 "-" "Mozilla/5.0 (Macintosh; Intel Mac OS X 10_10_2) AppleWebKit/537.36 (KHTML, like Gecko) Chrome/44.0.2403.157 Safari/537.36" "-"
124.65.128.90 - - [07/Sep/2015:06:25:18 +0000] "GET /index.php HTTP/1.1" 404 570 "-" "Mozilla/5.0 (Macintosh; Intel Mac OS X 10_10_2) AppleWebKit/537.36 (KHTML, like Gecko) Chrome/44.0.2403.157 Safari/537.36" "-"
124.65.128.90 - - [07/Sep/2015:06:25:23 +0000] "GET / HTTP/1.1" 404 570 "-" "Mozilla/5.0 (Macintosh; Intel Mac OS X 10_10_2) AppleWebKit/537.36 (KHTML, like Gecko) Chrome/44.0.2403.157 Safari/537.36" "-"
124.65.128.90 - - [07/Sep/2015:06:25:24 +0000] "GET / HTTP/1.1" 404 570 "-" "Mozilla/5.0 (Macintosh; Intel Mac OS X 10_10_2) AppleWebKit/537.36 (KHTML, like Gecko) Chrome/44.0.2403.157 Safari/537.36" "-"
124.65.128.90 - - [07/Sep/2015:06:25:24 +0000] "GET /favicon.ico HTTP/1.1" 200 18902 "http://123.57.144.6:81/" "Mozilla/5.0 (Macintosh; Intel Mac OS X 10_10_2) AppleWebKit/537.36 (KHTML, like Gecko) Chrome/44.0.2403.157 Safari/537.36" "-"
124.65.128.90 - - [07/Sep/2015:06:25:45 +0000] "GET / HTTP/1.1" 404 570 "-" "Mozilla/5.0 (Macintosh; Intel Mac OS X 10_10_2) AppleWebKit/537.36 (KHTML, like Gecko) Chrome/44.0.2403.157 Safari/537.36" "-"
124.65.128.90 - - [07/Sep/2015:06:25:45 +0000] "GET /favicon.ico HTTP/1.1" 200 18902 "http://123.57.144.6:81/" "Mozilla/5.0 (Macintosh; Intel Mac OS X 10_10_2) AppleWebKit/537.36 (KHTML, like Gecko) Chrome/44.0.2403.157 Safari/537.36" "-"
124.65.128.90 - - [07/Sep/2015:06:25:48 +0000] "GET / HTTP/1.1" 404 570 "-" "Mozilla/5.0 (Macintosh; Intel Mac OS X 10_10_2) AppleWebKit/537.36 (KHTML, like Gecko) Chrome/44.0.2403.157 Safari/537.36" "-"
124.65.128.90 - - [07/Sep/2015:06:25:48 +0000] "GET /favicon.ico HTTP/1.1" 200 18902 "http://123.57.144.6:81/" "Mozilla/5.0 (Macintosh; Intel Mac OS X 10_10_2) AppleWebKit/537.36 (KHTML, like Gecko) Chrome/44.0.2403.157 Safari/537.36" "-"
124.65.128.90 - - [07/Sep/2015:06:25:50 +0000] "GET / HTTP/1.1" 404 570 "-" "Mozilla/5.0 (Macintosh; Intel Mac OS X 10_10_2) AppleWebKit/537.36 (KHTML, like Gecko) Chrome/44.0.2403.157 Safari/537.36" "-"
124.65.128.90 - - [07/Sep/2015:06:25:50 +0000] "GET /favicon.ico HTTP/1.1" 200 18902 "http://123.57.144.6:81/" "Mozilla/5.0 (Macintosh; Intel Mac OS X 10_10_2) AppleWebKit/537.36 (KHTML, like Gecko) Chrome/44.0.2403.157 Safari/537.36" "-"
124.65.128.90 - - [07/Sep/2015:06:25:52 +0000] "GET / HTTP/1.1" 404 570 "-" "Mozilla/5.0 (Macintosh; Intel Mac OS X 10_10_2) AppleWebKit/537.36 (KHTML, like Gecko) Chrome/44.0.2403.157 Safari/537.36" "-"
124.65.128.90 - - [07/Sep/2015:06:25:53 +0000] "GET /favicon.ico HTTP/1.1" 200 18902 "http://123.57.144.6:81/" "Mozilla/5.0 (Macintosh; Intel Mac OS X 10_10_2) AppleWebKit/537.36 (KHTML, like Gecko) Chrome/44.0.2403.157 Safari/537.36" "-"
124.65.128.90 - - [07/Sep/2015:06:30:42 +0000] "GET / HTTP/1.1" 404 570 "-" "Mozilla/5.0 (Macintosh; Intel Mac OS X 10_10_2) AppleWebKit/537.36 (KHTML, like Gecko) Chrome/44.0.2403.157 Safari/537.36" "-"
124.65.128.90 - - [07/Sep/2015:06:30:42 +0000] "GET /favicon.ico HTTP/1.1" 200 18902 "http://123.57.144.6:81/" "Mozilla/5.0 (Macintosh; Intel Mac OS X 10_10_2) AppleWebKit/537.36 (KHTML, like Gecko) Chrome/44.0.2403.157 Safari/537.36" "-"
124.65.128.90 - - [07/Sep/2015:06:30:43 +0000] "GET / HTTP/1.1" 404 570 "-" "Mozilla/5.0 (Macintosh; Intel Mac OS X 10_10_2) AppleWebKit/537.36 (KHTML, like Gecko) Chrome/44.0.2403.157 Safari/537.36" "-"
124.65.128.90 - - [07/Sep/2015:06:30:43 +0000] "GET /favicon.ico HTTP/1.1" 200 18902 "http://123.57.144.6:81/" "Mozilla/5.0 (Macintosh; Intel Mac OS X 10_10_2) AppleWebKit/537.36 (KHTML, like Gecko) Chrome/44.0.2403.157 Safari/537.36" "-"
124.65.128.90 - - [07/Sep/2015:06:30:51 +0000] "GET / HTTP/1.1" 404 570 "-" "Mozilla/5.0 (Macintosh; Intel Mac OS X 10_10_2) AppleWebKit/537.36 (KHTML, like Gecko) Chrome/44.0.2403.157 Safari/537.36" "-"
124.65.128.90 - - [07/Sep/2015:06:30:51 +0000] "GET /favicon.ico HTTP/1.1" 200 18902 "http://123.57.144.6:81/" "Mozilla/5.0 (Macintosh; Intel Mac OS X 10_10_2) AppleWebKit/537.36 (KHTML, like Gecko) Chrome/44.0.2403.157 Safari/537.36" "-"
124.65.128.90 - - [07/Sep/2015:06:33:57 +0000] "GET / HTTP/1.1" 404 570 "-" "Mozilla/5.0 (Macintosh; Intel Mac OS X 10_10_2) AppleWebKit/537.36 (KHTML, like Gecko) Chrome/44.0.2403.157 Safari/537.36" "-"
124.65.128.90 - - [07/Sep/2015:06:33:58 +0000] "GET /favicon.ico HTTP/1.1" 200 18902 "http://123.57.144.6:81/" "Mozilla/5.0 (Macintosh; Intel Mac OS X 10_10_2) AppleWebKit/537.36 (KHTML, like Gecko) Chrome/44.0.2403.157 Safari/537.36" "-"
124.65.128.90 - - [07/Sep/2015:06:33:59 +0000] "GET / HTTP/1.1" 404 570 "-" "Mozilla/5.0 (Macintosh; Intel Mac OS X 10_10_2) AppleWebKit/537.36 (KHTML, like Gecko) Chrome/44.0.2403.157 Safari/537.36" "-"
124.65.128.90 - - [07/Sep/2015:06:34:00 +0000] "GET /favicon.ico HTTP/1.1" 200 18902 "http://123.57.144.6:81/" "Mozilla/5.0 (Macintosh; Intel Mac OS X 10_10_2) AppleWebKit/537.36 (KHTML, like Gecko) Chrome/44.0.2403.157 Safari/537.36" "-"
124.65.128.90 - - [07/Sep/2015:06:34:08 +0000] "GET / HTTP/1.1" 404 570 "-" "Mozilla/5.0 (Macintosh; Intel Mac OS X 10_10_2) AppleWebKit/537.36 (KHTML, like Gecko) Chrome/44.0.2403.157 Safari/537.36" "-"
124.65.128.90 - - [07/Sep/2015:06:34:08 +0000] "GET /favicon.ico HTTP/1.1" 200 18902 "http://123.57.144.6:81/" "Mozilla/5.0 (Macintosh; Intel Mac OS X 10_10_2) AppleWebKit/537.36 (KHTML, like Gecko) Chrome/44.0.2403.157 Safari/537.36" "-"
124.65.128.90 - - [07/Sep/2015:06:37:21 +0000] "GET / HTTP/1.1" 404 570 "-" "Mozilla/5.0 (Macintosh; Intel Mac OS X 10_10_2) AppleWebKit/537.36 (KHTML, like Gecko) Chrome/44.0.2403.157 Safari/537.36" "-"
124.65.128.90 - - [07/Sep/2015:06:37:21 +0000] "GET /favicon.ico HTTP/1.1" 200 18902 "http://123.57.144.6:81/" "Mozilla/5.0 (Macintosh; Intel Mac OS X 10_10_2) AppleWebKit/537.36 (KHTML, like Gecko) Chrome/44.0.2403.157 Safari/537.36" "-"
124.193.134.250 - - [07/Sep/2015:06:37:25 +0000] "GET / HTTP/1.1" 404 570 "-" "Mozilla/5.0 (Macintosh; Intel Mac OS X 10_10_2) AppleWebKit/537.36 (KHTML, like Gecko) Chrome/44.0.2403.157 Safari/537.36" "-"
