222.186.129.5 - - [09/Sep/2015:22:04:22 +0000] "POST http://123.249.24.233/POST_ip_port.php HTTP/1.1" 404 570 "http://123.249.24.233/POST_ip_port.phpAccept: */*" "Mozilla/4.0 (compatible; MSIE 9.0; Windows NT 6.1; 125LA; .NET CLR 2.0.50727; .NET CLR 3.0.04506.648; .NET CLR 3.5.21022)" "-"
222.186.129.5 - - [09/Sep/2015:22:30:20 +0000] "POST http://123.249.24.233/POST_ip_port.php HTTP/1.1" 404 570 "http://123.249.24.233/POST_ip_port.phpAccept: */*" "Mozilla/4.0 (compatible; MSIE 9.0; Windows NT 6.1; 125LA; .NET CLR 2.0.50727; .NET CLR 3.0.04506.648; .NET CLR 3.5.21022)" "-"
222.186.31.145 - - [09/Sep/2015:22:30:51 +0000] "POST http://123.249.24.233/POST_ip_port.php HTTP/1.0" 404 570 "http://123.249.24.233/POST_ip_port.phpAccept: */*" "Mozilla/4.0 (compatible; MSIE 9.0; Windows NT 6.1; 125LA; .NET CLR 2.0.50727; .NET CLR 3.0.04506.648; .NET CLR 3.5.21022)" "-"
222.186.30.211 - - [09/Sep/2015:22:30:57 +0000] "POST http://123.249.24.233/POST_ip_port.php HTTP/1.0" 404 570 "http://123.249.24.233/POST_ip_port.phpAccept: */*" "Mozilla/4.0 (compatible; MSIE 9.0; Windows NT 6.1; 125LA; .NET CLR 2.0.50727; .NET CLR 3.0.04506.648; .NET CLR 3.5.21022)" "-"
222.186.31.145 - - [09/Sep/2015:22:41:42 +0000] "POST http://123.249.24.233/POST_ip_port.php HTTP/1.0" 404 570 "http://123.249.24.233/POST_ip_port.phpAccept: */*" "Mozilla/4.0 (compatible; MSIE 9.0; Windows NT 6.1; 125LA; .NET CLR 2.0.50727; .NET CLR 3.0.04506.648; .NET CLR 3.5.21022)" "-"
222.186.31.145 - - [09/Sep/2015:22:41:43 +0000] "POST http://123.249.24.233/POST_ip_port.php HTTP/1.0" 404 570 "http://123.249.24.233/POST_ip_port.phpAccept: */*" "Mozilla/4.0 (compatible; MSIE 9.0; Windows NT 6.1; 125LA; .NET CLR 2.0.50727; .NET CLR 3.0.04506.648; .NET CLR 3.5.21022)" "-"
222.186.30.211 - - [09/Sep/2015:23:17:19 +0000] "POST http://123.249.24.233/POST_ip_port.php HTTP/1.0" 404 570 "http://123.249.24.233/POST_ip_port.phpAccept: */*" "Mozilla/4.0 (compatible; MSIE 9.0; Windows NT 6.1; 125LA; .NET CLR 2.0.50727; .NET CLR 3.0.04506.648; .NET CLR 3.5.21022)" "-"
123.125.1.167 - - [09/Sep/2015:23:21:37 +0000] "GET /api/release/select?token=hehedaxq123 HTTP/1.1" 200 27202 "-" "Mozilla/4.0 (compatible; MSIE 6.0; Windows NT 5.0)" "-"
123.125.1.167 - - [09/Sep/2015:23:21:50 +0000] "GET /api/release/save?id=66&pay=%E2%88%9A%E5%B7%B2%E6%94%B6%E8%B4%A7&token=hehedaxq123 HTTP/1.1" 200 11 "-" "Mozilla/4.0 (compatible; MSIE 6.0; Windows NT 5.0)" "-"
123.125.1.167 - - [09/Sep/2015:23:21:50 +0000] "GET /api/release/select?token=hehedaxq123 HTTP/1.1" 200 27202 "-" "Mozilla/4.0 (compatible; MSIE 6.0; Windows NT 5.0)" "-"
222.186.129.5 - - [09/Sep/2015:23:22:44 +0000] "POST http://123.249.24.233/POST_ip_port.php HTTP/1.1" 404 570 "http://123.249.24.233/POST_ip_port.phpAccept: */*" "Mozilla/4.0 (compatible; MSIE 9.0; Windows NT 6.1; 125LA; .NET CLR 2.0.50727; .NET CLR 3.0.04506.648; .NET CLR 3.5.21022)" "-"
222.186.129.5 - - [09/Sep/2015:23:28:42 +0000] "POST http://123.249.24.233/POST_ip_port.php HTTP/1.1" 404 570 "http://123.249.24.233/POST_ip_port.phpAccept: */*" "Mozilla/4.0 (compatible; MSIE 9.0; Windows NT 6.1; 125LA; .NET CLR 2.0.50727; .NET CLR 3.0.04506.648; .NET CLR 3.5.21022)" "-"
222.186.30.211 - - [09/Sep/2015:23:28:44 +0000] "POST http://123.249.24.233/POST_ip_port.php HTTP/1.0" 404 570 "http://123.249.24.233/POST_ip_port.phpAccept: */*" "Mozilla/4.0 (compatible; MSIE 9.0; Windows NT 6.1; 125LA; .NET CLR 2.0.50727; .NET CLR 3.0.04506.648; .NET CLR 3.5.21022)" "-"
222.186.129.5 - - [09/Sep/2015:23:34:09 +0000] "POST http://123.249.24.233/POST_ip_port.php HTTP/1.1" 404 570 "http://123.249.24.233/POST_ip_port.phpAccept: */*" "Mozilla/4.0 (compatible; MSIE 9.0; Windows NT 6.1; 125LA; .NET CLR 2.0.50727; .NET CLR 3.0.04506.648; .NET CLR 3.5.21022)" "-"
222.186.129.5 - - [09/Sep/2015:23:52:36 +0000] "POST http://123.249.24.233/POST_ip_port.php HTTP/1.1" 404 570 "http://123.249.24.233/POST_ip_port.phpAccept: */*" "Mozilla/4.0 (compatible; MSIE 9.0; Windows NT 6.1; 125LA; .NET CLR 2.0.50727; .NET CLR 3.0.04506.648; .NET CLR 3.5.21022)" "-"
222.186.31.145 - - [10/Sep/2015:00:03:11 +0000] "POST http://123.249.24.233/POST_ip_port.php HTTP/1.0" 404 570 "http://123.249.24.233/POST_ip_port.phpAccept: */*" "Mozilla/4.0 (compatible; MSIE 9.0; Windows NT 6.1; 125LA; .NET CLR 2.0.50727; .NET CLR 3.0.04506.648; .NET CLR 3.5.21022)" "-"
222.186.31.145 - - [10/Sep/2015:00:14:21 +0000] "POST http://123.249.24.233/POST_ip_port.php HTTP/1.0" 404 570 "http://123.249.24.233/POST_ip_port.phpAccept: */*" "Mozilla/4.0 (compatible; MSIE 9.0; Windows NT 6.1; 125LA; .NET CLR 2.0.50727; .NET CLR 3.0.04506.648; .NET CLR 3.5.21022)" "-"
123.125.1.167 - - [10/Sep/2015:00:23:00 +0000] "GET /api/release/save?id=60&pay=%E2%88%9A%E5%B7%B2%E6%94%B6%E8%B4%A7&token=hehedaxq123 HTTP/1.1" 200 11 "-" "Mozilla/4.0 (compatible; MSIE 6.0; Windows NT 5.0)" "-"
123.125.1.167 - - [10/Sep/2015:00:23:00 +0000] "GET /api/release/select?token=hehedaxq123 HTTP/1.1" 200 27202 "-" "Mozilla/4.0 (compatible; MSIE 6.0; Windows NT 5.0)" "-"
123.125.1.167 - - [10/Sep/2015:00:26:00 +0000] "GET /api/release/save?id=86&pay=%E2%88%9A%E5%B7%B2%E5%8F%91%E8%B4%A7&token=hehedaxq123 HTTP/1.1" 200 11 "-" "Mozilla/4.0 (compatible; MSIE 6.0; Windows NT 5.0)" "-"
123.125.1.167 - - [10/Sep/2015:00:26:00 +0000] "GET /api/release/select?token=hehedaxq123 HTTP/1.1" 200 27202 "-" "Mozilla/4.0 (compatible; MSIE 6.0; Windows NT 5.0)" "-"
123.125.1.167 - - [10/Sep/2015:00:26:07 +0000] "GET /api/release/save?id=87&pay=%E2%88%9A%E5%B7%B2%E5%8F%91%E8%B4%A7&token=hehedaxq123 HTTP/1.1" 200 11 "-" "Mozilla/4.0 (compatible; MSIE 6.0; Windows NT 5.0)" "-"
123.125.1.167 - - [10/Sep/2015:00:26:07 +0000] "GET /api/release/select?token=hehedaxq123 HTTP/1.1" 200 27202 "-" "Mozilla/4.0 (compatible; MSIE 6.0; Windows NT 5.0)" "-"
123.125.1.167 - - [10/Sep/2015:00:29:47 +0000] "GET /api/taobao/info/512992724?token=hehedaxq123 HTTP/1.1" 500 5 "-" "Mozilla/4.0 (compatible; MSIE 6.0; Windows NT 5.0)" "-"
222.186.31.145 - - [10/Sep/2015:00:30:18 +0000] "POST http://123.249.24.233/POST_ip_port.php HTTP/1.0" 404 570 "http://123.249.24.233/POST_ip_port.phpAccept: */*" "Mozilla/4.0 (compatible; MSIE 9.0; Windows NT 6.1; 125LA; .NET CLR 2.0.50727; .NET CLR 3.0.04506.648; .NET CLR 3.5.21022)" "-"
123.125.1.167 - - [10/Sep/2015:00:30:24 +0000] "GET /api/randomPlace/20?token=hehedaxq123 HTTP/1.1" 200 1047 "-" "Mozilla/4.0 (compatible; MSIE 6.0; Windows NT 5.0)" "-"
123.125.1.167 - - [10/Sep/2015:00:30:27 +0000] "GET /api/randomPlace/20?token=hehedaxq123 HTTP/1.1" 200 1193 "-" "Mozilla/4.0 (compatible; MSIE 6.0; Windows NT 5.0)" "-"
222.186.129.5 - - [10/Sep/2015:00:35:34 +0000] "POST http://123.249.24.233/POST_ip_port.php HTTP/1.1" 404 570 "http://123.249.24.233/POST_ip_port.phpAccept: */*" "Mozilla/4.0 (compatible; MSIE 9.0; Windows NT 6.1; 125LA; .NET CLR 2.0.50727; .NET CLR 3.0.04506.648; .NET CLR 3.5.21022)" "-"
123.125.1.167 - - [10/Sep/2015:00:49:06 +0000] "GET /api/release/add?token=hehedaxq123&lian=%31%33&qq=%35%31%32%39%39%32%37%32%34&qtnc=%E4%BA%8E%E8%90%8D&tbnc=%E6%98%A5%E5%A4%A9%E5%88%B0%E4%BA%86%E4%BA%86%30%39%31%30%38%35&ip=%E6%89%AC%E5%B7%9E&benjin=%31%30%30&yongjin=%35&bianhao=%31%32%36%36%32%30%32%34%33%36%37%31%39%32%31%39&pay=%C3%97%E6%9C%AA%E5%8F%91%E8%B4%A7&free=%E8%BF%9C%E7%A8%8B&ordertime=%32%30%31%35%E5%B9%B4%39%E6%9C%88%31%30%E6%97%A5 HTTP/1.1" 200 11 "-" "Mozilla/4.0 (compatible; MSIE 6.0; Windows NT 5.0)" "-"
123.125.1.167 - - [10/Sep/2015:00:49:06 +0000] "GET /api/release/select?token=hehedaxq123 HTTP/1.1" 200 27519 "-" "Mozilla/4.0 (compatible; MSIE 6.0; Windows NT 5.0)" "-"
222.186.31.145 - - [10/Sep/2015:00:58:28 +0000] "POST http://123.249.24.233/POST_ip_port.php HTTP/1.0" 404 570 "http://123.249.24.233/POST_ip_port.phpAccept: */*" "Mozilla/4.0 (compatible; MSIE 9.0; Windows NT 6.1; 125LA; .NET CLR 2.0.50727; .NET CLR 3.0.04506.648; .NET CLR 3.5.21022)" "-"
222.186.31.145 - - [10/Sep/2015:00:58:28 +0000] "POST http://123.249.24.233/POST_ip_port.php HTTP/1.0" 404 570 "http://123.249.24.233/POST_ip_port.phpAccept: */*" "Mozilla/4.0 (compatible; MSIE 9.0; Windows NT 6.1; 125LA; .NET CLR 2.0.50727; .NET CLR 3.0.04506.648; .NET CLR 3.5.21022)" "-"
222.186.129.5 - - [10/Sep/2015:01:04:19 +0000] "POST http://123.249.24.233/POST_ip_port.php HTTP/1.1" 404 570 "http://123.249.24.233/POST_ip_port.phpAccept: */*" "Mozilla/4.0 (compatible; MSIE 9.0; Windows NT 6.1; 125LA; .NET CLR 2.0.50727; .NET CLR 3.0.04506.648; .NET CLR 3.5.21022)" "-"
135.0.196.183 - - [10/Sep/2015:01:09:01 +0000] "GET /tmUnblock.cgi HTTP/1.1" 400 172 "-" "-" "-"
135.0.196.183 - - [10/Sep/2015:01:09:02 +0000] "GET / HTTP/1.1" 400 172 "-" "-" "-"
91.196.50.33 - - [10/Sep/2015:01:16:29 +0000] "GET http://testp2.czar.bielawa.pl/testproxy.php HTTP/1.1" 404 168 "-" "Mozilla/5.0 (Windows NT 5.1; rv:32.0) Gecko/20100101 Firefox/31.0" "-"
121.42.0.37 - - [10/Sep/2015:01:27:36 +0000] "GET / HTTP/1.1" 403 0 "-" "Mozilla/4.0 (compatible; MSIE 6.0; Windows NT 5.1;Alibaba.Security.Heimdall.950384.p)" "-"
61.160.213.110 - - [10/Sep/2015:01:45:30 +0000] "GET http://www.baidu.com/ HTTP/1.1" 403 570 "-" "Mozilla/4.0 (compatible; MSIE 6.0; Windows NT 5.1; SV1; .NET CLR 2.0.50727; .NET CLR 3.0.04506.648; .NET CLR 3.5.21022)" "-"
222.186.129.5 - - [10/Sep/2015:01:54:33 +0000] "POST http://123.249.24.233/POST_ip_port.php HTTP/1.1" 404 570 "http://123.249.24.233/POST_ip_port.phpAccept: */*" "Mozilla/4.0 (compatible; MSIE 9.0; Windows NT 6.1; 125LA; .NET CLR 2.0.50727; .NET CLR 3.0.04506.648; .NET CLR 3.5.21022)" "-"
123.125.1.167 - - [10/Sep/2015:02:22:37 +0000] "GET /api/randomPlace/20?token=hehedaxq123 HTTP/1.1" 200 1126 "-" "Mozilla/4.0 (compatible; MSIE 6.0; Windows NT 5.0)" "-"
123.125.1.167 - - [10/Sep/2015:02:22:40 +0000] "GET /api/randomPlace/20?token=hehedaxq123 HTTP/1.1" 200 1275 "-" "Mozilla/4.0 (compatible; MSIE 6.0; Windows NT 5.0)" "-"
222.186.129.5 - - [10/Sep/2015:02:23:10 +0000] "POST http://123.249.24.233/POST_ip_port.php HTTP/1.1" 404 570 "http://123.249.24.233/POST_ip_port.phpAccept: */*" "Mozilla/4.0 (compatible; MSIE 9.0; Windows NT 6.1; 125LA; .NET CLR 2.0.50727; .NET CLR 3.0.04506.648; .NET CLR 3.5.21022)" "-"
222.186.30.211 - - [10/Sep/2015:02:27:45 +0000] "POST http://123.249.24.233/POST_ip_port.php HTTP/1.0" 404 570 "http://123.249.24.233/POST_ip_port.phpAccept: */*" "Mozilla/4.0 (compatible; MSIE 9.0; Windows NT 6.1; 125LA; .NET CLR 2.0.50727; .NET CLR 3.0.04506.648; .NET CLR 3.5.21022)" "-"
222.186.30.211 - - [10/Sep/2015:02:27:49 +0000] "POST http://123.249.24.233/POST_ip_port.php HTTP/1.0" 404 570 "http://123.249.24.233/POST_ip_port.phpAccept: */*" "Mozilla/4.0 (compatible; MSIE 9.0; Windows NT 6.1; 125LA; .NET CLR 2.0.50727; .NET CLR 3.0.04506.648; .NET CLR 3.5.21022)" "-"
123.125.1.167 - - [10/Sep/2015:02:30:55 +0000] "GET /api/release/add?token=hehedaxq123&lian=%E8%BF%9E&qq=%31%39%35%31%35%34%36%31%34%35&qtnc=%E9%A6%99%E9%A6%99&tbnc=%E9%BE%99%E8%99%BE%E5%A4%A7%E4%BC%AF&ip=%E8%B5%A3%E5%B7%9E&benjin=%31%30%30&yongjin=%37&pay=%C3%97%E6%9C%AA%E5%8F%91%E8%B4%A7&free=%E8%BF%9C%E7%A8%8B&ordertime=%32%30%31%35%E5%B9%B4%39%E6%9C%88%31%30%E6%97%A5 HTTP/1.1" 200 11 "-" "Mozilla/4.0 (compatible; MSIE 6.0; Windows NT 5.0)" "-"
123.125.1.167 - - [10/Sep/2015:02:30:56 +0000] "GET /api/release/select?token=hehedaxq123 HTTP/1.1" 200 27815 "-" "Mozilla/4.0 (compatible; MSIE 6.0; Windows NT 5.0)" "-"
123.125.1.167 - - [10/Sep/2015:02:31:21 +0000] "GET /api/release/add?token=hehedaxq123&lian=%E8%BF%9E&qq=%31%38%30%39%33%31%38%36%31%38&qtnc=%E8%90%8D%E8%90%8D&tbnc=%7A%79%61%76%78%33%38%33%37%39%35&ip=%E7%A6%8F%E5%BB%BA&benjin=%31%30%30&yongjin=%35&pay=%C3%97%E6%9C%AA%E5%8F%91%E8%B4%A7&free=%E8%BF%9C%E7%A8%8B&ordertime=%32%30%31%35%E5%B9%B4%39%E6%9C%88%31%30%E6%97%A5 HTTP/1.1" 200 11 "-" "Mozilla/4.0 (compatible; MSIE 6.0; Windows NT 5.0)" "-"
123.125.1.167 - - [10/Sep/2015:02:31:22 +0000] "GET /api/release/select?token=hehedaxq123 HTTP/1.1" 200 28098 "-" "Mozilla/4.0 (compatible; MSIE 6.0; Windows NT 5.0)" "-"
123.125.1.167 - - [10/Sep/2015:02:31:25 +0000] "GET /api/release/add?token=hehedaxq123&lian=%31%38&qq=%31%38%30%39%33%31%38%36%31%38&qtnc=%E8%90%8D%E8%90%8D&tbnc=%7A%79%61%76%78%33%38%33%37%39%35&ip=%E7%A6%8F%E5%BB%BA&benjin=%31%30%30&yongjin=%35&pay=%C3%97%E6%9C%AA%E5%8F%91%E8%B4%A7&free=%E8%BF%9C%E7%A8%8B&ordertime=%32%30%31%35%E5%B9%B4%39%E6%9C%88%31%30%E6%97%A5 HTTP/1.1" 200 11 "-" "Mozilla/4.0 (compatible; MSIE 6.0; Windows NT 5.0)" "-"
123.125.1.167 - - [10/Sep/2015:02:31:27 +0000] "GET /api/release/select?token=hehedaxq123 HTTP/1.1" 200 28377 "-" "Mozilla/4.0 (compatible; MSIE 6.0; Windows NT 5.0)" "-"
123.125.1.167 - - [10/Sep/2015:02:31:41 +0000] "GET /api/release/delete?id=94&token=hehedaxq123 HTTP/1.1" 200 11 "-" "Mozilla/4.0 (compatible; MSIE 6.0; Windows NT 5.0)" "-"
123.125.1.167 - - [10/Sep/2015:02:31:41 +0000] "GET /api/release/select?token=hehedaxq123 HTTP/1.1" 200 28094 "-" "Mozilla/4.0 (compatible; MSIE 6.0; Windows NT 5.0)" "-"
123.125.1.167 - - [10/Sep/2015:02:31:49 +0000] "GET /api/release/save?id=93&token=hehedaxq123&lian=%31%38&qq=%31%39%35%31%35%34%36%31%34%35&qtnc=%E9%A6%99%E9%A6%99&tbnc=%E9%BE%99%E8%99%BE%E5%A4%A7%E4%BC%AF&ip=%E8%B5%A3%E5%B7%9E&benjin=%31%30%30&yongjin=%37&pay=%C3%97%E6%9C%AA%E5%8F%91%E8%B4%A7&free=%E8%BF%9C%E7%A8%8B&ordertime=%32%30%31%35%E5%B9%B4%39%E6%9C%88%31%30%E6%97%A5 HTTP/1.1" 200 11 "-" "Mozilla/4.0 (compatible; MSIE 6.0; Windows NT 5.0)" "-"
123.125.1.167 - - [10/Sep/2015:02:31:49 +0000] "GET /api/release/select?token=hehedaxq123 HTTP/1.1" 200 28090 "-" "Mozilla/4.0 (compatible; MSIE 6.0; Windows NT 5.0)" "-"
222.186.129.5 - - [10/Sep/2015:02:37:58 +0000] "POST http://123.249.24.233/POST_ip_port.php HTTP/1.1" 404 570 "http://123.249.24.233/POST_ip_port.phpAccept: */*" "Mozilla/4.0 (compatible; MSIE 9.0; Windows NT 6.1; 125LA; .NET CLR 2.0.50727; .NET CLR 3.0.04506.648; .NET CLR 3.5.21022)" "-"
222.186.129.5 - - [10/Sep/2015:02:38:06 +0000] "POST http://123.249.24.233/POST_ip_port.php HTTP/1.1" 404 570 "http://123.249.24.233/POST_ip_port.phpAccept: */*" "Mozilla/4.0 (compatible; MSIE 9.0; Windows NT 6.1; 125LA; .NET CLR 2.0.50727; .NET CLR 3.0.04506.648; .NET CLR 3.5.21022)" "-"
123.125.1.167 - - [10/Sep/2015:02:41:09 +0000] "GET /api/release/save?id=95&token=hehedaxq123&lian=%31%38&qq=%31%38%30%39%33%31%38%36%31%38&qtnc=%E8%90%8D%E8%90%8D&tbnc=%7A%79%61%76%78%33%38%33%37%39%35&ip=%E7%A6%8F%E5%BB%BA&benjin=%31%30%30&yongjin=%35&bianhao=%31%32%36%38%38%39%33%34%34%35%37%39%32%36%37%32&pay=%C3%97%E6%9C%AA%E5%8F%91%E8%B4%A7&free=%E8%BF%9C%E7%A8%8B&ordertime=%32%30%31%35%E5%B9%B4%39%E6%9C%88%31%30%E6%97%A5 HTTP/1.1" 200 11 "-" "Mozilla/4.0 (compatible; MSIE 6.0; Windows NT 5.0)" "-"
123.125.1.167 - - [10/Sep/2015:02:41:10 +0000] "GET /api/release/select?token=hehedaxq123 HTTP/1.1" 200 28104 "-" "Mozilla/4.0 (compatible; MSIE 6.0; Windows NT 5.0)" "-"
222.186.129.5 - - [10/Sep/2015:02:44:08 +0000] "POST http://123.249.24.233/POST_ip_port.php HTTP/1.1" 404 570 "http://123.249.24.233/POST_ip_port.phpAccept: */*" "Mozilla/4.0 (compatible; MSIE 9.0; Windows NT 6.1; 125LA; .NET CLR 2.0.50727; .NET CLR 3.0.04506.648; .NET CLR 3.5.21022)" "-"
42.120.142.223 - - [10/Sep/2015:02:47:32 +0000] "GET / HTTP/1.0" 200 9272 "-" "-" "-"
42.120.142.223 - - [10/Sep/2015:02:47:32 +0000] "OPTIONS / HTTP/1.0" 405 172 "-" "-" "-"
222.186.31.145 - - [10/Sep/2015:02:49:19 +0000] "POST http://123.249.24.233/POST_ip_port.php HTTP/1.0" 404 570 "http://123.249.24.233/POST_ip_port.phpAccept: */*" "Mozilla/4.0 (compatible; MSIE 9.0; Windows NT 6.1; 125LA; .NET CLR 2.0.50727; .NET CLR 3.0.04506.648; .NET CLR 3.5.21022)" "-"
222.186.30.211 - - [10/Sep/2015:02:49:33 +0000] "POST http://123.249.24.233/POST_ip_port.php HTTP/1.0" 404 570 "http://123.249.24.233/POST_ip_port.phpAccept: */*" "Mozilla/4.0 (compatible; MSIE 9.0; Windows NT 6.1; 125LA; .NET CLR 2.0.50727; .NET CLR 3.0.04506.648; .NET CLR 3.5.21022)" "-"
222.186.30.211 - - [10/Sep/2015:02:55:17 +0000] "POST http://123.249.24.233/POST_ip_port.php HTTP/1.0" 404 570 "http://123.249.24.233/POST_ip_port.phpAccept: */*" "Mozilla/4.0 (compatible; MSIE 9.0; Windows NT 6.1; 125LA; .NET CLR 2.0.50727; .NET CLR 3.0.04506.648; .NET CLR 3.5.21022)" "-"
123.125.1.167 - - [10/Sep/2015:02:55:55 +0000] "GET /api/release/save?id=93&token=hehedaxq123&lian=%31%38&qq=%31%39%35%31%35%34%36%31%34%35&qtnc=%E9%A6%99%E9%A6%99&tbnc=%E9%BE%99%E8%99%BE%E5%A4%A7%E4%BC%AF&ip=%E8%B5%A3%E5%B7%9E&benjin=%31%30%30&yongjin=%37&bianhao=%31%32%36%38%39%30%30%39%36%35%32%38%35%37%38%37&pay=%C3%97%E6%9C%AA%E5%8F%91%E8%B4%A7&free=%E8%BF%9C%E7%A8%8B&ordertime=%32%30%31%35%E5%B9%B4%39%E6%9C%88%31%30%E6%97%A5 HTTP/1.1" 200 11 "-" "Mozilla/4.0 (compatible; MSIE 6.0; Windows NT 5.0)" "-"
123.125.1.167 - - [10/Sep/2015:02:55:56 +0000] "GET /api/release/select?token=hehedaxq123 HTTP/1.1" 200 28118 "-" "Mozilla/4.0 (compatible; MSIE 6.0; Windows NT 5.0)" "-"
124.193.134.250 - - [10/Sep/2015:03:05:23 +0000] "GET /api/taobao/info/linfeiyang000 HTTP/1.1" 200 5 "-" "Mozilla/5.0 (Macintosh; Intel Mac OS X 10_10_2) AppleWebKit/537.36 (KHTML, like Gecko) Chrome/44.0.2403.157 Safari/537.36" "-"
124.193.134.250 - - [10/Sep/2015:03:05:33 +0000] "GET /api/taobao/info/linfeiyang000?token=xqheheda123 HTTP/1.1" 200 5 "-" "Mozilla/5.0 (Macintosh; Intel Mac OS X 10_10_2) AppleWebKit/537.36 (KHTML, like Gecko) Chrome/44.0.2403.157 Safari/537.36" "-"
124.193.134.250 - - [10/Sep/2015:03:05:36 +0000] "GET /api/taobao/info/linfeiyang000?token=xqheheda123 HTTP/1.1" 200 5 "-" "Mozilla/5.0 (Macintosh; Intel Mac OS X 10_10_2) AppleWebKit/537.36 (KHTML, like Gecko) Chrome/44.0.2403.157 Safari/537.36" "-"
124.193.134.250 - - [10/Sep/2015:03:06:27 +0000] "GET /api/taobao/info/linfeiyang000?token=hehedaxq123 HTTP/1.1" 500 5 "-" "Mozilla/5.0 (Macintosh; Intel Mac OS X 10_10_2) AppleWebKit/537.36 (KHTML, like Gecko) Chrome/44.0.2403.157 Safari/537.36" "-"
123.125.1.167 - - [10/Sep/2015:03:07:29 +0000] "GET /api/randomPlace/20?token=hehedaxq123 HTTP/1.1" 200 1187 "-" "Mozilla/4.0 (compatible; MSIE 6.0; Windows NT 5.0)" "-"
123.125.1.167 - - [10/Sep/2015:03:08:27 +0000] "GET /api/taobao/info/%E8%B4%AD%E7%89%A9%E8%BF%9B%E8%A1%8C%E6%97%B68838?token=hehedaxq123 HTTP/1.1" 500 5 "-" "Mozilla/4.0 (compatible; MSIE 6.0; Windows NT 5.0)" "-"
123.125.1.167 - - [10/Sep/2015:03:08:45 +0000] "GET /api/taobao/info/%E8%B4%AD%E7%89%A9%E8%BF%9B%E8%A1%8C%E6%97%B68838?token=hehedaxq123 HTTP/1.1" 500 5 "-" "Mozilla/4.0 (compatible; MSIE 6.0; Windows NT 5.0)" "-"
123.125.1.167 - - [10/Sep/2015:03:09:43 +0000] "GET /api/randomPlace/20?token=hehedaxq123 HTTP/1.1" 200 1116 "-" "Mozilla/4.0 (compatible; MSIE 6.0; Windows NT 5.0)" "-"
222.186.129.5 - - [10/Sep/2015:03:11:17 +0000] "POST http://123.249.24.233/POST_ip_port.php HTTP/1.1" 404 570 "http://123.249.24.233/POST_ip_port.phpAccept: */*" "Mozilla/4.0 (compatible; MSIE 9.0; Windows NT 6.1; 125LA; .NET CLR 2.0.50727; .NET CLR 3.0.04506.648; .NET CLR 3.5.21022)" "-"
222.186.129.5 - - [10/Sep/2015:03:11:27 +0000] "POST http://123.249.24.233/POST_ip_port.php HTTP/1.1" 404 570 "http://123.249.24.233/POST_ip_port.phpAccept: */*" "Mozilla/4.0 (compatible; MSIE 9.0; Windows NT 6.1; 125LA; .NET CLR 2.0.50727; .NET CLR 3.0.04506.648; .NET CLR 3.5.21022)" "-"
124.65.128.90 - - [10/Sep/2015:03:13:37 +0000] "GET /api/taobao/info/linfeiyang000?token=hehedaxq123 HTTP/1.1" 500 303 "-" "Mozilla/5.0 (Macintosh; Intel Mac OS X 10_10_2) AppleWebKit/537.36 (KHTML, like Gecko) Chrome/44.0.2403.157 Safari/537.36" "-"
123.125.1.167 - - [10/Sep/2015:03:19:31 +0000] "GET /api/randomPlace/20?token=hehedaxq123 HTTP/1.1" 200 5 "-" "Mozilla/4.0 (compatible; MSIE 6.0; Windows NT 5.0)" "-"
123.125.1.167 - - [10/Sep/2015:03:19:32 +0000] "GET /api/randomPlace/20?token=hehedaxq123 HTTP/1.1" 200 5 "-" "Mozilla/4.0 (compatible; MSIE 6.0; Windows NT 5.0)" "-"
123.125.1.167 - - [10/Sep/2015:03:19:35 +0000] "GET /api/taobao/info/%E8%B4%AD%E7%89%A9%E8%BF%9B%E8%A1%8C%E6%97%B68838?token=hehedaxq123 HTTP/1.1" 500 5 "-" "Mozilla/4.0 (compatible; MSIE 6.0; Windows NT 5.0)" "-"
123.125.1.167 - - [10/Sep/2015:03:22:14 +0000] "GET /api/randomPlace/20?token=hehedaxq123 HTTP/1.1" 200 5 "-" "Mozilla/4.0 (compatible; MSIE 6.0; Windows NT 5.0)" "-"
123.125.1.167 - - [10/Sep/2015:03:23:58 +0000] "GET /api/randomPlace/20?token=hehedaxq123 HTTP/1.1" 200 581 "-" "Mozilla/4.0 (compatible; MSIE 6.0; Windows NT 5.0)" "-"
123.125.1.167 - - [10/Sep/2015:03:24:00 +0000] "GET /api/randomPlace/20?token=hehedaxq123 HTTP/1.1" 200 5 "-" "Mozilla/4.0 (compatible; MSIE 6.0; Windows NT 5.0)" "-"
123.125.1.167 - - [10/Sep/2015:03:24:01 +0000] "GET /api/randomPlace/20?token=hehedaxq123 HTTP/1.1" 200 5 "-" "Mozilla/4.0 (compatible; MSIE 6.0; Windows NT 5.0)" "-"
123.125.1.167 - - [10/Sep/2015:03:24:02 +0000] "GET /api/randomPlace/20?token=hehedaxq123 HTTP/1.1" 200 5 "-" "Mozilla/4.0 (compatible; MSIE 6.0; Windows NT 5.0)" "-"
123.125.1.167 - - [10/Sep/2015:03:24:02 +0000] "GET /api/randomPlace/20?token=hehedaxq123 HTTP/1.1" 200 5 "-" "Mozilla/4.0 (compatible; MSIE 6.0; Windows NT 5.0)" "-"
123.125.1.167 - - [10/Sep/2015:03:24:04 +0000] "GET /api/randomPlace/20?token=hehedaxq123 HTTP/1.1" 200 76 "-" "Mozilla/4.0 (compatible; MSIE 6.0; Windows NT 5.0)" "-"
123.125.1.167 - - [10/Sep/2015:03:24:05 +0000] "GET /api/randomPlace/20?token=hehedaxq123 HTTP/1.1" 200 574 "-" "Mozilla/4.0 (compatible; MSIE 6.0; Windows NT 5.0)" "-"
123.125.1.167 - - [10/Sep/2015:03:24:05 +0000] "GET /api/randomPlace/20?token=hehedaxq123 HTTP/1.1" 200 644 "-" "Mozilla/4.0 (compatible; MSIE 6.0; Windows NT 5.0)" "-"
123.125.1.167 - - [10/Sep/2015:03:24:05 +0000] "GET /api/randomPlace/20?token=hehedaxq123 HTTP/1.1" 200 5 "-" "Mozilla/4.0 (compatible; MSIE 6.0; Windows NT 5.0)" "-"
123.125.1.167 - - [10/Sep/2015:03:24:05 +0000] "GET /api/randomPlace/20?token=hehedaxq123 HTTP/1.1" 200 345 "-" "Mozilla/4.0 (compatible; MSIE 6.0; Windows NT 5.0)" "-"
123.125.1.167 - - [10/Sep/2015:03:24:06 +0000] "GET /api/randomPlace/20?token=hehedaxq123 HTTP/1.1" 200 169 "-" "Mozilla/4.0 (compatible; MSIE 6.0; Windows NT 5.0)" "-"
123.125.1.167 - - [10/Sep/2015:03:24:06 +0000] "GET /api/randomPlace/20?token=hehedaxq123 HTTP/1.1" 200 5 "-" "Mozilla/4.0 (compatible; MSIE 6.0; Windows NT 5.0)" "-"
123.125.1.167 - - [10/Sep/2015:03:24:06 +0000] "GET /api/randomPlace/20?token=hehedaxq123 HTTP/1.1" 200 5 "-" "Mozilla/4.0 (compatible; MSIE 6.0; Windows NT 5.0)" "-"
123.125.1.167 - - [10/Sep/2015:03:24:06 +0000] "GET /api/randomPlace/20?token=hehedaxq123 HTTP/1.1" 200 5 "-" "Mozilla/4.0 (compatible; MSIE 6.0; Windows NT 5.0)" "-"
123.125.1.167 - - [10/Sep/2015:03:24:06 +0000] "GET /api/randomPlace/20?token=hehedaxq123 HTTP/1.1" 200 730 "-" "Mozilla/4.0 (compatible; MSIE 6.0; Windows NT 5.0)" "-"
123.125.1.167 - - [10/Sep/2015:03:24:07 +0000] "GET /api/randomPlace/20?token=hehedaxq123 HTTP/1.1" 200 5 "-" "Mozilla/4.0 (compatible; MSIE 6.0; Windows NT 5.0)" "-"
123.125.1.167 - - [10/Sep/2015:03:24:07 +0000] "GET /api/randomPlace/20?token=hehedaxq123 HTTP/1.1" 200 142 "-" "Mozilla/4.0 (compatible; MSIE 6.0; Windows NT 5.0)" "-"
123.125.1.167 - - [10/Sep/2015:03:24:47 +0000] "GET /api/randomPlace/20?token=hehedaxq123 HTTP/1.1" 200 79 "-" "Mozilla/4.0 (compatible; MSIE 6.0; Windows NT 5.0)" "-"
123.125.1.167 - - [10/Sep/2015:03:24:47 +0000] "GET /api/randomPlace/20?token=hehedaxq123 HTTP/1.1" 200 309 "-" "Mozilla/4.0 (compatible; MSIE 6.0; Windows NT 5.0)" "-"
123.125.1.167 - - [10/Sep/2015:03:24:48 +0000] "GET /api/randomPlace/20?token=hehedaxq123 HTTP/1.1" 200 693 "-" "Mozilla/4.0 (compatible; MSIE 6.0; Windows NT 5.0)" "-"
123.125.1.167 - - [10/Sep/2015:03:24:50 +0000] "GET /api/randomPlace/20?token=hehedaxq123 HTTP/1.1" 200 5 "-" "Mozilla/4.0 (compatible; MSIE 6.0; Windows NT 5.0)" "-"
123.125.1.167 - - [10/Sep/2015:03:24:50 +0000] "GET /api/randomPlace/20?token=hehedaxq123 HTTP/1.1" 200 498 "-" "Mozilla/4.0 (compatible; MSIE 6.0; Windows NT 5.0)" "-"
123.125.1.167 - - [10/Sep/2015:03:27:46 +0000] "GET /api/randomPlace/20?token=hehedaxq123 HTTP/1.1" 200 169 "-" "Mozilla/4.0 (compatible; MSIE 6.0; Windows NT 5.0)" "-"
123.125.1.167 - - [10/Sep/2015:03:27:54 +0000] "GET /api/taobao/info/%E8%B4%AD%E7%89%A9%E8%BF%9B%E8%A1%8C%E6%97%B68838?token=hehedaxq123 HTTP/1.1" 500 5 "-" "Mozilla/4.0 (compatible; MSIE 6.0; Windows NT 5.0)" "-"
222.186.129.5 - - [10/Sep/2015:03:29:31 +0000] "POST http://123.249.24.233/POST_ip_port.php HTTP/1.1" 404 570 "http://123.249.24.233/POST_ip_port.phpAccept: */*" "Mozilla/4.0 (compatible; MSIE 9.0; Windows NT 6.1; 125LA; .NET CLR 2.0.50727; .NET CLR 3.0.04506.648; .NET CLR 3.5.21022)" "-"
139.196.13.106 - - [10/Sep/2015:03:32:59 +0000] "GET / HTTP/1.1" 200 9299 "-" "-" "-"
139.196.13.106 - - [10/Sep/2015:03:32:59 +0000] "" 400 0 "-" "-" "-"
222.186.31.145 - - [10/Sep/2015:03:40:04 +0000] "POST http://123.249.24.233/POST_ip_port.php HTTP/1.0" 404 570 "http://123.249.24.233/POST_ip_port.phpAccept: */*" "Mozilla/4.0 (compatible; MSIE 9.0; Windows NT 6.1; 125LA; .NET CLR 2.0.50727; .NET CLR 3.0.04506.648; .NET CLR 3.5.21022)" "-"
59.56.69.195 - - [10/Sep/2015:03:54:18 +0000] "GET / HTTP/1.1" 403 0 "http://www.baidu.com" "Mozilla/5.0 (Windows NT 6.1; WOW64) AppleWebKit/537.36 (KHTML, like Gecko) Chrome/41.0.2272.101 Safari/537.36" "-"
59.56.69.195 - - [10/Sep/2015:03:54:18 +0000] "GET / HTTP/1.1" 403 570 "http://www.baidu.com" "Mozilla/5.0 (Windows NT 6.1; WOW64) AppleWebKit/537.36 (KHTML, like Gecko) Chrome/41.0.2272.101 Safari/537.36" "-"
59.56.69.195 - - [10/Sep/2015:03:54:18 +0000] "GET / HTTP/1.1" 403 0 "http://www.baidu.com" "Mozilla/5.0 (Windows NT 6.1; WOW64) AppleWebKit/537.36 (KHTML, like Gecko) Chrome/41.0.2272.101 Safari/537.36" "-"
222.186.129.5 - - [10/Sep/2015:03:57:29 +0000] "POST http://123.249.24.233/POST_ip_port.php HTTP/1.1" 404 570 "http://123.249.24.233/POST_ip_port.phpAccept: */*" "Mozilla/4.0 (compatible; MSIE 9.0; Windows NT 6.1; 125LA; .NET CLR 2.0.50727; .NET CLR 3.0.04506.648; .NET CLR 3.5.21022)" "-"
222.186.129.5 - - [10/Sep/2015:03:57:48 +0000] "POST http://123.249.24.233/POST_ip_port.php HTTP/1.1" 404 570 "http://123.249.24.233/POST_ip_port.phpAccept: */*" "Mozilla/4.0 (compatible; MSIE 9.0; Windows NT 6.1; 125LA; .NET CLR 2.0.50727; .NET CLR 3.0.04506.648; .NET CLR 3.5.21022)" "-"
121.42.0.17 - - [10/Sep/2015:04:00:13 +0000] "PUT /webscan38502863.txt HTTP/1.1" 404 2341 "http://123.57.144.6/" "Mozilla/4.0 (compatible; MSIE 6.0; Windows NT 5.1;Alibaba.Security.Heimdall.938954)" "-"
121.42.0.17 - - [10/Sep/2015:04:00:23 +0000] "PUT /webscan38502863.txt HTTP/1.1" 404 2341 "http://123.57.144.6/" "Mozilla/4.0 (compatible; MSIE 6.0; Windows NT 5.1;Alibaba.Security.Heimdall.938954)" "-"
121.42.0.17 - - [10/Sep/2015:04:00:25 +0000] "GET /jmx-console/ HTTP/1.1" 404 2341 "http://123.57.144.6/" "Mozilla/4.0 (compatible; MSIE 6.0; Windows NT 5.1;Alibaba.Security.Heimdall.938954)" "-"
121.42.0.17 - - [10/Sep/2015:04:00:27 +0000] "GET /web-console/ HTTP/1.1" 404 2341 "http://123.57.144.6/" "Mozilla/4.0 (compatible; MSIE 6.0; Windows NT 5.1;Alibaba.Security.Heimdall.938954)" "-"
121.42.0.17 - - [10/Sep/2015:04:00:29 +0000] "GET /invoker/JMXInvokerServlet HTTP/1.1" 404 2341 "http://123.57.144.6/" "Mozilla/4.0 (compatible; MSIE 6.0; Windows NT 5.1;Alibaba.Security.Heimdall.938954)" "-"
121.42.0.17 - - [10/Sep/2015:04:00:31 +0000] "GET /invoker/EJBInvokerServlet HTTP/1.1" 404 2341 "http://123.57.144.6/" "Mozilla/4.0 (compatible; MSIE 6.0; Windows NT 5.1;Alibaba.Security.Heimdall.938954)" "-"
121.42.0.17 - - [10/Sep/2015:04:00:32 +0000] "GET /status/ HTTP/1.1" 404 2341 "http://123.57.144.6/" "Mozilla/4.0 (compatible; MSIE 6.0; Windows NT 5.1;Alibaba.Security.Heimdall.938954)" "-"
121.42.0.17 - - [10/Sep/2015:04:00:33 +0000] "GET /server-status/ HTTP/1.1" 404 2341 "http://123.57.144.6/" "Mozilla/4.0 (compatible; MSIE 6.0; Windows NT 5.1;Alibaba.Security.Heimdall.938954)" "-"
121.42.0.17 - - [10/Sep/2015:04:00:40 +0000] "GET /web-console/ HTTP/1.1" 404 2341 "http://123.57.144.6/" "Mozilla/4.0 (compatible; MSIE 6.0; Windows NT 5.1;Alibaba.Security.Heimdall.938954)" "-"
121.42.0.17 - - [10/Sep/2015:04:00:41 +0000] "GET /jmx-console/ HTTP/1.1" 404 2341 "http://123.57.144.6/" "Mozilla/4.0 (compatible; MSIE 6.0; Windows NT 5.1;Alibaba.Security.Heimdall.938954)" "-"
121.42.0.17 - - [10/Sep/2015:04:00:42 +0000] "GET /invoker/JMXInvokerServlet HTTP/1.1" 404 2341 "http://123.57.144.6/" "Mozilla/4.0 (compatible; MSIE 6.0; Windows NT 5.1;Alibaba.Security.Heimdall.938954)" "-"
121.42.0.17 - - [10/Sep/2015:04:00:43 +0000] "GET /invoker/EJBInvokerServlet HTTP/1.1" 404 2341 "http://123.57.144.6/" "Mozilla/4.0 (compatible; MSIE 6.0; Windows NT 5.1;Alibaba.Security.Heimdall.938954)" "-"
121.42.0.17 - - [10/Sep/2015:04:00:44 +0000] "GET /status HTTP/1.1" 404 2341 "http://123.57.144.6/" "Mozilla/4.0 (compatible; MSIE 6.0; Windows NT 5.1;Alibaba.Security.Heimdall.938954)" "-"
121.42.0.17 - - [10/Sep/2015:04:00:45 +0000] "GET /server-status HTTP/1.1" 404 2341 "http://123.57.144.6/" "Mozilla/4.0 (compatible; MSIE 6.0; Windows NT 5.1;Alibaba.Security.Heimdall.938954)" "-"
121.42.0.17 - 1 [10/Sep/2015:04:00:46 +0000] "GET /manager/html HTTP/1.1" 404 2341 "http://123.57.144.6/" "Mozilla/4.0 (compatible; MSIE 6.0; Windows NT 5.1;Alibaba.Security.Heimdall.938954)" "-"
222.186.129.5 - - [10/Sep/2015:04:13:57 +0000] "POST http://123.249.24.233/POST_ip_port.php HTTP/1.1" 404 570 "http://123.249.24.233/POST_ip_port.phpAccept: */*" "Mozilla/4.0 (compatible; MSIE 9.0; Windows NT 6.1; 125LA; .NET CLR 2.0.50727; .NET CLR 3.0.04506.648; .NET CLR 3.5.21022)" "-"
222.186.129.5 - - [10/Sep/2015:04:33:08 +0000] "POST http://123.249.24.233/POST_ip_port.php HTTP/1.1" 404 570 "http://123.249.24.233/POST_ip_port.phpAccept: */*" "Mozilla/4.0 (compatible; MSIE 9.0; Windows NT 6.1; 125LA; .NET CLR 2.0.50727; .NET CLR 3.0.04506.648; .NET CLR 3.5.21022)" "-"
222.186.31.145 - - [10/Sep/2015:04:36:23 +0000] "POST http://123.249.24.233/POST_ip_port.php HTTP/1.0" 404 570 "http://123.249.24.233/POST_ip_port.phpAccept: */*" "Mozilla/4.0 (compatible; MSIE 9.0; Windows NT 6.1; 125LA; .NET CLR 2.0.50727; .NET CLR 3.0.04506.648; .NET CLR 3.5.21022)" "-"
222.186.31.145 - - [10/Sep/2015:04:36:30 +0000] "POST http://123.249.24.233/POST_ip_port.php HTTP/1.0" 404 570 "http://123.249.24.233/POST_ip_port.phpAccept: */*" "Mozilla/4.0 (compatible; MSIE 9.0; Windows NT 6.1; 125LA; .NET CLR 2.0.50727; .NET CLR 3.0.04506.648; .NET CLR 3.5.21022)" "-"
222.186.129.5 - - [10/Sep/2015:04:50:32 +0000] "POST http://123.249.24.233/POST_ip_port.php HTTP/1.1" 404 570 "http://123.249.24.233/POST_ip_port.phpAccept: */*" "Mozilla/4.0 (compatible; MSIE 9.0; Windows NT 6.1; 125LA; .NET CLR 2.0.50727; .NET CLR 3.0.04506.648; .NET CLR 3.5.21022)" "-"
222.186.30.211 - - [10/Sep/2015:05:17:11 +0000] "POST http://123.249.24.233/POST_ip_port.php HTTP/1.0" 404 570 "http://123.249.24.233/POST_ip_port.phpAccept: */*" "Mozilla/4.0 (compatible; MSIE 9.0; Windows NT 6.1; 125LA; .NET CLR 2.0.50727; .NET CLR 3.0.04506.648; .NET CLR 3.5.21022)" "-"
123.125.71.88 - - [10/Sep/2015:05:19:43 +0000] "GET /robots.txt HTTP/1.1" 404 168 "-" "Mozilla/5.0 (Windows NT 5.1; rv:6.0.2) Gecko/20100101 Firefox/6.0.2" "-"
222.186.30.211 - - [10/Sep/2015:05:21:55 +0000] "POST http://123.249.24.233/POST_ip_port.php HTTP/1.0" 404 570 "http://123.249.24.233/POST_ip_port.phpAccept: */*" "Mozilla/4.0 (compatible; MSIE 9.0; Windows NT 6.1; 125LA; .NET CLR 2.0.50727; .NET CLR 3.0.04506.648; .NET CLR 3.5.21022)" "-"
222.186.129.5 - - [10/Sep/2015:06:16:20 +0000] "POST http://123.249.24.233/POST_ip_port.php HTTP/1.1" 404 570 "http://123.249.24.233/POST_ip_port.phpAccept: */*" "Mozilla/4.0 (compatible; MSIE 9.0; Windows NT 6.1; 125LA; .NET CLR 2.0.50727; .NET CLR 3.0.04506.648; .NET CLR 3.5.21022)" "-"
222.186.129.5 - - [10/Sep/2015:06:18:36 +0000] "POST http://123.249.24.233/POST_ip_port.php HTTP/1.1" 404 570 "http://123.249.24.233/POST_ip_port.phpAccept: */*" "Mozilla/4.0 (compatible; MSIE 9.0; Windows NT 6.1; 125LA; .NET CLR 2.0.50727; .NET CLR 3.0.04506.648; .NET CLR 3.5.21022)" "-"
222.186.30.211 - - [10/Sep/2015:06:25:54 +0000] "POST http://123.249.24.233/POST_ip_port.php HTTP/1.0" 404 570 "http://123.249.24.233/POST_ip_port.phpAccept: */*" "Mozilla/4.0 (compatible; MSIE 9.0; Windows NT 6.1; 125LA; .NET CLR 2.0.50727; .NET CLR 3.0.04506.648; .NET CLR 3.5.21022)" "-"
124.95.152.52 - - [10/Sep/2015:06:27:17 +0000] "GET / HTTP/1.1" 403 0 "-" "curl/7.15.5 (x86_64-redhat-linux-gnu) libcurl/7.15.5 OpenSSL/0.9.8b zlib/1.2.3 libidn/0.6.5" "-"
222.186.129.5 - - [10/Sep/2015:06:31:06 +0000] "POST http://123.249.24.233/POST_ip_port.php HTTP/1.1" 404 570 "http://123.249.24.233/POST_ip_port.phpAccept: */*" "Mozilla/4.0 (compatible; MSIE 9.0; Windows NT 6.1; 125LA; .NET CLR 2.0.50727; .NET CLR 3.0.04506.648; .NET CLR 3.5.21022)" "-"
222.186.129.5 - - [10/Sep/2015:06:31:09 +0000] "POST http://123.249.24.233/POST_ip_port.php HTTP/1.1" 404 570 "http://123.249.24.233/POST_ip_port.phpAccept: */*" "Mozilla/4.0 (compatible; MSIE 9.0; Windows NT 6.1; 125LA; .NET CLR 2.0.50727; .NET CLR 3.0.04506.648; .NET CLR 3.5.21022)" "-"
222.186.129.5 - - [10/Sep/2015:06:41:47 +0000] "POST http://123.249.24.233/POST_ip_port.php HTTP/1.1" 404 570 "http://123.249.24.233/POST_ip_port.phpAccept: */*" "Mozilla/4.0 (compatible; MSIE 9.0; Windows NT 6.1; 125LA; .NET CLR 2.0.50727; .NET CLR 3.0.04506.648; .NET CLR 3.5.21022)" "-"
222.186.30.211 - - [10/Sep/2015:07:03:55 +0000] "POST http://123.249.24.233/POST_ip_port.php HTTP/1.0" 404 570 "http://123.249.24.233/POST_ip_port.phpAccept: */*" "Mozilla/4.0 (compatible; MSIE 9.0; Windows NT 6.1; 125LA; .NET CLR 2.0.50727; .NET CLR 3.0.04506.648; .NET CLR 3.5.21022)" "-"
222.186.30.211 - - [10/Sep/2015:07:15:44 +0000] "POST http://123.249.24.233/POST_ip_port.php HTTP/1.0" 404 570 "http://123.249.24.233/POST_ip_port.phpAccept: */*" "Mozilla/4.0 (compatible; MSIE 9.0; Windows NT 6.1; 125LA; .NET CLR 2.0.50727; .NET CLR 3.0.04506.648; .NET CLR 3.5.21022)" "-"
60.173.11.232 - - [10/Sep/2015:07:16:49 +0000] "GET http://www.baidu.com/ HTTP/1.1" 403 570 "-" "Mozilla/4.0 (compatible; MSIE 6.0; Windows NT 5.1; SV1; .NET CLR 2.0.50727; .NET CLR 3.0.04506.648; .NET CLR 3.5.21022)" "-"
121.42.0.18 - - [10/Sep/2015:07:24:01 +0000] "GET / HTTP/1.1" 403 570 "-" "Mozilla/4.0 (compatible; MSIE 6.0; Windows NT 5.1;Alibaba.Security.Heimdall.938576.p)" "-"
222.186.30.211 - - [10/Sep/2015:08:34:15 +0000] "POST http://123.249.24.233/POST_ip_port.php HTTP/1.0" 404 570 "http://123.249.24.233/POST_ip_port.phpAccept: */*" "Mozilla/4.0 (compatible; MSIE 9.0; Windows NT 6.1; 125LA; .NET CLR 2.0.50727; .NET CLR 3.0.04506.648; .NET CLR 3.5.21022)" "-"
222.186.31.145 - - [10/Sep/2015:08:34:22 +0000] "POST http://123.249.24.233/POST_ip_port.php HTTP/1.0" 404 570 "http://123.249.24.233/POST_ip_port.phpAccept: */*" "Mozilla/4.0 (compatible; MSIE 9.0; Windows NT 6.1; 125LA; .NET CLR 2.0.50727; .NET CLR 3.0.04506.648; .NET CLR 3.5.21022)" "-"
222.186.129.5 - - [10/Sep/2015:08:45:03 +0000] "POST http://123.249.24.233/POST_ip_port.php HTTP/1.1" 404 570 "http://123.249.24.233/POST_ip_port.phpAccept: */*" "Mozilla/4.0 (compatible; MSIE 9.0; Windows NT 6.1; 125LA; .NET CLR 2.0.50727; .NET CLR 3.0.04506.648; .NET CLR 3.5.21022)" "-"
222.186.129.5 - - [10/Sep/2015:09:19:14 +0000] "POST http://123.249.24.233/POST_ip_port.php HTTP/1.1" 404 570 "http://123.249.24.233/POST_ip_port.phpAccept: */*" "Mozilla/4.0 (compatible; MSIE 9.0; Windows NT 6.1; 125LA; .NET CLR 2.0.50727; .NET CLR 3.0.04506.648; .NET CLR 3.5.21022)" "-"
222.186.129.5 - - [10/Sep/2015:09:25:14 +0000] "POST http://123.249.24.233/POST_ip_port.php HTTP/1.1" 404 570 "http://123.249.24.233/POST_ip_port.phpAccept: */*" "Mozilla/4.0 (compatible; MSIE 9.0; Windows NT 6.1; 125LA; .NET CLR 2.0.50727; .NET CLR 3.0.04506.648; .NET CLR 3.5.21022)" "-"
222.186.30.211 - - [10/Sep/2015:09:25:45 +0000] "POST http://123.249.24.233/POST_ip_port.php HTTP/1.0" 404 570 "http://123.249.24.233/POST_ip_port.phpAccept: */*" "Mozilla/4.0 (compatible; MSIE 9.0; Windows NT 6.1; 125LA; .NET CLR 2.0.50727; .NET CLR 3.0.04506.648; .NET CLR 3.5.21022)" "-"
222.186.129.5 - - [10/Sep/2015:09:29:48 +0000] "POST http://123.249.24.233/POST_ip_port.php HTTP/1.1" 404 570 "http://123.249.24.233/POST_ip_port.phpAccept: */*" "Mozilla/4.0 (compatible; MSIE 9.0; Windows NT 6.1; 125LA; .NET CLR 2.0.50727; .NET CLR 3.0.04506.648; .NET CLR 3.5.21022)" "-"
113.236.146.10 - - [10/Sep/2015:09:36:43 +0000] "GET /manager/html HTTP/1.1" 404 168 "-" "Mozilla/3.0 (compatible; Indy Library)" "-"
222.186.129.5 - - [10/Sep/2015:09:57:16 +0000] "POST http://123.249.24.233/POST_ip_port.php HTTP/1.1" 404 570 "http://123.249.24.233/POST_ip_port.phpAccept: */*" "Mozilla/4.0 (compatible; MSIE 9.0; Windows NT 6.1; 125LA; .NET CLR 2.0.50727; .NET CLR 3.0.04506.648; .NET CLR 3.5.21022)" "-"
222.186.129.5 - - [10/Sep/2015:10:14:30 +0000] "POST http://123.249.24.233/POST_ip_port.php HTTP/1.1" 404 570 "http://123.249.24.233/POST_ip_port.phpAccept: */*" "Mozilla/4.0 (compatible; MSIE 9.0; Windows NT 6.1; 125LA; .NET CLR 2.0.50727; .NET CLR 3.0.04506.648; .NET CLR 3.5.21022)" "-"
222.186.129.5 - - [10/Sep/2015:10:14:46 +0000] "POST http://123.249.24.233/POST_ip_port.php HTTP/1.1" 404 570 "http://123.249.24.233/POST_ip_port.phpAccept: */*" "Mozilla/4.0 (compatible; MSIE 9.0; Windows NT 6.1; 125LA; .NET CLR 2.0.50727; .NET CLR 3.0.04506.648; .NET CLR 3.5.21022)" "-"
121.42.210.61 - - [10/Sep/2015:10:19:26 +0000] "GET / HTTP/1.1" 200 5362 "-" "-" "-"
121.42.210.61 - - [10/Sep/2015:10:19:26 +0000] "" 400 0 "-" "-" "-"
222.186.129.5 - - [10/Sep/2015:10:24:48 +0000] "POST http://123.249.24.233/POST_ip_port.php HTTP/1.1" 404 570 "http://123.249.24.233/POST_ip_port.phpAccept: */*" "Mozilla/4.0 (compatible; MSIE 9.0; Windows NT 6.1; 125LA; .NET CLR 2.0.50727; .NET CLR 3.0.04506.648; .NET CLR 3.5.21022)" "-"
222.186.129.5 - - [10/Sep/2015:10:35:31 +0000] "POST http://123.249.24.233/POST_ip_port.php HTTP/1.1" 404 570 "http://123.249.24.233/POST_ip_port.phpAccept: */*" "Mozilla/4.0 (compatible; MSIE 9.0; Windows NT 6.1; 125LA; .NET CLR 2.0.50727; .NET CLR 3.0.04506.648; .NET CLR 3.5.21022)" "-"
222.186.129.5 - - [10/Sep/2015:10:37:21 +0000] "POST http://123.249.24.233/POST_ip_port.php HTTP/1.1" 404 570 "http://123.249.24.233/POST_ip_port.phpAccept: */*" "Mozilla/4.0 (compatible; MSIE 9.0; Windows NT 6.1; 125LA; .NET CLR 2.0.50727; .NET CLR 3.0.04506.648; .NET CLR 3.5.21022)" "-"
222.186.31.145 - - [10/Sep/2015:10:58:20 +0000] "POST http://123.249.24.233/POST_ip_port.php HTTP/1.0" 404 570 "http://123.249.24.233/POST_ip_port.phpAccept: */*" "Mozilla/4.0 (compatible; MSIE 9.0; Windows NT 6.1; 125LA; .NET CLR 2.0.50727; .NET CLR 3.0.04506.648; .NET CLR 3.5.21022)" "-"
222.186.30.211 - - [10/Sep/2015:11:04:30 +0000] "POST http://123.249.24.233/POST_ip_port.php HTTP/1.0" 404 570 "http://123.249.24.233/POST_ip_port.phpAccept: */*" "Mozilla/4.0 (compatible; MSIE 9.0; Windows NT 6.1; 125LA; .NET CLR 2.0.50727; .NET CLR 3.0.04506.648; .NET CLR 3.5.21022)" "-"
222.186.129.5 - - [10/Sep/2015:11:09:48 +0000] "POST http://123.249.24.233/POST_ip_port.php HTTP/1.1" 404 570 "http://123.249.24.233/POST_ip_port.phpAccept: */*" "Mozilla/4.0 (compatible; MSIE 9.0; Windows NT 6.1; 125LA; .NET CLR 2.0.50727; .NET CLR 3.0.04506.648; .NET CLR 3.5.21022)" "-"
222.186.129.5 - - [10/Sep/2015:11:37:19 +0000] "POST http://123.249.24.233/POST_ip_port.php HTTP/1.1" 404 570 "http://123.249.24.233/POST_ip_port.phpAccept: */*" "Mozilla/4.0 (compatible; MSIE 9.0; Windows NT 6.1; 125LA; .NET CLR 2.0.50727; .NET CLR 3.0.04506.648; .NET CLR 3.5.21022)" "-"
154.87.1.102 - - [10/Sep/2015:11:37:34 +0000] "GET http://news.ydscan.net/zmap_s.php HTTP/1.1" 404 168 "-" "Mozilla/5.0 (Windows NT 6.1; rv:40.0) Gecko/20100101 Firefox/40.0" "-"
222.186.129.5 - - [10/Sep/2015:11:54:28 +0000] "POST http://123.249.24.233/POST_ip_port.php HTTP/1.1" 404 570 "http://123.249.24.233/POST_ip_port.phpAccept: */*" "Mozilla/4.0 (compatible; MSIE 9.0; Windows NT 6.1; 125LA; .NET CLR 2.0.50727; .NET CLR 3.0.04506.648; .NET CLR 3.5.21022)" "-"
121.42.0.31 - - [10/Sep/2015:12:19:58 +0000] "POST /languages/zh_cn/convert/shopex49.php?license_id=assert HTTP/1.1" 404 0 "http://www.xiaoqiu.org/" "Mozilla/4.0 (compatible; MSIE 6.0; Windows NT 5.1;Alibaba.Security.Heimdall.981011)" "-"
222.186.129.5 - - [10/Sep/2015:12:53:20 +0000] "POST http://123.249.24.233/POST_ip_port.php HTTP/1.1" 404 570 "http://123.249.24.233/POST_ip_port.phpAccept: */*" "Mozilla/4.0 (compatible; MSIE 9.0; Windows NT 6.1; 125LA; .NET CLR 2.0.50727; .NET CLR 3.0.04506.648; .NET CLR 3.5.21022)" "-"
222.186.129.5 - - [10/Sep/2015:13:38:07 +0000] "POST http://123.249.24.233/POST_ip_port.php HTTP/1.1" 404 570 "http://123.249.24.233/POST_ip_port.phpAccept: */*" "Mozilla/4.0 (compatible; MSIE 9.0; Windows NT 6.1; 125LA; .NET CLR 2.0.50727; .NET CLR 3.0.04506.648; .NET CLR 3.5.21022)" "-"
222.186.129.5 - - [10/Sep/2015:13:53:58 +0000] "POST http://123.249.24.233/POST_ip_port.php HTTP/1.1" 404 570 "http://123.249.24.233/POST_ip_port.phpAccept: */*" "Mozilla/4.0 (compatible; MSIE 9.0; Windows NT 6.1; 125LA; .NET CLR 2.0.50727; .NET CLR 3.0.04506.648; .NET CLR 3.5.21022)" "-"
222.186.129.5 - - [10/Sep/2015:13:53:59 +0000] "POST http://123.249.24.233/POST_ip_port.php HTTP/1.1" 404 570 "http://123.249.24.233/POST_ip_port.phpAccept: */*" "Mozilla/4.0 (compatible; MSIE 9.0; Windows NT 6.1; 125LA; .NET CLR 2.0.50727; .NET CLR 3.0.04506.648; .NET CLR 3.5.21022)" "-"
123.57.93.180 - - [10/Sep/2015:14:17:18 +0000] "CONNECT www.google.co.uk:443 HTTP/1.1" 400 172 "-" "-" "-"
222.186.31.145 - - [10/Sep/2015:14:38:47 +0000] "POST http://123.249.24.233/POST_ip_port.php HTTP/1.0" 404 570 "http://123.249.24.233/POST_ip_port.phpAccept: */*" "Mozilla/4.0 (compatible; MSIE 9.0; Windows NT 6.1; 125LA; .NET CLR 2.0.50727; .NET CLR 3.0.04506.648; .NET CLR 3.5.21022)" "-"
222.186.129.5 - - [10/Sep/2015:15:19:53 +0000] "POST http://123.249.24.233/POST_ip_port.php HTTP/1.1" 404 570 "http://123.249.24.233/POST_ip_port.phpAccept: */*" "Mozilla/4.0 (compatible; MSIE 9.0; Windows NT 6.1; 125LA; .NET CLR 2.0.50727; .NET CLR 3.0.04506.648; .NET CLR 3.5.21022)" "-"
222.186.31.145 - - [10/Sep/2015:15:37:20 +0000] "POST http://123.249.24.233/POST_ip_port.php HTTP/1.0" 404 570 "http://123.249.24.233/POST_ip_port.phpAccept: */*" "Mozilla/4.0 (compatible; MSIE 9.0; Windows NT 6.1; 125LA; .NET CLR 2.0.50727; .NET CLR 3.0.04506.648; .NET CLR 3.5.21022)" "-"
68.180.229.99 - - [10/Sep/2015:16:10:22 +0000] "GET / HTTP/1.1" 403 0 "-" "Mozilla/5.0 (compatible; Yahoo! Slurp; http://help.yahoo.com/help/us/ysearch/slurp)" "-"
222.186.129.5 - - [10/Sep/2015:16:11:45 +0000] "POST http://123.249.24.233/POST_ip_port.php HTTP/1.1" 404 570 "http://123.249.24.233/POST_ip_port.phpAccept: */*" "Mozilla/4.0 (compatible; MSIE 9.0; Windows NT 6.1; 125LA; .NET CLR 2.0.50727; .NET CLR 3.0.04506.648; .NET CLR 3.5.21022)" "-"
222.186.31.145 - - [10/Sep/2015:16:12:06 +0000] "POST http://123.249.24.233/POST_ip_port.php HTTP/1.0" 404 570 "http://123.249.24.233/POST_ip_port.phpAccept: */*" "Mozilla/4.0 (compatible; MSIE 9.0; Windows NT 6.1; 125LA; .NET CLR 2.0.50727; .NET CLR 3.0.04506.648; .NET CLR 3.5.21022)" "-"
142.54.165.138 - - [10/Sep/2015:16:22:00 +0000] "GET / HTTP/1.1" 403 570 "-" "Mozilla/4.0 (compatible; MSIE 8.0; Windows NT 6.1; Trident/4.0; SLCC2; .NET CLR 2.0.50727; .NET CLR 3.5.30729; .NET CLR 3.0.30729; Media Center PC 6.0)" "-"
59.56.69.195 - - [10/Sep/2015:16:26:10 +0000] "GET / HTTP/1.1" 403 0 "http://www.baidu.com" "Mozilla/5.0 (Windows NT 6.1; WOW64) AppleWebKit/537.36 (KHTML, like Gecko) Chrome/41.0.2272.101 Safari/537.36" "-"
59.56.69.195 - - [10/Sep/2015:16:26:10 +0000] "GET / HTTP/1.1" 403 0 "http://www.baidu.com" "Mozilla/5.0 (Windows NT 6.1; WOW64) AppleWebKit/537.36 (KHTML, like Gecko) Chrome/41.0.2272.101 Safari/537.36" "-"
222.186.129.5 - - [10/Sep/2015:16:27:51 +0000] "POST http://123.249.24.233/POST_ip_port.php HTTP/1.1" 404 570 "http://123.249.24.233/POST_ip_port.phpAccept: */*" "Mozilla/4.0 (compatible; MSIE 9.0; Windows NT 6.1; 125LA; .NET CLR 2.0.50727; .NET CLR 3.0.04506.648; .NET CLR 3.5.21022)" "-"
222.186.31.145 - - [10/Sep/2015:16:33:30 +0000] "POST http://123.249.24.233/POST_ip_port.php HTTP/1.0" 404 570 "http://123.249.24.233/POST_ip_port.phpAccept: */*" "Mozilla/4.0 (compatible; MSIE 9.0; Windows NT 6.1; 125LA; .NET CLR 2.0.50727; .NET CLR 3.0.04506.648; .NET CLR 3.5.21022)" "-"
222.186.129.5 - - [10/Sep/2015:16:59:22 +0000] "POST http://123.249.24.233/POST_ip_port.php HTTP/1.1" 404 570 "http://123.249.24.233/POST_ip_port.phpAccept: */*" "Mozilla/4.0 (compatible; MSIE 9.0; Windows NT 6.1; 125LA; .NET CLR 2.0.50727; .NET CLR 3.0.04506.648; .NET CLR 3.5.21022)" "-"
111.20.248.74 - - [10/Sep/2015:17:12:29 +0000] "GET / HTTP/1.1" 403 0 "http://www.baidu.com" "Mozilla/5.0 (Windows NT 6.1; WOW64) AppleWebKit/537.36 (KHTML, like Gecko) Chrome/41.0.2272.101 Safari/537.36" "-"
111.20.248.74 - - [10/Sep/2015:17:12:29 +0000] "GET / HTTP/1.1" 403 0 "http://www.baidu.com" "Mozilla/5.0 (Windows NT 6.1; WOW64) AppleWebKit/537.36 (KHTML, like Gecko) Chrome/41.0.2272.101 Safari/537.36" "-"
111.20.248.74 - - [10/Sep/2015:17:12:29 +0000] "GET / HTTP/1.1" 403 570 "http://www.baidu.com" "Mozilla/5.0 (Windows NT 6.1; WOW64) AppleWebKit/537.36 (KHTML, like Gecko) Chrome/41.0.2272.101 Safari/537.36" "-"
183.136.190.62 - - [10/Sep/2015:17:13:58 +0000] "GET / HTTP/1.1" 403 0 "-" "Mozilla/5.0 (Windows NT 6.1) AppleWebKit/537.36 (KHTML, like Gecko) Chrome/35.0.1916.153 Safari/537.36" "-"
91.196.50.33 - - [10/Sep/2015:17:20:33 +0000] "GET http://testp2.czar.bielawa.pl/testproxy.php HTTP/1.1" 404 168 "-" "Mozilla/5.0 (Windows NT 5.1; rv:32.0) Gecko/20100101 Firefox/31.0" "-"
185.49.14.190 - - [10/Sep/2015:17:46:10 +0000] "GET http://testp1.piwo.pila.pl/testproxy.php HTTP/1.1" 404 168 "-" "Mozilla/5.0 (Windows NT 5.1; rv:32.0) Gecko/20100101 Firefox/31.0" "-"
103.19.232.10 - - [10/Sep/2015:17:56:10 +0000] "GET / HTTP/1.1" 403 0 "http://www.baidu.com" "Mozilla/5.0 (Windows NT 6.1; WOW64) AppleWebKit/537.36 (KHTML, like Gecko) Chrome/41.0.2272.101 Safari/537.36" "-"
103.19.232.10 - - [10/Sep/2015:17:56:10 +0000] "GET / HTTP/1.1" 403 570 "http://www.baidu.com" "Mozilla/5.0 (Windows NT 6.1; WOW64) AppleWebKit/537.36 (KHTML, like Gecko) Chrome/41.0.2272.101 Safari/537.36" "-"
222.186.129.5 - - [10/Sep/2015:18:11:13 +0000] "POST http://123.249.24.233/POST_ip_port.php HTTP/1.1" 404 570 "http://123.249.24.233/POST_ip_port.phpAccept: */*" "Mozilla/4.0 (compatible; MSIE 9.0; Windows NT 6.1; 125LA; .NET CLR 2.0.50727; .NET CLR 3.0.04506.648; .NET CLR 3.5.21022)" "-"
222.186.31.145 - - [10/Sep/2015:18:17:27 +0000] "POST http://123.249.24.233/POST_ip_port.php HTTP/1.0" 404 570 "http://123.249.24.233/POST_ip_port.phpAccept: */*" "Mozilla/4.0 (compatible; MSIE 9.0; Windows NT 6.1; 125LA; .NET CLR 2.0.50727; .NET CLR 3.0.04506.648; .NET CLR 3.5.21022)" "-"
182.118.45.236 - - [10/Sep/2015:18:27:23 +0000] "GET / HTTP/1.1" 200 5362 "-" "Mozilla/5.0 (Macintosh; Intel Mac OS X 10_10_1) AppleWebKit/537.36 (KHTML, like Gecko) Chrome/41.0.2251.0 Safari/537.36" "-"
60.173.11.232 - - [10/Sep/2015:18:28:25 +0000] "GET http://www.baidu.com/ HTTP/1.1" 403 570 "-" "Mozilla/4.0 (compatible; MSIE 6.0; Windows NT 5.1; SV1; .NET CLR 2.0.50727; .NET CLR 3.0.04506.648; .NET CLR 3.5.21022)" "-"
198.11.183.56 - - [10/Sep/2015:18:30:38 +0000] "GET / HTTP/1.0" 403 168 "-" "-" "-"
198.11.183.56 - - [10/Sep/2015:18:30:45 +0000] "HEAD / HTTP/1.0" 403 0 "-" "-" "-"
198.11.183.56 - - [10/Sep/2015:18:30:51 +0000] "TRACE HTTP://localhost HTTP/1.0" 405 172 "-" "-" "-"
198.11.183.56 - - [10/Sep/2015:18:30:58 +0000] "TRACE / HTTP/1.0" 405 172 "-" "-" "-"
198.11.183.56 - - [10/Sep/2015:18:31:03 +0000] "\x80\x80\x01\x03\x01\x00W\x00\x00\x00 \x00\x00\x16\x00\x00\x13\x00\x00" 400 172 "-" "-" "-"
46.172.71.251 - - [10/Sep/2015:18:31:11 +0000] "GET /rom-0 HTTP/1.1" 404 2341 "-" "Mozilla/5.0 (compatible; Googlebot/2.1; +http://www.google.com/bot.html)" "-"
198.11.183.56 - - [10/Sep/2015:18:31:12 +0000] "\x03\x00\x00\x0B\x06\xE0\x00\x00\x00\x00\x00" 400 172 "-" "-" "-"
198.11.183.56 - - [10/Sep/2015:18:31:23 +0000] "y\x08\x00\x00\x00\x01\x00\x00\x00\x00\x00\x00 CKAAAAAAAAAAAAAAAAAAAAAAAAAAAAAA\x00\x00!\x00\x01" 400 172 "-" "-" "-"
198.11.183.56 - - [10/Sep/2015:18:31:35 +0000] "\x81\x00\x00D EBENEBFACACACACACACACACACACACACA\x00 EBENEBFACACACACACACACACACACACACA\x00" 400 172 "-" "-" "-"
198.11.183.56 - - [10/Sep/2015:18:31:46 +0000] "\x00\x00\x00\x85\xFFSMBr\x00\x00\x00\x00\x18S\xC8\x00\x00\x00\x00\x00\x00\x00\x00\x00\x00\x00\x00\x00\x00\xFF\xFE\x00\x00\x00\x00\x00b\x00\x02PC NETWORK PROGRAM 1.0\x00\x02LANMAN1.0\x00\x02Windows for Workgroups 3.1a\x00\x02LM1.2X002\x00\x02LANMAN2.1\x00\x02NT LM 0.12\x00" 400 172 "-" "-" "-"
198.11.183.56 - - [10/Sep/2015:18:31:55 +0000] "HELO AMAP" 400 172 "-" "-" "-"
198.11.183.56 - - [10/Sep/2015:18:32:02 +0000] "USER AMAP" 400 172 "-" "-" "-"
198.11.183.56 - - [10/Sep/2015:18:32:08 +0000] "\x80\x00\x00(\x18r\xDBZ\x00\x00\x00\x00\x00\x00\x00\x02\x00\x01\x86\xA0\x00\x00\x00\x02\x00\x00\x00\x04\x00\x00\x00\x00\x00\x00\x00\x00\x00\x00\x00\x00\x00\x00\x00\x00" 400 172 "-" "-" "-"
198.11.183.56 - - [10/Sep/2015:18:32:20 +0000] "\x00\x0C\x00\x00\x10\x00\x00\x00\x00\x00\x00\x00\x00\x00" 400 172 "-" "-" "-"
198.11.183.56 - - [10/Sep/2015:18:32:31 +0000] "0\x0C\x02\x01\x01`\x07\x02\x01\x02\x04\x00\x80\x00" 400 172 "-" "-" "-"
198.11.183.56 - - [10/Sep/2015:18:32:42 +0000] "\x00\xA6\x00\x00\x01\x00\x00\x00\x014\x01,\x00\x00\x08\x00\x7F\xFFO\x98\x00\x00\x00\x01\x00\x84\x00\x22\x00\x00\x00\x00\x01\x01(DESCRIPTION=(CONNECT_DATA=(SID=test)(CID=(PROGRAM=)(HOST=__jdbc__)(USER=)))(ADDRESS=(PROTOCOL=tcp)(HOST=162.27.59.135)(PORT=1521)))" 400 172 "-" "-" "-"
198.11.183.56 - - [10/Sep/2015:18:32:53 +0000] "l\x00\x0B\x00\x00\x00\x12\x00\x10\x00\x00\x00MIT-MAGIC-COOKIE-1\x00\x00\xC6\x174\xB7\x89\xEDe\xC0\x93\xFD\xD8Vf\xFAR@" 400 172 "-" "-" "-"
198.11.183.56 - - [10/Sep/2015:18:33:02 +0000] "\x00\x00\x01\x06\xFF\xFF\xFF\xFF" 400 172 "-" "-" "-"
