182.118.53.135 - - [08/Sep/2015:21:01:49 +0000] "GET / HTTP/1.1" 200 5362 "-" "Mozilla/5.0 (Macintosh; Intel Mac OS X 10_10_1) AppleWebKit/537.36 (KHTML, like Gecko) Chrome/41.0.2251.0 Safari/537.36" "-"
222.186.30.211 - - [08/Sep/2015:21:02:13 +0000] "POST http://123.249.24.233/POST_ip_port.php HTTP/1.0" 404 570 "http://123.249.24.233/POST_ip_port.phpAccept: */*" "Mozilla/4.0 (compatible; MSIE 9.0; Windows NT 6.1; 125LA; .NET CLR 2.0.50727; .NET CLR 3.0.04506.648; .NET CLR 3.5.21022)" "-"
81.144.138.34 - - [08/Sep/2015:21:03:42 +0000] "GET /robots.txt HTTP/1.1" 404 0 "-" "Wotbox/2.01 (+http://www.wotbox.com/bot/)" "-"
222.186.31.145 - - [08/Sep/2015:21:23:27 +0000] "POST http://123.249.24.233/POST_ip_port.php HTTP/1.0" 404 570 "http://123.249.24.233/POST_ip_port.phpAccept: */*" "Mozilla/4.0 (compatible; MSIE 9.0; Windows NT 6.1; 125LA; .NET CLR 2.0.50727; .NET CLR 3.0.04506.648; .NET CLR 3.5.21022)" "-"
222.186.129.5 - - [08/Sep/2015:21:35:36 +0000] "POST http://123.249.24.233/POST_ip_port.php HTTP/1.1" 404 570 "http://123.249.24.233/POST_ip_port.phpAccept: */*" "Mozilla/4.0 (compatible; MSIE 9.0; Windows NT 6.1; 125LA; .NET CLR 2.0.50727; .NET CLR 3.0.04506.648; .NET CLR 3.5.21022)" "-"
222.186.30.211 - - [08/Sep/2015:21:36:05 +0000] "POST http://123.249.24.233/POST_ip_port.php HTTP/1.0" 404 570 "http://123.249.24.233/POST_ip_port.phpAccept: */*" "Mozilla/4.0 (compatible; MSIE 9.0; Windows NT 6.1; 125LA; .NET CLR 2.0.50727; .NET CLR 3.0.04506.648; .NET CLR 3.5.21022)" "-"
222.186.129.5 - - [08/Sep/2015:21:41:45 +0000] "POST http://123.249.24.233/POST_ip_port.php HTTP/1.1" 404 570 "http://123.249.24.233/POST_ip_port.phpAccept: */*" "Mozilla/4.0 (compatible; MSIE 9.0; Windows NT 6.1; 125LA; .NET CLR 2.0.50727; .NET CLR 3.0.04506.648; .NET CLR 3.5.21022)" "-"
59.56.69.195 - - [08/Sep/2015:21:52:59 +0000] "GET / HTTP/1.1" 403 0 "http://www.baidu.com" "Mozilla/5.0 (Windows NT 6.1; WOW64) AppleWebKit/537.36 (KHTML, like Gecko) Chrome/41.0.2272.101 Safari/537.36" "-"
222.186.31.145 - - [08/Sep/2015:21:54:55 +0000] "POST http://123.249.24.233/POST_ip_port.php HTTP/1.0" 404 570 "http://123.249.24.233/POST_ip_port.phpAccept: */*" "Mozilla/4.0 (compatible; MSIE 9.0; Windows NT 6.1; 125LA; .NET CLR 2.0.50727; .NET CLR 3.0.04506.648; .NET CLR 3.5.21022)" "-"
222.186.129.5 - - [08/Sep/2015:22:04:10 +0000] "POST http://123.249.24.233/POST_ip_port.php HTTP/1.1" 404 570 "http://123.249.24.233/POST_ip_port.phpAccept: */*" "Mozilla/4.0 (compatible; MSIE 9.0; Windows NT 6.1; 125LA; .NET CLR 2.0.50727; .NET CLR 3.0.04506.648; .NET CLR 3.5.21022)" "-"
71.6.135.131 - - [08/Sep/2015:22:05:41 +0000] "GET / HTTP/1.1" 200 5362 "-" "-" "-"
71.6.135.131 - - [08/Sep/2015:22:05:42 +0000] "GET /robots.txt HTTP/1.1" 404 2341 "-" "-" "-"
222.186.129.5 - - [08/Sep/2015:22:20:56 +0000] "POST http://123.249.24.233/POST_ip_port.php HTTP/1.1" 404 570 "http://123.249.24.233/POST_ip_port.phpAccept: */*" "Mozilla/4.0 (compatible; MSIE 9.0; Windows NT 6.1; 125LA; .NET CLR 2.0.50727; .NET CLR 3.0.04506.648; .NET CLR 3.5.21022)" "-"
222.186.30.211 - - [08/Sep/2015:22:27:02 +0000] "POST http://123.249.24.233/POST_ip_port.php HTTP/1.0" 404 570 "http://123.249.24.233/POST_ip_port.phpAccept: */*" "Mozilla/4.0 (compatible; MSIE 9.0; Windows NT 6.1; 125LA; .NET CLR 2.0.50727; .NET CLR 3.0.04506.648; .NET CLR 3.5.21022)" "-"
137.226.113.7 - - [08/Sep/2015:22:38:38 +0000] "GET / HTTP/1.1" 200 3020 "-" "-" "-"
222.186.30.211 - - [08/Sep/2015:22:46:40 +0000] "POST http://123.249.24.233/POST_ip_port.php HTTP/1.0" 404 570 "http://123.249.24.233/POST_ip_port.phpAccept: */*" "Mozilla/4.0 (compatible; MSIE 9.0; Windows NT 6.1; 125LA; .NET CLR 2.0.50727; .NET CLR 3.0.04506.648; .NET CLR 3.5.21022)" "-"
222.186.129.5 - - [08/Sep/2015:22:51:21 +0000] "POST http://123.249.24.233/POST_ip_port.php HTTP/1.1" 404 570 "http://123.249.24.233/POST_ip_port.phpAccept: */*" "Mozilla/4.0 (compatible; MSIE 9.0; Windows NT 6.1; 125LA; .NET CLR 2.0.50727; .NET CLR 3.0.04506.648; .NET CLR 3.5.21022)" "-"
222.186.129.5 - - [08/Sep/2015:22:57:09 +0000] "POST http://123.249.24.233/POST_ip_port.php HTTP/1.1" 404 570 "http://123.249.24.233/POST_ip_port.phpAccept: */*" "Mozilla/4.0 (compatible; MSIE 9.0; Windows NT 6.1; 125LA; .NET CLR 2.0.50727; .NET CLR 3.0.04506.648; .NET CLR 3.5.21022)" "-"
222.186.129.5 - - [08/Sep/2015:22:57:20 +0000] "POST http://123.249.24.233/POST_ip_port.php HTTP/1.1" 404 570 "http://123.249.24.233/POST_ip_port.phpAccept: */*" "Mozilla/4.0 (compatible; MSIE 9.0; Windows NT 6.1; 125LA; .NET CLR 2.0.50727; .NET CLR 3.0.04506.648; .NET CLR 3.5.21022)" "-"
45.55.49.125 - - [08/Sep/2015:22:57:52 +0000] "GET / HTTP/1.0" 403 0 "-" "Mozilla/5.0 (compatible; NetcraftSurveyAgent/1.0; +info@netcraft.com)" "-"
222.186.129.5 - - [08/Sep/2015:23:02:23 +0000] "POST http://123.249.24.233/POST_ip_port.php HTTP/1.1" 404 570 "http://123.249.24.233/POST_ip_port.phpAccept: */*" "Mozilla/4.0 (compatible; MSIE 9.0; Windows NT 6.1; 125LA; .NET CLR 2.0.50727; .NET CLR 3.0.04506.648; .NET CLR 3.5.21022)" "-"
111.20.248.74 - - [08/Sep/2015:23:26:37 +0000] "GET / HTTP/1.1" 403 0 "http://www.baidu.com" "Mozilla/5.0 (Windows NT 6.1; WOW64) AppleWebKit/537.36 (KHTML, like Gecko) Chrome/41.0.2272.101 Safari/537.36" "-"
111.20.248.74 - - [08/Sep/2015:23:26:37 +0000] "GET / HTTP/1.1" 403 0 "http://www.baidu.com" "Mozilla/5.0 (Windows NT 6.1; WOW64) AppleWebKit/537.36 (KHTML, like Gecko) Chrome/41.0.2272.101 Safari/537.36" "-"
111.20.248.74 - - [08/Sep/2015:23:26:37 +0000] "GET / HTTP/1.1" 403 0 "http://www.baidu.com" "Mozilla/5.0 (Windows NT 6.1; WOW64) AppleWebKit/537.36 (KHTML, like Gecko) Chrome/41.0.2272.101 Safari/537.36" "-"
222.186.129.5 - - [08/Sep/2015:23:55:06 +0000] "POST http://123.249.24.233/POST_ip_port.php HTTP/1.1" 404 570 "http://123.249.24.233/POST_ip_port.phpAccept: */*" "Mozilla/4.0 (compatible; MSIE 9.0; Windows NT 6.1; 125LA; .NET CLR 2.0.50727; .NET CLR 3.0.04506.648; .NET CLR 3.5.21022)" "-"
222.186.129.5 - - [08/Sep/2015:23:58:19 +0000] "POST http://123.249.24.233/POST_ip_port.php HTTP/1.1" 404 570 "http://123.249.24.233/POST_ip_port.phpAccept: */*" "Mozilla/4.0 (compatible; MSIE 9.0; Windows NT 6.1; 125LA; .NET CLR 2.0.50727; .NET CLR 3.0.04506.648; .NET CLR 3.5.21022)" "-"
222.186.129.5 - - [09/Sep/2015:00:17:49 +0000] "POST http://123.249.24.233/POST_ip_port.php HTTP/1.1" 404 570 "http://123.249.24.233/POST_ip_port.phpAccept: */*" "Mozilla/4.0 (compatible; MSIE 9.0; Windows NT 6.1; 125LA; .NET CLR 2.0.50727; .NET CLR 3.0.04506.648; .NET CLR 3.5.21022)" "-"
123.125.1.167 - - [09/Sep/2015:00:19:03 +0000] "GET /api/release/select?token=hehedaxq123 HTTP/1.1" 200 27201 "-" "Mozilla/4.0 (compatible; MSIE 6.0; Windows NT 5.0)" "-"
123.125.1.167 - - [09/Sep/2015:00:20:25 +0000] "GET /api/release/save?id=85&token=hehedaxq123&lian=%38&qq=%36%32%35%37%39%34%35%31%33&qtnc=%E4%B8%80%E4%B8%87&tbnc=%E7%94%B0%E5%BE%AE%36%32%35%37%39%34%35%31%33&ip=%E5%B1%B1%E4%B8%9C%E6%B5%8E%E5%AE%81&benjin=%33%35%30%30&yongjin=%39&bianhao=%31%32%35%34%31%36%35%31%34%36%37%37%35%38%31%38&pay=%C3%97%E6%9C%AA%E5%8F%91%E8%B4%A7&free=%E8%BF%9C%E7%A8%8B&ordertime=%32%30%31%35%E5%B9%B4%39%E6%9C%88%34%E6%97%A5 HTTP/1.1" 200 11 "-" "Mozilla/4.0 (compatible; MSIE 6.0; Windows NT 5.0)" "-"
123.125.1.167 - - [09/Sep/2015:00:20:26 +0000] "GET /api/release/select?token=hehedaxq123 HTTP/1.1" 200 27202 "-" "Mozilla/4.0 (compatible; MSIE 6.0; Windows NT 5.0)" "-"
123.125.1.167 - - [09/Sep/2015:00:20:37 +0000] "GET /api/release/save?id=84&pay=%E2%88%9A%E5%B7%B2%E5%8F%91%E8%B4%A7&token=hehedaxq123 HTTP/1.1" 200 11 "-" "Mozilla/4.0 (compatible; MSIE 6.0; Windows NT 5.0)" "-"
123.125.1.167 - - [09/Sep/2015:00:20:37 +0000] "GET /api/release/select?token=hehedaxq123 HTTP/1.1" 200 27202 "-" "Mozilla/4.0 (compatible; MSIE 6.0; Windows NT 5.0)" "-"
123.125.1.167 - - [09/Sep/2015:00:20:44 +0000] "GET /api/release/save?id=85&pay=%E2%88%9A%E5%B7%B2%E5%8F%91%E8%B4%A7&token=hehedaxq123 HTTP/1.1" 200 11 "-" "Mozilla/4.0 (compatible; MSIE 6.0; Windows NT 5.0)" "-"
123.125.1.167 - - [09/Sep/2015:00:20:44 +0000] "GET /api/release/select?token=hehedaxq123 HTTP/1.1" 200 27202 "-" "Mozilla/4.0 (compatible; MSIE 6.0; Windows NT 5.0)" "-"
222.186.31.145 - - [09/Sep/2015:00:26:59 +0000] "POST http://123.249.24.233/POST_ip_port.php HTTP/1.0" 404 570 "http://123.249.24.233/POST_ip_port.phpAccept: */*" "Mozilla/4.0 (compatible; MSIE 9.0; Windows NT 6.1; 125LA; .NET CLR 2.0.50727; .NET CLR 3.0.04506.648; .NET CLR 3.5.21022)" "-"
222.186.129.5 - - [09/Sep/2015:00:31:59 +0000] "POST http://123.249.24.233/POST_ip_port.php HTTP/1.1" 404 570 "http://123.249.24.233/POST_ip_port.phpAccept: */*" "Mozilla/4.0 (compatible; MSIE 9.0; Windows NT 6.1; 125LA; .NET CLR 2.0.50727; .NET CLR 3.0.04506.648; .NET CLR 3.5.21022)" "-"
222.186.30.211 - - [09/Sep/2015:00:32:15 +0000] "POST http://123.249.24.233/POST_ip_port.php HTTP/1.0" 404 570 "http://123.249.24.233/POST_ip_port.phpAccept: */*" "Mozilla/4.0 (compatible; MSIE 9.0; Windows NT 6.1; 125LA; .NET CLR 2.0.50727; .NET CLR 3.0.04506.648; .NET CLR 3.5.21022)" "-"
45.55.46.73 - - [09/Sep/2015:00:46:34 +0000] "HEAD / HTTP/1.0" 200 0 "-" "Mozilla/5.0 (compatible; NetcraftSurveyAgent/1.0; +info@netcraft.com)" "-"
185.53.44.202 - - [09/Sep/2015:00:48:17 +0000] "GET / HTTP/1.1" 403 0 "-" "Mozilla/5.0 (compatible; XoviBot/2.0; +http://www.xovibot.net/)" "-"
222.186.30.211 - - [09/Sep/2015:00:59:27 +0000] "POST http://123.249.24.233/POST_ip_port.php HTTP/1.0" 404 570 "http://123.249.24.233/POST_ip_port.phpAccept: */*" "Mozilla/4.0 (compatible; MSIE 9.0; Windows NT 6.1; 125LA; .NET CLR 2.0.50727; .NET CLR 3.0.04506.648; .NET CLR 3.5.21022)" "-"
222.186.30.211 - - [09/Sep/2015:00:59:40 +0000] "POST http://123.249.24.233/POST_ip_port.php HTTP/1.0" 404 570 "http://123.249.24.233/POST_ip_port.phpAccept: */*" "Mozilla/4.0 (compatible; MSIE 9.0; Windows NT 6.1; 125LA; .NET CLR 2.0.50727; .NET CLR 3.0.04506.648; .NET CLR 3.5.21022)" "-"
222.186.30.211 - - [09/Sep/2015:01:05:57 +0000] "POST http://123.249.24.233/POST_ip_port.php HTTP/1.0" 404 570 "http://123.249.24.233/POST_ip_port.phpAccept: */*" "Mozilla/4.0 (compatible; MSIE 9.0; Windows NT 6.1; 125LA; .NET CLR 2.0.50727; .NET CLR 3.0.04506.648; .NET CLR 3.5.21022)" "-"
222.186.30.211 - - [09/Sep/2015:01:05:57 +0000] "POST http://123.249.24.233/POST_ip_port.php HTTP/1.0" 404 570 "http://123.249.24.233/POST_ip_port.phpAccept: */*" "Mozilla/4.0 (compatible; MSIE 9.0; Windows NT 6.1; 125LA; .NET CLR 2.0.50727; .NET CLR 3.0.04506.648; .NET CLR 3.5.21022)" "-"
123.125.1.167 - - [09/Sep/2015:01:22:47 +0000] "GET /api/release/save?id=80&pay=%E2%88%9A%E5%B7%B2%E6%94%B6%E8%B4%A7&token=hehedaxq123 HTTP/1.1" 200 11 "-" "Mozilla/4.0 (compatible; MSIE 6.0; Windows NT 5.0)" "-"
123.125.1.167 - - [09/Sep/2015:01:22:47 +0000] "GET /api/release/select?token=hehedaxq123 HTTP/1.1" 200 27202 "-" "Mozilla/4.0 (compatible; MSIE 6.0; Windows NT 5.0)" "-"
222.186.129.5 - - [09/Sep/2015:01:33:53 +0000] "POST http://123.249.24.233/POST_ip_port.php HTTP/1.1" 404 570 "http://123.249.24.233/POST_ip_port.phpAccept: */*" "Mozilla/4.0 (compatible; MSIE 9.0; Windows NT 6.1; 125LA; .NET CLR 2.0.50727; .NET CLR 3.0.04506.648; .NET CLR 3.5.21022)" "-"
222.186.30.211 - - [09/Sep/2015:01:40:39 +0000] "POST http://123.249.24.233/POST_ip_port.php HTTP/1.0" 404 570 "http://123.249.24.233/POST_ip_port.phpAccept: */*" "Mozilla/4.0 (compatible; MSIE 9.0; Windows NT 6.1; 125LA; .NET CLR 2.0.50727; .NET CLR 3.0.04506.648; .NET CLR 3.5.21022)" "-"
222.186.129.5 - - [09/Sep/2015:01:52:00 +0000] "POST http://123.249.24.233/POST_ip_port.php HTTP/1.1" 404 570 "http://123.249.24.233/POST_ip_port.phpAccept: */*" "Mozilla/4.0 (compatible; MSIE 9.0; Windows NT 6.1; 125LA; .NET CLR 2.0.50727; .NET CLR 3.0.04506.648; .NET CLR 3.5.21022)" "-"
222.186.129.5 - - [09/Sep/2015:01:56:46 +0000] "POST http://123.249.24.233/POST_ip_port.php HTTP/1.1" 404 570 "http://123.249.24.233/POST_ip_port.phpAccept: */*" "Mozilla/4.0 (compatible; MSIE 9.0; Windows NT 6.1; 125LA; .NET CLR 2.0.50727; .NET CLR 3.0.04506.648; .NET CLR 3.5.21022)" "-"
222.186.129.5 - - [09/Sep/2015:01:56:52 +0000] "POST http://123.249.24.233/POST_ip_port.php HTTP/1.1" 404 570 "http://123.249.24.233/POST_ip_port.phpAccept: */*" "Mozilla/4.0 (compatible; MSIE 9.0; Windows NT 6.1; 125LA; .NET CLR 2.0.50727; .NET CLR 3.0.04506.648; .NET CLR 3.5.21022)" "-"
222.186.30.211 - - [09/Sep/2015:02:08:24 +0000] "POST http://123.249.24.233/POST_ip_port.php HTTP/1.0" 404 570 "http://123.249.24.233/POST_ip_port.phpAccept: */*" "Mozilla/4.0 (compatible; MSIE 9.0; Windows NT 6.1; 125LA; .NET CLR 2.0.50727; .NET CLR 3.0.04506.648; .NET CLR 3.5.21022)" "-"
120.26.55.211 - - [09/Sep/2015:02:11:31 +0000] "GET /plus/infosearch.php?action=search&q=%cf'%20union%20select%201,2,userid,4,md5(233333),6%20from%20dede_admin/* HTTP/1.1" 404 27 "-" "-" "-"
120.26.55.211 - - [09/Sep/2015:02:11:31 +0000] "" 400 0 "-" "-" "-"
120.26.55.211 - - [09/Sep/2015:02:16:12 +0000] "GET /plus/infosearch.php?action=search&q=%cf,2,id,4,md5(233333),6%20from%20dede_admin/* HTTP/1.1" 404 27 "-" "-" "-"
120.26.55.211 - - [09/Sep/2015:02:16:12 +0000] "" 400 0 "-" "-" "-"
222.186.129.5 - - [09/Sep/2015:02:25:25 +0000] "POST http://123.249.24.233/POST_ip_port.php HTTP/1.1" 404 570 "http://123.249.24.233/POST_ip_port.phpAccept: */*" "Mozilla/4.0 (compatible; MSIE 9.0; Windows NT 6.1; 125LA; .NET CLR 2.0.50727; .NET CLR 3.0.04506.648; .NET CLR 3.5.21022)" "-"
139.196.13.106 - - [09/Sep/2015:02:49:36 +0000] "GET / HTTP/1.1" 200 9299 "-" "-" "-"
139.196.13.106 - - [09/Sep/2015:02:49:36 +0000] "" 400 0 "-" "-" "-"
120.26.55.211 - - [09/Sep/2015:02:50:32 +0000] "GET /plus/feedback_js.php?arcurl='' union select \x22'' and 1=2 union select 1,1,1,userid,3,1,3,3,md5(233333),1,1,3,1,1,1,1,1 from dede_admin where 1=1 union select * from dede_feedback where 1=2 and ''''=''\x22 from dede_admin where ''''='' HTTP/1.1" 404 27 "-" "-" "-"
120.26.55.211 - - [09/Sep/2015:02:50:32 +0000] "" 400 0 "-" "-" "-"
121.42.0.38 - - [09/Sep/2015:02:57:02 +0000] "GET / HTTP/1.1" 403 0 "-" "Mozilla/4.0 (compatible; MSIE 6.0; Windows NT 5.1;Alibaba.Security.Heimdall.938576.p)" "-"
120.26.55.211 - - [09/Sep/2015:02:57:40 +0000] "GET /member/ajax_membergroup.php?action=post&membergroup=@`'`%20Union%20select%20md5(233333)%20from%20`%23@__admin`%20where%201%20or%20id=@`'` HTTP/1.1" 404 27 "-" "-" "-"
120.26.55.211 - - [09/Sep/2015:02:57:40 +0000] "" 400 0 "-" "-" "-"
120.26.55.211 - - [09/Sep/2015:03:15:38 +0000] "GET /api/checkorder.php?username=%ce%27%20and%201=2%20union%20select%201%20and%20%28select%201%20from%28select%20count%28*%29,concat%28%28Select%20concat%280x5b,user_name,0x3a,md5(233333),0x5d%29%20FROM%20ecs_admin_user%20limit%200,1%29,floor%28rand%280%29*2%29%29x%20from%20information_schema.tables%20group%20by%20x%29a%29%20%23 HTTP/1.1" 404 27 "-" "-" "-"
120.26.55.211 - - [09/Sep/2015:03:15:39 +0000] "" 400 0 "-" "-" "-"
222.186.129.5 - - [09/Sep/2015:03:27:36 +0000] "POST http://123.249.24.233/POST_ip_port.php HTTP/1.1" 404 570 "http://123.249.24.233/POST_ip_port.phpAccept: */*" "Mozilla/4.0 (compatible; MSIE 9.0; Windows NT 6.1; 125LA; .NET CLR 2.0.50727; .NET CLR 3.0.04506.648; .NET CLR 3.5.21022)" "-"
222.186.129.5 - - [09/Sep/2015:03:33:40 +0000] "POST http://123.249.24.233/POST_ip_port.php HTTP/1.1" 404 570 "http://123.249.24.233/POST_ip_port.phpAccept: */*" "Mozilla/4.0 (compatible; MSIE 9.0; Windows NT 6.1; 125LA; .NET CLR 2.0.50727; .NET CLR 3.0.04506.648; .NET CLR 3.5.21022)" "-"
120.26.55.211 - - [09/Sep/2015:03:34:23 +0000] "GET /include/paygate/alipay/pays.php?out_trade_no=22%27%20AND%20%28SELECT%201%20FROM%28SELECT%20COUNT%28*%29,CONCAT%28%28SELECT%20concat%280x3a,mname,0x3a,md5(233333),0x3a,email,0x3a%29%20from%20cms_members%20limit%200,1%29,FLOOR%28RAND%280%29*2%29%29X%20FROM%20information_schema.tables%20GROUP%20BY%20X%29a%29%20AND%27 HTTP/1.1" 404 27 "-" "-" "-"
120.26.55.211 - - [09/Sep/2015:03:34:23 +0000] "" 400 0 "-" "-" "-"
222.186.30.211 - - [09/Sep/2015:03:38:44 +0000] "POST http://123.249.24.233/POST_ip_port.php HTTP/1.0" 404 570 "http://123.249.24.233/POST_ip_port.phpAccept: */*" "Mozilla/4.0 (compatible; MSIE 9.0; Windows NT 6.1; 125LA; .NET CLR 2.0.50727; .NET CLR 3.0.04506.648; .NET CLR 3.5.21022)" "-"
121.42.0.36 - - [09/Sep/2015:03:50:16 +0000] "PUT /webscan38502863.txt HTTP/1.1" 404 2341 "http://123.57.144.6/" "Mozilla/4.0 (compatible; MSIE 6.0; Windows NT 5.1;Alibaba.Security.Heimdall.938954)" "-"
121.42.0.36 - - [09/Sep/2015:03:50:22 +0000] "PUT /webscan38502863.txt HTTP/1.1" 404 2341 "http://123.57.144.6/" "Mozilla/4.0 (compatible; MSIE 6.0; Windows NT 5.1;Alibaba.Security.Heimdall.938954)" "-"
121.42.0.36 - - [09/Sep/2015:03:50:23 +0000] "GET /jmx-console/ HTTP/1.1" 404 2341 "http://123.57.144.6/" "Mozilla/4.0 (compatible; MSIE 6.0; Windows NT 5.1;Alibaba.Security.Heimdall.938954)" "-"
121.42.0.36 - - [09/Sep/2015:03:50:24 +0000] "GET /web-console/ HTTP/1.1" 404 2341 "http://123.57.144.6/" "Mozilla/4.0 (compatible; MSIE 6.0; Windows NT 5.1;Alibaba.Security.Heimdall.938954)" "-"
121.42.0.36 - - [09/Sep/2015:03:50:25 +0000] "GET /invoker/JMXInvokerServlet HTTP/1.1" 404 2341 "http://123.57.144.6/" "Mozilla/4.0 (compatible; MSIE 6.0; Windows NT 5.1;Alibaba.Security.Heimdall.938954)" "-"
121.42.0.36 - - [09/Sep/2015:03:50:26 +0000] "GET /invoker/EJBInvokerServlet HTTP/1.1" 404 2341 "http://123.57.144.6/" "Mozilla/4.0 (compatible; MSIE 6.0; Windows NT 5.1;Alibaba.Security.Heimdall.938954)" "-"
121.42.0.36 - - [09/Sep/2015:03:50:27 +0000] "GET /status/ HTTP/1.1" 404 2341 "http://123.57.144.6/" "Mozilla/4.0 (compatible; MSIE 6.0; Windows NT 5.1;Alibaba.Security.Heimdall.938954)" "-"
121.42.0.36 - - [09/Sep/2015:03:50:28 +0000] "GET /server-status/ HTTP/1.1" 404 2341 "http://123.57.144.6/" "Mozilla/4.0 (compatible; MSIE 6.0; Windows NT 5.1;Alibaba.Security.Heimdall.938954)" "-"
121.42.0.36 - - [09/Sep/2015:03:50:36 +0000] "GET /web-console/ HTTP/1.1" 404 2341 "http://123.57.144.6/" "Mozilla/4.0 (compatible; MSIE 6.0; Windows NT 5.1;Alibaba.Security.Heimdall.938954)" "-"
121.42.0.36 - - [09/Sep/2015:03:50:37 +0000] "GET /jmx-console/ HTTP/1.1" 404 2341 "http://123.57.144.6/" "Mozilla/4.0 (compatible; MSIE 6.0; Windows NT 5.1;Alibaba.Security.Heimdall.938954)" "-"
121.42.0.36 - - [09/Sep/2015:03:50:38 +0000] "GET /invoker/JMXInvokerServlet HTTP/1.1" 404 2341 "http://123.57.144.6/" "Mozilla/4.0 (compatible; MSIE 6.0; Windows NT 5.1;Alibaba.Security.Heimdall.938954)" "-"
121.42.0.36 - - [09/Sep/2015:03:50:40 +0000] "GET /invoker/EJBInvokerServlet HTTP/1.1" 404 2341 "http://123.57.144.6/" "Mozilla/4.0 (compatible; MSIE 6.0; Windows NT 5.1;Alibaba.Security.Heimdall.938954)" "-"
121.42.0.36 - - [09/Sep/2015:03:50:41 +0000] "GET /status HTTP/1.1" 404 2341 "http://123.57.144.6/" "Mozilla/4.0 (compatible; MSIE 6.0; Windows NT 5.1;Alibaba.Security.Heimdall.938954)" "-"
121.42.0.36 - - [09/Sep/2015:03:50:42 +0000] "GET /server-status HTTP/1.1" 404 2341 "http://123.57.144.6/" "Mozilla/4.0 (compatible; MSIE 6.0; Windows NT 5.1;Alibaba.Security.Heimdall.938954)" "-"
121.42.0.36 - 1 [09/Sep/2015:03:50:43 +0000] "GET /manager/html HTTP/1.1" 404 2341 "http://123.57.144.6/" "Mozilla/4.0 (compatible; MSIE 6.0; Windows NT 5.1;Alibaba.Security.Heimdall.938954)" "-"
195.154.165.177 - - [09/Sep/2015:04:11:00 +0000] "GET / HTTP/1.1" 403 168 "-" "Mozilla/5.0 (Windows NT 5.1)" "-"
222.186.129.5 - - [09/Sep/2015:04:12:12 +0000] "POST http://123.249.24.233/POST_ip_port.php HTTP/1.1" 404 570 "http://123.249.24.233/POST_ip_port.phpAccept: */*" "Mozilla/4.0 (compatible; MSIE 9.0; Windows NT 6.1; 125LA; .NET CLR 2.0.50727; .NET CLR 3.0.04506.648; .NET CLR 3.5.21022)" "-"
222.186.30.211 - - [09/Sep/2015:04:12:27 +0000] "POST http://123.249.24.233/POST_ip_port.php HTTP/1.0" 404 570 "http://123.249.24.233/POST_ip_port.phpAccept: */*" "Mozilla/4.0 (compatible; MSIE 9.0; Windows NT 6.1; 125LA; .NET CLR 2.0.50727; .NET CLR 3.0.04506.648; .NET CLR 3.5.21022)" "-"
222.186.30.211 - - [09/Sep/2015:04:18:27 +0000] "POST http://123.249.24.233/POST_ip_port.php HTTP/1.0" 404 570 "http://123.249.24.233/POST_ip_port.phpAccept: */*" "Mozilla/4.0 (compatible; MSIE 9.0; Windows NT 6.1; 125LA; .NET CLR 2.0.50727; .NET CLR 3.0.04506.648; .NET CLR 3.5.21022)" "-"
123.57.93.180 - - [09/Sep/2015:04:28:45 +0000] "CONNECT www.google.co.uk:443 HTTP/1.1" 400 172 "-" "-" "-"
123.125.1.167 - - [09/Sep/2015:04:31:00 +0000] "GET /api/release/select?token=hehedaxq123 HTTP/1.1" 200 27202 "-" "Mozilla/4.0 (compatible; MSIE 6.0; Windows NT 5.0)" "-"
123.125.1.167 - - [09/Sep/2015:04:32:11 +0000] "GET /api/release/save?id=68&pay=%E2%88%9A%E5%B7%B2%E6%94%B6%E8%B4%A7&token=hehedaxq123 HTTP/1.1" 200 11 "-" "Mozilla/4.0 (compatible; MSIE 6.0; Windows NT 5.0)" "-"
123.125.1.167 - - [09/Sep/2015:04:32:11 +0000] "GET /api/release/select?token=hehedaxq123 HTTP/1.1" 200 27202 "-" "Mozilla/4.0 (compatible; MSIE 6.0; Windows NT 5.0)" "-"
59.56.69.195 - - [09/Sep/2015:04:32:44 +0000] "GET / HTTP/1.1" 403 0 "http://www.baidu.com" "Mozilla/5.0 (Windows NT 6.1; WOW64) AppleWebKit/537.36 (KHTML, like Gecko) Chrome/41.0.2272.101 Safari/537.36" "-"
59.56.69.195 - - [09/Sep/2015:04:32:44 +0000] "GET / HTTP/1.1" 403 570 "http://www.baidu.com" "Mozilla/5.0 (Windows NT 6.1; WOW64) AppleWebKit/537.36 (KHTML, like Gecko) Chrome/41.0.2272.101 Safari/537.36" "-"
59.56.69.195 - - [09/Sep/2015:04:32:44 +0000] "GET / HTTP/1.1" 403 0 "http://www.baidu.com" "Mozilla/5.0 (Windows NT 6.1; WOW64) AppleWebKit/537.36 (KHTML, like Gecko) Chrome/41.0.2272.101 Safari/537.36" "-"
59.56.69.195 - - [09/Sep/2015:04:32:44 +0000] "GET / HTTP/1.1" 403 570 "http://www.baidu.com" "Mozilla/5.0 (Windows NT 6.1; WOW64) AppleWebKit/537.36 (KHTML, like Gecko) Chrome/41.0.2272.101 Safari/537.36" "-"
59.56.69.195 - - [09/Sep/2015:04:32:44 +0000] "GET / HTTP/1.1" 403 570 "http://www.baidu.com" "Mozilla/5.0 (Windows NT 6.1; WOW64) AppleWebKit/537.36 (KHTML, like Gecko) Chrome/41.0.2272.101 Safari/537.36" "-"
222.186.30.211 - - [09/Sep/2015:04:35:33 +0000] "POST http://123.249.24.233/POST_ip_port.php HTTP/1.0" 404 570 "http://123.249.24.233/POST_ip_port.phpAccept: */*" "Mozilla/4.0 (compatible; MSIE 9.0; Windows NT 6.1; 125LA; .NET CLR 2.0.50727; .NET CLR 3.0.04506.648; .NET CLR 3.5.21022)" "-"
222.186.58.112 - - [09/Sep/2015:04:43:17 +0000] "GET http://www.baidu.com/ HTTP/1.1" 403 570 "-" "Mozilla/4.0 (compatible; MSIE 6.0; Windows NT 5.1; SV1; .NET CLR 2.0.50727; .NET CLR 3.0.04506.648; .NET CLR 3.5.21022)" "-"
222.186.129.5 - - [09/Sep/2015:04:48:14 +0000] "POST http://123.249.24.233/POST_ip_port.php HTTP/1.1" 404 570 "http://123.249.24.233/POST_ip_port.phpAccept: */*" "Mozilla/4.0 (compatible; MSIE 9.0; Windows NT 6.1; 125LA; .NET CLR 2.0.50727; .NET CLR 3.0.04506.648; .NET CLR 3.5.21022)" "-"
222.186.31.145 - - [09/Sep/2015:04:48:28 +0000] "POST http://123.249.24.233/POST_ip_port.php HTTP/1.0" 404 570 "http://123.249.24.233/POST_ip_port.phpAccept: */*" "Mozilla/4.0 (compatible; MSIE 9.0; Windows NT 6.1; 125LA; .NET CLR 2.0.50727; .NET CLR 3.0.04506.648; .NET CLR 3.5.21022)" "-"
222.186.129.5 - - [09/Sep/2015:04:48:34 +0000] "POST http://123.249.24.233/POST_ip_port.php HTTP/1.1" 404 570 "http://123.249.24.233/POST_ip_port.phpAccept: */*" "Mozilla/4.0 (compatible; MSIE 9.0; Windows NT 6.1; 125LA; .NET CLR 2.0.50727; .NET CLR 3.0.04506.648; .NET CLR 3.5.21022)" "-"
222.186.30.211 - - [09/Sep/2015:04:49:20 +0000] "POST http://123.249.24.233/POST_ip_port.php HTTP/1.0" 404 570 "http://123.249.24.233/POST_ip_port.phpAccept: */*" "Mozilla/4.0 (compatible; MSIE 9.0; Windows NT 6.1; 125LA; .NET CLR 2.0.50727; .NET CLR 3.0.04506.648; .NET CLR 3.5.21022)" "-"
222.186.30.211 - - [09/Sep/2015:04:56:08 +0000] "POST http://123.249.24.233/POST_ip_port.php HTTP/1.0" 404 570 "http://123.249.24.233/POST_ip_port.phpAccept: */*" "Mozilla/4.0 (compatible; MSIE 9.0; Windows NT 6.1; 125LA; .NET CLR 2.0.50727; .NET CLR 3.0.04506.648; .NET CLR 3.5.21022)" "-"
222.186.30.211 - - [09/Sep/2015:04:56:11 +0000] "POST http://123.249.24.233/POST_ip_port.php HTTP/1.0" 404 570 "http://123.249.24.233/POST_ip_port.phpAccept: */*" "Mozilla/4.0 (compatible; MSIE 9.0; Windows NT 6.1; 125LA; .NET CLR 2.0.50727; .NET CLR 3.0.04506.648; .NET CLR 3.5.21022)" "-"
222.186.30.211 - - [09/Sep/2015:05:02:52 +0000] "POST http://123.249.24.233/POST_ip_port.php HTTP/1.0" 404 570 "http://123.249.24.233/POST_ip_port.phpAccept: */*" "Mozilla/4.0 (compatible; MSIE 9.0; Windows NT 6.1; 125LA; .NET CLR 2.0.50727; .NET CLR 3.0.04506.648; .NET CLR 3.5.21022)" "-"
222.186.129.5 - - [09/Sep/2015:05:15:46 +0000] "POST http://123.249.24.233/POST_ip_port.php HTTP/1.1" 404 570 "http://123.249.24.233/POST_ip_port.phpAccept: */*" "Mozilla/4.0 (compatible; MSIE 9.0; Windows NT 6.1; 125LA; .NET CLR 2.0.50727; .NET CLR 3.0.04506.648; .NET CLR 3.5.21022)" "-"
222.186.31.145 - - [09/Sep/2015:05:31:40 +0000] "POST http://123.249.24.233/POST_ip_port.php HTTP/1.0" 404 570 "http://123.249.24.233/POST_ip_port.phpAccept: */*" "Mozilla/4.0 (compatible; MSIE 9.0; Windows NT 6.1; 125LA; .NET CLR 2.0.50727; .NET CLR 3.0.04506.648; .NET CLR 3.5.21022)" "-"
222.186.129.5 - - [09/Sep/2015:06:06:10 +0000] "POST http://123.249.24.233/POST_ip_port.php HTTP/1.1" 404 570 "http://123.249.24.233/POST_ip_port.phpAccept: */*" "Mozilla/4.0 (compatible; MSIE 9.0; Windows NT 6.1; 125LA; .NET CLR 2.0.50727; .NET CLR 3.0.04506.648; .NET CLR 3.5.21022)" "-"
222.186.30.211 - - [09/Sep/2015:06:28:17 +0000] "POST http://123.249.24.233/POST_ip_port.php HTTP/1.0" 404 570 "http://123.249.24.233/POST_ip_port.phpAccept: */*" "Mozilla/4.0 (compatible; MSIE 9.0; Windows NT 6.1; 125LA; .NET CLR 2.0.50727; .NET CLR 3.0.04506.648; .NET CLR 3.5.21022)" "-"
222.186.31.145 - - [09/Sep/2015:06:44:44 +0000] "POST http://123.249.24.233/POST_ip_port.php HTTP/1.0" 404 570 "http://123.249.24.233/POST_ip_port.phpAccept: */*" "Mozilla/4.0 (compatible; MSIE 9.0; Windows NT 6.1; 125LA; .NET CLR 2.0.50727; .NET CLR 3.0.04506.648; .NET CLR 3.5.21022)" "-"
222.186.30.211 - - [09/Sep/2015:06:55:05 +0000] "POST http://123.249.24.233/POST_ip_port.php HTTP/1.0" 404 570 "http://123.249.24.233/POST_ip_port.phpAccept: */*" "Mozilla/4.0 (compatible; MSIE 9.0; Windows NT 6.1; 125LA; .NET CLR 2.0.50727; .NET CLR 3.0.04506.648; .NET CLR 3.5.21022)" "-"
103.240.16.119 - - [09/Sep/2015:06:56:08 +0000] "GET http://www.example.com/ HTTP/1.1" 403 168 "-" "Mozilla/5.0 (Windows NT 6.1)" "-"
222.186.129.5 - - [09/Sep/2015:07:00:48 +0000] "POST http://123.249.24.233/POST_ip_port.php HTTP/1.1" 404 570 "http://123.249.24.233/POST_ip_port.phpAccept: */*" "Mozilla/4.0 (compatible; MSIE 9.0; Windows NT 6.1; 125LA; .NET CLR 2.0.50727; .NET CLR 3.0.04506.648; .NET CLR 3.5.21022)" "-"
42.103.57.78 - - [09/Sep/2015:07:11:58 +0000] "GET http://www.zhubajie.com/ HTTP/1.1" 403 570 "http://www.zhubajie.com/" "Mozilla/5.0 (compatible; MSIE 9.0; Windows NT 6.1; Trident/5.0)" "-"
222.186.31.145 - - [09/Sep/2015:07:18:20 +0000] "POST http://123.249.24.233/POST_ip_port.php HTTP/1.0" 404 570 "http://123.249.24.233/POST_ip_port.phpAccept: */*" "Mozilla/4.0 (compatible; MSIE 9.0; Windows NT 6.1; 125LA; .NET CLR 2.0.50727; .NET CLR 3.0.04506.648; .NET CLR 3.5.21022)" "-"
222.186.31.145 - - [09/Sep/2015:07:18:20 +0000] "POST http://123.249.24.233/POST_ip_port.php HTTP/1.0" 404 570 "http://123.249.24.233/POST_ip_port.phpAccept: */*" "Mozilla/4.0 (compatible; MSIE 9.0; Windows NT 6.1; 125LA; .NET CLR 2.0.50727; .NET CLR 3.0.04506.648; .NET CLR 3.5.21022)" "-"
222.186.129.5 - - [09/Sep/2015:07:24:08 +0000] "POST http://123.249.24.233/POST_ip_port.php HTTP/1.1" 404 570 "http://123.249.24.233/POST_ip_port.phpAccept: */*" "Mozilla/4.0 (compatible; MSIE 9.0; Windows NT 6.1; 125LA; .NET CLR 2.0.50727; .NET CLR 3.0.04506.648; .NET CLR 3.5.21022)" "-"
222.186.31.145 - - [09/Sep/2015:07:24:15 +0000] "POST http://123.249.24.233/POST_ip_port.php HTTP/1.0" 404 570 "http://123.249.24.233/POST_ip_port.phpAccept: */*" "Mozilla/4.0 (compatible; MSIE 9.0; Windows NT 6.1; 125LA; .NET CLR 2.0.50727; .NET CLR 3.0.04506.648; .NET CLR 3.5.21022)" "-"
61.160.213.110 - - [09/Sep/2015:07:25:20 +0000] "GET http://www.baidu.com/ HTTP/1.1" 403 570 "-" "Mozilla/4.0 (compatible; MSIE 6.0; Windows NT 5.1; SV1; .NET CLR 2.0.50727; .NET CLR 3.0.04506.648; .NET CLR 3.5.21022)" "-"
222.186.30.211 - - [09/Sep/2015:07:40:13 +0000] "POST http://123.249.24.233/POST_ip_port.php HTTP/1.0" 404 570 "http://123.249.24.233/POST_ip_port.phpAccept: */*" "Mozilla/4.0 (compatible; MSIE 9.0; Windows NT 6.1; 125LA; .NET CLR 2.0.50727; .NET CLR 3.0.04506.648; .NET CLR 3.5.21022)" "-"
222.186.129.5 - - [09/Sep/2015:07:46:12 +0000] "POST http://123.249.24.233/POST_ip_port.php HTTP/1.1" 404 570 "http://123.249.24.233/POST_ip_port.phpAccept: */*" "Mozilla/4.0 (compatible; MSIE 9.0; Windows NT 6.1; 125LA; .NET CLR 2.0.50727; .NET CLR 3.0.04506.648; .NET CLR 3.5.21022)" "-"
222.186.129.5 - - [09/Sep/2015:07:46:22 +0000] "POST http://123.249.24.233/POST_ip_port.php HTTP/1.1" 404 570 "http://123.249.24.233/POST_ip_port.phpAccept: */*" "Mozilla/4.0 (compatible; MSIE 9.0; Windows NT 6.1; 125LA; .NET CLR 2.0.50727; .NET CLR 3.0.04506.648; .NET CLR 3.5.21022)" "-"
220.180.172.124 - - [09/Sep/2015:07:50:12 +0000] "GET http://www.163.com/ HTTP/1.1" 403 570 "http://www.163.com/" "Mozilla/5.0 (compatible; MSIE 9.0; Windows NT 6.1; Trident/5.0)" "-"
222.186.129.5 - - [09/Sep/2015:07:59:57 +0000] "POST http://123.249.24.233/POST_ip_port.php HTTP/1.1" 404 570 "http://123.249.24.233/POST_ip_port.phpAccept: */*" "Mozilla/4.0 (compatible; MSIE 9.0; Windows NT 6.1; 125LA; .NET CLR 2.0.50727; .NET CLR 3.0.04506.648; .NET CLR 3.5.21022)" "-"
120.26.55.211 - - [09/Sep/2015:08:01:08 +0000] "GET /index.php?m=message HTTP/1.1" 404 2361 "-" "-" "-"
120.26.55.211 - - [09/Sep/2015:08:01:08 +0000] "" 400 0 "-" "-" "-"
222.186.31.145 - - [09/Sep/2015:08:05:30 +0000] "POST http://123.249.24.233/POST_ip_port.php HTTP/1.0" 404 570 "http://123.249.24.233/POST_ip_port.phpAccept: */*" "Mozilla/4.0 (compatible; MSIE 9.0; Windows NT 6.1; 125LA; .NET CLR 2.0.50727; .NET CLR 3.0.04506.648; .NET CLR 3.5.21022)" "-"
185.25.151.159 - - [09/Sep/2015:08:14:08 +0000] "GET http://testp4.pospr.waw.pl/testproxy.php HTTP/1.1" 404 168 "-" "Mozilla/5.0 (Windows NT 5.1; rv:32.0) Gecko/20100101 Firefox/31.0" "-"
222.186.129.5 - - [09/Sep/2015:08:37:18 +0000] "POST http://123.249.24.233/POST_ip_port.php HTTP/1.1" 404 570 "http://123.249.24.233/POST_ip_port.phpAccept: */*" "Mozilla/4.0 (compatible; MSIE 9.0; Windows NT 6.1; 125LA; .NET CLR 2.0.50727; .NET CLR 3.0.04506.648; .NET CLR 3.5.21022)" "-"
157.55.39.149 - - [09/Sep/2015:08:42:55 +0000] "GET / HTTP/1.1" 403 0 "-" "Mozilla/5.0 (compatible; bingbot/2.0; +http://www.bing.com/bingbot.htm)" "-"
222.186.31.145 - - [09/Sep/2015:08:47:33 +0000] "POST http://123.249.24.233/POST_ip_port.php HTTP/1.0" 404 570 "http://123.249.24.233/POST_ip_port.phpAccept: */*" "Mozilla/4.0 (compatible; MSIE 9.0; Windows NT 6.1; 125LA; .NET CLR 2.0.50727; .NET CLR 3.0.04506.648; .NET CLR 3.5.21022)" "-"
222.186.31.145 - - [09/Sep/2015:08:58:30 +0000] "POST http://123.249.24.233/POST_ip_port.php HTTP/1.0" 404 570 "http://123.249.24.233/POST_ip_port.phpAccept: */*" "Mozilla/4.0 (compatible; MSIE 9.0; Windows NT 6.1; 125LA; .NET CLR 2.0.50727; .NET CLR 3.0.04506.648; .NET CLR 3.5.21022)" "-"
222.186.30.211 - - [09/Sep/2015:09:43:58 +0000] "POST http://123.249.24.233/POST_ip_port.php HTTP/1.0" 404 570 "http://123.249.24.233/POST_ip_port.phpAccept: */*" "Mozilla/4.0 (compatible; MSIE 9.0; Windows NT 6.1; 125LA; .NET CLR 2.0.50727; .NET CLR 3.0.04506.648; .NET CLR 3.5.21022)" "-"
222.186.129.5 - - [09/Sep/2015:10:30:45 +0000] "POST http://123.249.24.233/POST_ip_port.php HTTP/1.1" 404 570 "http://123.249.24.233/POST_ip_port.phpAccept: */*" "Mozilla/4.0 (compatible; MSIE 9.0; Windows NT 6.1; 125LA; .NET CLR 2.0.50727; .NET CLR 3.0.04506.648; .NET CLR 3.5.21022)" "-"
222.186.129.5 - - [09/Sep/2015:10:47:56 +0000] "POST http://123.249.24.233/POST_ip_port.php HTTP/1.1" 404 570 "http://123.249.24.233/POST_ip_port.phpAccept: */*" "Mozilla/4.0 (compatible; MSIE 9.0; Windows NT 6.1; 125LA; .NET CLR 2.0.50727; .NET CLR 3.0.04506.648; .NET CLR 3.5.21022)" "-"
222.186.30.211 - - [09/Sep/2015:10:48:05 +0000] "POST http://123.249.24.233/POST_ip_port.php HTTP/1.0" 404 570 "http://123.249.24.233/POST_ip_port.phpAccept: */*" "Mozilla/4.0 (compatible; MSIE 9.0; Windows NT 6.1; 125LA; .NET CLR 2.0.50727; .NET CLR 3.0.04506.648; .NET CLR 3.5.21022)" "-"
222.186.129.5 - - [09/Sep/2015:11:10:07 +0000] "POST http://123.249.24.233/POST_ip_port.php HTTP/1.1" 404 570 "http://123.249.24.233/POST_ip_port.phpAccept: */*" "Mozilla/4.0 (compatible; MSIE 9.0; Windows NT 6.1; 125LA; .NET CLR 2.0.50727; .NET CLR 3.0.04506.648; .NET CLR 3.5.21022)" "-"
222.186.31.145 - - [09/Sep/2015:11:10:22 +0000] "POST http://123.249.24.233/POST_ip_port.php HTTP/1.0" 404 570 "http://123.249.24.233/POST_ip_port.phpAccept: */*" "Mozilla/4.0 (compatible; MSIE 9.0; Windows NT 6.1; 125LA; .NET CLR 2.0.50727; .NET CLR 3.0.04506.648; .NET CLR 3.5.21022)" "-"
222.186.30.211 - - [09/Sep/2015:11:15:49 +0000] "POST http://123.249.24.233/POST_ip_port.php HTTP/1.0" 404 570 "http://123.249.24.233/POST_ip_port.phpAccept: */*" "Mozilla/4.0 (compatible; MSIE 9.0; Windows NT 6.1; 125LA; .NET CLR 2.0.50727; .NET CLR 3.0.04506.648; .NET CLR 3.5.21022)" "-"
222.186.129.5 - - [09/Sep/2015:11:48:09 +0000] "POST http://123.249.24.233/POST_ip_port.php HTTP/1.1" 404 570 "http://123.249.24.233/POST_ip_port.phpAccept: */*" "Mozilla/4.0 (compatible; MSIE 9.0; Windows NT 6.1; 125LA; .NET CLR 2.0.50727; .NET CLR 3.0.04506.648; .NET CLR 3.5.21022)" "-"
222.186.129.5 - - [09/Sep/2015:12:07:20 +0000] "POST http://123.249.24.233/POST_ip_port.php HTTP/1.1" 404 570 "http://123.249.24.233/POST_ip_port.phpAccept: */*" "Mozilla/4.0 (compatible; MSIE 9.0; Windows NT 6.1; 125LA; .NET CLR 2.0.50727; .NET CLR 3.0.04506.648; .NET CLR 3.5.21022)" "-"
222.186.129.5 - - [09/Sep/2015:12:23:17 +0000] "POST http://123.249.24.233/POST_ip_port.php HTTP/1.1" 404 570 "http://123.249.24.233/POST_ip_port.phpAccept: */*" "Mozilla/4.0 (compatible; MSIE 9.0; Windows NT 6.1; 125LA; .NET CLR 2.0.50727; .NET CLR 3.0.04506.648; .NET CLR 3.5.21022)" "-"
222.186.129.5 - - [09/Sep/2015:12:23:24 +0000] "POST http://123.249.24.233/POST_ip_port.php HTTP/1.1" 404 570 "http://123.249.24.233/POST_ip_port.phpAccept: */*" "Mozilla/4.0 (compatible; MSIE 9.0; Windows NT 6.1; 125LA; .NET CLR 2.0.50727; .NET CLR 3.0.04506.648; .NET CLR 3.5.21022)" "-"
222.186.129.5 - - [09/Sep/2015:12:34:31 +0000] "POST http://123.249.24.233/POST_ip_port.php HTTP/1.1" 404 570 "http://123.249.24.233/POST_ip_port.phpAccept: */*" "Mozilla/4.0 (compatible; MSIE 9.0; Windows NT 6.1; 125LA; .NET CLR 2.0.50727; .NET CLR 3.0.04506.648; .NET CLR 3.5.21022)" "-"
203.133.171.37 - - [09/Sep/2015:12:39:09 +0000] "GET / HTTP/1.1" 403 0 "-" "Mozilla/5.0 (compatible; MSIE or Firefox mutant; not on Windows server;) Daumoa 4.0" "-"
222.186.31.145 - - [09/Sep/2015:12:52:08 +0000] "POST http://123.249.24.233/POST_ip_port.php HTTP/1.0" 404 570 "http://123.249.24.233/POST_ip_port.phpAccept: */*" "Mozilla/4.0 (compatible; MSIE 9.0; Windows NT 6.1; 125LA; .NET CLR 2.0.50727; .NET CLR 3.0.04506.648; .NET CLR 3.5.21022)" "-"
222.186.31.145 - - [09/Sep/2015:12:58:10 +0000] "POST http://123.249.24.233/POST_ip_port.php HTTP/1.0" 404 570 "http://123.249.24.233/POST_ip_port.phpAccept: */*" "Mozilla/4.0 (compatible; MSIE 9.0; Windows NT 6.1; 125LA; .NET CLR 2.0.50727; .NET CLR 3.0.04506.648; .NET CLR 3.5.21022)" "-"
222.186.129.5 - - [09/Sep/2015:13:07:35 +0000] "POST http://123.249.24.233/POST_ip_port.php HTTP/1.1" 404 570 "http://123.249.24.233/POST_ip_port.phpAccept: */*" "Mozilla/4.0 (compatible; MSIE 9.0; Windows NT 6.1; 125LA; .NET CLR 2.0.50727; .NET CLR 3.0.04506.648; .NET CLR 3.5.21022)" "-"
222.186.129.5 - - [09/Sep/2015:13:58:52 +0000] "POST http://123.249.24.233/POST_ip_port.php HTTP/1.1" 404 570 "http://123.249.24.233/POST_ip_port.phpAccept: */*" "Mozilla/4.0 (compatible; MSIE 9.0; Windows NT 6.1; 125LA; .NET CLR 2.0.50727; .NET CLR 3.0.04506.648; .NET CLR 3.5.21022)" "-"
188.165.15.230 - - [09/Sep/2015:14:05:46 +0000] "GET / HTTP/1.1" 403 0 "-" "Mozilla/5.0 (compatible; AhrefsBot/5.0; +http://ahrefs.com/robot/)" "-"
222.186.31.145 - - [09/Sep/2015:14:12:15 +0000] "POST http://123.249.24.233/POST_ip_port.php HTTP/1.0" 404 570 "http://123.249.24.233/POST_ip_port.phpAccept: */*" "Mozilla/4.0 (compatible; MSIE 9.0; Windows NT 6.1; 125LA; .NET CLR 2.0.50727; .NET CLR 3.0.04506.648; .NET CLR 3.5.21022)" "-"
60.18.4.146 - - [09/Sep/2015:14:25:10 +0000] "GET /manager/html HTTP/1.1" 404 168 "-" "Mozilla/3.0 (compatible; Indy Library)" "-"
222.186.31.145 - - [09/Sep/2015:14:49:16 +0000] "POST http://123.249.24.233/POST_ip_port.php HTTP/1.0" 404 570 "http://123.249.24.233/POST_ip_port.phpAccept: */*" "Mozilla/4.0 (compatible; MSIE 9.0; Windows NT 6.1; 125LA; .NET CLR 2.0.50727; .NET CLR 3.0.04506.648; .NET CLR 3.5.21022)" "-"
222.186.31.145 - - [09/Sep/2015:15:10:16 +0000] "POST http://123.249.24.233/POST_ip_port.php HTTP/1.0" 404 570 "http://123.249.24.233/POST_ip_port.phpAccept: */*" "Mozilla/4.0 (compatible; MSIE 9.0; Windows NT 6.1; 125LA; .NET CLR 2.0.50727; .NET CLR 3.0.04506.648; .NET CLR 3.5.21022)" "-"
222.186.30.211 - - [09/Sep/2015:15:32:21 +0000] "POST http://123.249.24.233/POST_ip_port.php HTTP/1.0" 404 570 "http://123.249.24.233/POST_ip_port.phpAccept: */*" "Mozilla/4.0 (compatible; MSIE 9.0; Windows NT 6.1; 125LA; .NET CLR 2.0.50727; .NET CLR 3.0.04506.648; .NET CLR 3.5.21022)" "-"
141.212.122.50 - - [09/Sep/2015:15:49:04 +0000] "CONNECT proxytest.zmap.io:80 HTTP/1.1" 400 172 "-" "-" "-"
222.186.129.5 - - [09/Sep/2015:16:02:43 +0000] "POST http://123.249.24.233/POST_ip_port.php HTTP/1.1" 404 570 "http://123.249.24.233/POST_ip_port.phpAccept: */*" "Mozilla/4.0 (compatible; MSIE 9.0; Windows NT 6.1; 125LA; .NET CLR 2.0.50727; .NET CLR 3.0.04506.648; .NET CLR 3.5.21022)" "-"
222.186.31.145 - - [09/Sep/2015:16:02:52 +0000] "POST http://123.249.24.233/POST_ip_port.php HTTP/1.0" 404 570 "http://123.249.24.233/POST_ip_port.phpAccept: */*" "Mozilla/4.0 (compatible; MSIE 9.0; Windows NT 6.1; 125LA; .NET CLR 2.0.50727; .NET CLR 3.0.04506.648; .NET CLR 3.5.21022)" "-"
222.186.30.211 - - [09/Sep/2015:16:10:55 +0000] "POST http://123.249.24.233/POST_ip_port.php HTTP/1.0" 404 570 "http://123.249.24.233/POST_ip_port.phpAccept: */*" "Mozilla/4.0 (compatible; MSIE 9.0; Windows NT 6.1; 125LA; .NET CLR 2.0.50727; .NET CLR 3.0.04506.648; .NET CLR 3.5.21022)" "-"
222.186.129.5 - - [09/Sep/2015:16:16:35 +0000] "POST http://123.249.24.233/POST_ip_port.php HTTP/1.1" 404 570 "http://123.249.24.233/POST_ip_port.phpAccept: */*" "Mozilla/4.0 (compatible; MSIE 9.0; Windows NT 6.1; 125LA; .NET CLR 2.0.50727; .NET CLR 3.0.04506.648; .NET CLR 3.5.21022)" "-"
222.186.30.211 - - [09/Sep/2015:16:33:32 +0000] "POST http://123.249.24.233/POST_ip_port.php HTTP/1.0" 404 570 "http://123.249.24.233/POST_ip_port.phpAccept: */*" "Mozilla/4.0 (compatible; MSIE 9.0; Windows NT 6.1; 125LA; .NET CLR 2.0.50727; .NET CLR 3.0.04506.648; .NET CLR 3.5.21022)" "-"
222.186.30.211 - - [09/Sep/2015:16:43:02 +0000] "POST http://123.249.24.233/POST_ip_port.php HTTP/1.0" 404 570 "http://123.249.24.233/POST_ip_port.phpAccept: */*" "Mozilla/4.0 (compatible; MSIE 9.0; Windows NT 6.1; 125LA; .NET CLR 2.0.50727; .NET CLR 3.0.04506.648; .NET CLR 3.5.21022)" "-"
222.186.129.5 - - [09/Sep/2015:16:49:29 +0000] "POST http://123.249.24.233/POST_ip_port.php HTTP/1.1" 404 570 "http://123.249.24.233/POST_ip_port.phpAccept: */*" "Mozilla/4.0 (compatible; MSIE 9.0; Windows NT 6.1; 125LA; .NET CLR 2.0.50727; .NET CLR 3.0.04506.648; .NET CLR 3.5.21022)" "-"
66.249.69.41 - - [09/Sep/2015:16:51:15 +0000] "GET /robots.txt HTTP/1.1" 404 0 "-" "Mozilla/5.0 (compatible; Googlebot/2.1; +http://www.google.com/bot.html)" "-"
66.249.69.49 - - [09/Sep/2015:16:51:17 +0000] "GET /?paged=2 HTTP/1.1" 403 0 "-" "Mozilla/5.0 (compatible; Googlebot/2.1; +http://www.google.com/bot.html)" "-"
222.186.30.211 - - [09/Sep/2015:17:06:29 +0000] "POST http://123.249.24.233/POST_ip_port.php HTTP/1.0" 404 570 "http://123.249.24.233/POST_ip_port.phpAccept: */*" "Mozilla/4.0 (compatible; MSIE 9.0; Windows NT 6.1; 125LA; .NET CLR 2.0.50727; .NET CLR 3.0.04506.648; .NET CLR 3.5.21022)" "-"
222.186.30.211 - - [09/Sep/2015:17:06:29 +0000] "POST http://123.249.24.233/POST_ip_port.php HTTP/1.0" 404 570 "http://123.249.24.233/POST_ip_port.phpAccept: */*" "Mozilla/4.0 (compatible; MSIE 9.0; Windows NT 6.1; 125LA; .NET CLR 2.0.50727; .NET CLR 3.0.04506.648; .NET CLR 3.5.21022)" "-"
222.186.129.5 - - [09/Sep/2015:17:28:58 +0000] "POST http://123.249.24.233/POST_ip_port.php HTTP/1.1" 404 570 "http://123.249.24.233/POST_ip_port.phpAccept: */*" "Mozilla/4.0 (compatible; MSIE 9.0; Windows NT 6.1; 125LA; .NET CLR 2.0.50727; .NET CLR 3.0.04506.648; .NET CLR 3.5.21022)" "-"
222.186.30.211 - - [09/Sep/2015:17:33:59 +0000] "POST http://123.249.24.233/POST_ip_port.php HTTP/1.0" 404 570 "http://123.249.24.233/POST_ip_port.phpAccept: */*" "Mozilla/4.0 (compatible; MSIE 9.0; Windows NT 6.1; 125LA; .NET CLR 2.0.50727; .NET CLR 3.0.04506.648; .NET CLR 3.5.21022)" "-"
222.186.30.211 - - [09/Sep/2015:17:33:59 +0000] "POST http://123.249.24.233/POST_ip_port.php HTTP/1.0" 404 570 "http://123.249.24.233/POST_ip_port.phpAccept: */*" "Mozilla/4.0 (compatible; MSIE 9.0; Windows NT 6.1; 125LA; .NET CLR 2.0.50727; .NET CLR 3.0.04506.648; .NET CLR 3.5.21022)" "-"
222.186.129.5 - - [09/Sep/2015:17:38:53 +0000] "POST http://123.249.24.233/POST_ip_port.php HTTP/1.1" 404 570 "http://123.249.24.233/POST_ip_port.phpAccept: */*" "Mozilla/4.0 (compatible; MSIE 9.0; Windows NT 6.1; 125LA; .NET CLR 2.0.50727; .NET CLR 3.0.04506.648; .NET CLR 3.5.21022)" "-"
103.19.232.10 - - [09/Sep/2015:18:03:21 +0000] "GET / HTTP/1.1" 403 0 "http://www.baidu.com" "Mozilla/5.0 (Windows NT 6.1; WOW64) AppleWebKit/537.36 (KHTML, like Gecko) Chrome/41.0.2272.101 Safari/537.36" "-"
103.19.232.10 - - [09/Sep/2015:18:03:21 +0000] "GET / HTTP/1.1" 403 0 "http://www.baidu.com" "Mozilla/5.0 (Windows NT 6.1; WOW64) AppleWebKit/537.36 (KHTML, like Gecko) Chrome/41.0.2272.101 Safari/537.36" "-"
103.19.232.10 - - [09/Sep/2015:18:03:21 +0000] "GET / HTTP/1.1" 403 0 "http://www.baidu.com" "Mozilla/5.0 (Windows NT 6.1; WOW64) AppleWebKit/537.36 (KHTML, like Gecko) Chrome/41.0.2272.101 Safari/537.36" "-"
222.186.30.211 - - [09/Sep/2015:18:36:34 +0000] "POST http://123.249.24.233/POST_ip_port.php HTTP/1.0" 404 570 "http://123.249.24.233/POST_ip_port.phpAccept: */*" "Mozilla/4.0 (compatible; MSIE 9.0; Windows NT 6.1; 125LA; .NET CLR 2.0.50727; .NET CLR 3.0.04506.648; .NET CLR 3.5.21022)" "-"
222.186.31.145 - - [09/Sep/2015:18:47:48 +0000] "POST http://123.249.24.233/POST_ip_port.php HTTP/1.0" 404 570 "http://123.249.24.233/POST_ip_port.phpAccept: */*" "Mozilla/4.0 (compatible; MSIE 9.0; Windows NT 6.1; 125LA; .NET CLR 2.0.50727; .NET CLR 3.0.04506.648; .NET CLR 3.5.21022)" "-"
222.186.129.5 - - [09/Sep/2015:18:52:39 +0000] "POST http://123.249.24.233/POST_ip_port.php HTTP/1.1" 404 570 "http://123.249.24.233/POST_ip_port.phpAccept: */*" "Mozilla/4.0 (compatible; MSIE 9.0; Windows NT 6.1; 125LA; .NET CLR 2.0.50727; .NET CLR 3.0.04506.648; .NET CLR 3.5.21022)" "-"
222.186.31.145 - - [09/Sep/2015:19:04:59 +0000] "POST http://123.249.24.233/POST_ip_port.php HTTP/1.0" 404 570 "http://123.249.24.233/POST_ip_port.phpAccept: */*" "Mozilla/4.0 (compatible; MSIE 9.0; Windows NT 6.1; 125LA; .NET CLR 2.0.50727; .NET CLR 3.0.04506.648; .NET CLR 3.5.21022)" "-"
222.186.129.5 - - [09/Sep/2015:19:20:27 +0000] "POST http://123.249.24.233/POST_ip_port.php HTTP/1.1" 404 570 "http://123.249.24.233/POST_ip_port.phpAccept: */*" "Mozilla/4.0 (compatible; MSIE 9.0; Windows NT 6.1; 125LA; .NET CLR 2.0.50727; .NET CLR 3.0.04506.648; .NET CLR 3.5.21022)" "-"
52.88.174.163 - - [09/Sep/2015:19:34:58 +0000] "\x00\x00\x00\x00\x00\x00\x00\x00\x00\x00\x00\x00\x00\x00\x00\x00\x00\x00\x00\x00\x00\x00\x00\x00\x00\x00\x00\x00\x00\x00\x00\x00\x00\x00\x00\x00\x00\x00\x00\x00\x00\x00\x00\x00\x00\x00\x00\x00\x00\x00\x00\x00\x00\x00\x00\x00\x00\x00\x00\x00\x00\x00\x00\x00\x00\x00\x00\x00\x00\x00\x00\x00\x00\x00\x00\x00\x00\x00\x00\x00\x00\x00\x00\x00\x00\x00\x00\x00\x00\x00\x00\x00\x00\x00\x00\x00\x00\x00\x00\x00\x00\x00\x00\x00\x00\x00\x00\x00\x00\x00\x00\x00\x00\x00\x00\x00\x00\x00\x00\x00\x00\x00\x00\x00\x00\x00\x00\x00\x00\x00\x00\x00\x00\x00\x00\x00\x00\x00\x00\x00\x00\x00\x00\x00\x00\x00\x00\x00\x00\x00\x00\x00\x00\x00\x00\x00\x00\x00\x00\x00\x00\x00\x00\x00\x00\x00\x00\x00\x00\x00\x00\x00\x00\x00\x00\x00\x00\x00\x00\x00\x00\x00\x00\x00\x00\x00\x00\x00\x00\x00\x00\x00\x00\x00\x00\x00\x00\x00\x00\x00\x00\x00\x00\x00\x00\x00\x00\x00\x00\x00\x00\x00\x00\x00\x00\x00\x00\x00\x00\x00\x00\x00\x00\x00\x00\x00\x00\x00\x00\x00\x00\x00\x00\x00\x00\x00\x00\x00\x00\x00\x00\x00\x00\x00\x00\x00\x00\x00\x00\x00\x00\x00\x00\x00\x00\x00" 400 172 "-" "-" "-"
222.186.129.5 - - [09/Sep/2015:19:44:13 +0000] "POST http://123.249.24.233/POST_ip_port.php HTTP/1.1" 404 570 "http://123.249.24.233/POST_ip_port.phpAccept: */*" "Mozilla/4.0 (compatible; MSIE 9.0; Windows NT 6.1; 125LA; .NET CLR 2.0.50727; .NET CLR 3.0.04506.648; .NET CLR 3.5.21022)" "-"
111.20.248.74 - - [09/Sep/2015:19:46:49 +0000] "GET / HTTP/1.1" 403 0 "http://www.baidu.com" "Mozilla/5.0 (Windows NT 6.1; WOW64) AppleWebKit/537.36 (KHTML, like Gecko) Chrome/41.0.2272.101 Safari/537.36" "-"
111.20.248.74 - - [09/Sep/2015:19:46:49 +0000] "GET / HTTP/1.1" 403 0 "http://www.baidu.com" "Mozilla/5.0 (Windows NT 6.1; WOW64) AppleWebKit/537.36 (KHTML, like Gecko) Chrome/41.0.2272.101 Safari/537.36" "-"
111.20.248.74 - - [09/Sep/2015:19:46:49 +0000] "GET / HTTP/1.1" 403 0 "http://www.baidu.com" "Mozilla/5.0 (Windows NT 6.1; WOW64) AppleWebKit/537.36 (KHTML, like Gecko) Chrome/41.0.2272.101 Safari/537.36" "-"
222.186.129.5 - - [09/Sep/2015:19:53:49 +0000] "POST http://123.249.24.233/POST_ip_port.php HTTP/1.1" 404 570 "http://123.249.24.233/POST_ip_port.phpAccept: */*" "Mozilla/4.0 (compatible; MSIE 9.0; Windows NT 6.1; 125LA; .NET CLR 2.0.50727; .NET CLR 3.0.04506.648; .NET CLR 3.5.21022)" "-"
222.186.31.145 - - [09/Sep/2015:19:54:24 +0000] "POST http://123.249.24.233/POST_ip_port.php HTTP/1.0" 404 570 "http://123.249.24.233/POST_ip_port.phpAccept: */*" "Mozilla/4.0 (compatible; MSIE 9.0; Windows NT 6.1; 125LA; .NET CLR 2.0.50727; .NET CLR 3.0.04506.648; .NET CLR 3.5.21022)" "-"
222.186.31.145 - - [09/Sep/2015:20:05:21 +0000] "POST http://123.249.24.233/POST_ip_port.php HTTP/1.0" 404 570 "http://123.249.24.233/POST_ip_port.phpAccept: */*" "Mozilla/4.0 (compatible; MSIE 9.0; Windows NT 6.1; 125LA; .NET CLR 2.0.50727; .NET CLR 3.0.04506.648; .NET CLR 3.5.21022)" "-"
222.186.129.5 - - [09/Sep/2015:20:10:38 +0000] "POST http://123.249.24.233/POST_ip_port.php HTTP/1.1" 404 570 "http://123.249.24.233/POST_ip_port.phpAccept: */*" "Mozilla/4.0 (compatible; MSIE 9.0; Windows NT 6.1; 125LA; .NET CLR 2.0.50727; .NET CLR 3.0.04506.648; .NET CLR 3.5.21022)" "-"
222.186.30.211 - - [09/Sep/2015:20:16:38 +0000] "POST http://123.249.24.233/POST_ip_port.php HTTP/1.0" 404 570 "http://123.249.24.233/POST_ip_port.phpAccept: */*" "Mozilla/4.0 (compatible; MSIE 9.0; Windows NT 6.1; 125LA; .NET CLR 2.0.50727; .NET CLR 3.0.04506.648; .NET CLR 3.5.21022)" "-"
222.186.31.145 - - [09/Sep/2015:20:22:52 +0000] "POST http://123.249.24.233/POST_ip_port.php HTTP/1.0" 404 570 "http://123.249.24.233/POST_ip_port.phpAccept: */*" "Mozilla/4.0 (compatible; MSIE 9.0; Windows NT 6.1; 125LA; .NET CLR 2.0.50727; .NET CLR 3.0.04506.648; .NET CLR 3.5.21022)" "-"
222.186.129.5 - - [09/Sep/2015:20:43:53 +0000] "POST http://123.249.24.233/POST_ip_port.php HTTP/1.1" 404 570 "http://123.249.24.233/POST_ip_port.phpAccept: */*" "Mozilla/4.0 (compatible; MSIE 9.0; Windows NT 6.1; 125LA; .NET CLR 2.0.50727; .NET CLR 3.0.04506.648; .NET CLR 3.5.21022)" "-"
222.186.129.5 - - [09/Sep/2015:21:07:13 +0000] "POST http://123.249.24.233/POST_ip_port.php HTTP/1.1" 404 570 "http://123.249.24.233/POST_ip_port.phpAccept: */*" "Mozilla/4.0 (compatible; MSIE 9.0; Windows NT 6.1; 125LA; .NET CLR 2.0.50727; .NET CLR 3.0.04506.648; .NET CLR 3.5.21022)" "-"
222.186.30.211 - - [09/Sep/2015:21:07:24 +0000] "POST http://123.249.24.233/POST_ip_port.php HTTP/1.0" 404 570 "http://123.249.24.233/POST_ip_port.phpAccept: */*" "Mozilla/4.0 (compatible; MSIE 9.0; Windows NT 6.1; 125LA; .NET CLR 2.0.50727; .NET CLR 3.0.04506.648; .NET CLR 3.5.21022)" "-"
222.186.129.5 - - [09/Sep/2015:21:29:49 +0000] "POST http://123.249.24.233/POST_ip_port.php HTTP/1.1" 404 570 "http://123.249.24.233/POST_ip_port.phpAccept: */*" "Mozilla/4.0 (compatible; MSIE 9.0; Windows NT 6.1; 125LA; .NET CLR 2.0.50727; .NET CLR 3.0.04506.648; .NET CLR 3.5.21022)" "-"
222.186.30.211 - - [09/Sep/2015:21:29:49 +0000] "POST http://123.249.24.233/POST_ip_port.php HTTP/1.0" 404 570 "http://123.249.24.233/POST_ip_port.phpAccept: */*" "Mozilla/4.0 (compatible; MSIE 9.0; Windows NT 6.1; 125LA; .NET CLR 2.0.50727; .NET CLR 3.0.04506.648; .NET CLR 3.5.21022)" "-"
222.186.129.5 - - [09/Sep/2015:21:45:49 +0000] "POST http://123.249.24.233/POST_ip_port.php HTTP/1.1" 404 570 "http://123.249.24.233/POST_ip_port.phpAccept: */*" "Mozilla/4.0 (compatible; MSIE 9.0; Windows NT 6.1; 125LA; .NET CLR 2.0.50727; .NET CLR 3.0.04506.648; .NET CLR 3.5.21022)" "-"
222.186.30.211 - - [09/Sep/2015:21:46:26 +0000] "POST http://123.249.24.233/POST_ip_port.php HTTP/1.0" 404 570 "http://123.249.24.233/POST_ip_port.phpAccept: */*" "Mozilla/4.0 (compatible; MSIE 9.0; Windows NT 6.1; 125LA; .NET CLR 2.0.50727; .NET CLR 3.0.04506.648; .NET CLR 3.5.21022)" "-"
222.186.129.5 - - [09/Sep/2015:21:51:19 +0000] "POST http://123.249.24.233/POST_ip_port.php HTTP/1.1" 404 570 "http://123.249.24.233/POST_ip_port.phpAccept: */*" "Mozilla/4.0 (compatible; MSIE 9.0; Windows NT 6.1; 125LA; .NET CLR 2.0.50727; .NET CLR 3.0.04506.648; .NET CLR 3.5.21022)" "-"
